Archive member included to satisfy reference by file (symbol)

third_party/ST7789_Pico/libst7789_lib.a(st7789.cpp.obj)
                              CMakeFiles/platformer.dir/Pico/PicoRenderer.cpp.obj (st7789::ST7789::ST7789())
third_party/ST7789_Pico/libst7789_lib.a(st7789_hal.cpp.obj)
                              third_party/ST7789_Pico/libst7789_lib.a(st7789.cpp.obj) (st7789::HAL::~HAL())
third_party/ST7789_Pico/libst7789_lib.a(st7789_gfx.cpp.obj)
                              third_party/ST7789_Pico/libst7789_lib.a(st7789.cpp.obj) (st7789::Graphics::~Graphics())
third_party/ST7789_Pico/libst7789_lib.a(st7789_font.cpp.obj)
                              third_party/ST7789_Pico/libst7789_lib.a(st7789_gfx.cpp.obj) (font)
C:/Users/Nickd/.pico-sdk/toolchain/14_2_Rel1/bin/../lib/gcc/arm-none-eabi/14.2.1/thumb/v8-m.main+fp/softfp\libm.a(libm_a-wf_sqrt.o)
                              CMakeFiles/platformer.dir/C_/Users/Nickd/.pico-sdk/sdk/2.2.0/src/rp2_common/pico_float/float_math.c.obj (sqrtf)
C:/Users/Nickd/.pico-sdk/toolchain/14_2_Rel1/bin/../lib/gcc/arm-none-eabi/14.2.1/thumb/v8-m.main+fp/softfp\libm.a(libm_a-ef_sqrt.o)
                              C:/Users/Nickd/.pico-sdk/toolchain/14_2_Rel1/bin/../lib/gcc/arm-none-eabi/14.2.1/thumb/v8-m.main+fp/softfp\libm.a(libm_a-wf_sqrt.o) (__ieee754_sqrtf)
C:/Users/Nickd/.pico-sdk/toolchain/14_2_Rel1/bin/../lib/gcc/arm-none-eabi/14.2.1/thumb/v8-m.main+fp/softfp\libgcc.a(_arm_addsubdf3.o)
                              CMakeFiles/platformer.dir/C_/Users/Nickd/.pico-sdk/sdk/2.2.0/src/rp2_common/pico_float/float_math.c.obj (__aeabi_f2d)
C:/Users/Nickd/.pico-sdk/toolchain/14_2_Rel1/bin/../lib/gcc/arm-none-eabi/14.2.1/thumb/v8-m.main+fp/softfp\libgcc.a(_aeabi_ldivmod.o)
                              CMakeFiles/platformer.dir/Shared/game/enemy/EnemyProjectile.cpp.obj (__aeabi_ldivmod)
C:/Users/Nickd/.pico-sdk/toolchain/14_2_Rel1/bin/../lib/gcc/arm-none-eabi/14.2.1/thumb/v8-m.main+fp/softfp\libgcc.a(_aeabi_uldivmod.o)
                              CMakeFiles/platformer.dir/Pico/PicoTimer.cpp.obj (__aeabi_uldivmod)
C:/Users/Nickd/.pico-sdk/toolchain/14_2_Rel1/bin/../lib/gcc/arm-none-eabi/14.2.1/thumb/v8-m.main+fp/softfp\libgcc.a(_udivmoddi4.o)
                              C:/Users/Nickd/.pico-sdk/toolchain/14_2_Rel1/bin/../lib/gcc/arm-none-eabi/14.2.1/thumb/v8-m.main+fp/softfp\libgcc.a(_aeabi_ldivmod.o) (__udivmoddi4)
C:/Users/Nickd/.pico-sdk/toolchain/14_2_Rel1/bin/../lib/gcc/arm-none-eabi/14.2.1/thumb/v8-m.main+fp/softfp\libgcc.a(_dvmd_tls.o)
                              C:/Users/Nickd/.pico-sdk/toolchain/14_2_Rel1/bin/../lib/gcc/arm-none-eabi/14.2.1/thumb/v8-m.main+fp/softfp\libgcc.a(_aeabi_ldivmod.o) (__aeabi_ldiv0)
C:/Users/Nickd/.pico-sdk/toolchain/14_2_Rel1/bin/../lib/gcc/arm-none-eabi/14.2.1/thumb/v8-m.main+fp/softfp\libg.a(libc_a-atoi.o)
                              CMakeFiles/platformer.dir/Shared/game/level/Level.cpp.obj (atoi)
C:/Users/Nickd/.pico-sdk/toolchain/14_2_Rel1/bin/../lib/gcc/arm-none-eabi/14.2.1/thumb/v8-m.main+fp/softfp\libg.a(libc_a-calloc.o)
                              CMakeFiles/platformer.dir/C_/Users/Nickd/.pico-sdk/sdk/2.2.0/src/rp2_common/pico_malloc/malloc.c.obj (calloc)
C:/Users/Nickd/.pico-sdk/toolchain/14_2_Rel1/bin/../lib/gcc/arm-none-eabi/14.2.1/thumb/v8-m.main+fp/softfp\libg.a(libc_a-callocr.o)
                              C:/Users/Nickd/.pico-sdk/toolchain/14_2_Rel1/bin/../lib/gcc/arm-none-eabi/14.2.1/thumb/v8-m.main+fp/softfp\libg.a(libc_a-calloc.o) (_calloc_r)
C:/Users/Nickd/.pico-sdk/toolchain/14_2_Rel1/bin/../lib/gcc/arm-none-eabi/14.2.1/thumb/v8-m.main+fp/softfp\libg.a(libc_a-malloc.o)
                              CMakeFiles/platformer.dir/C_/Users/Nickd/.pico-sdk/sdk/2.2.0/src/rp2_common/pico_malloc/malloc.c.obj (malloc)
C:/Users/Nickd/.pico-sdk/toolchain/14_2_Rel1/bin/../lib/gcc/arm-none-eabi/14.2.1/thumb/v8-m.main+fp/softfp\libg.a(libc_a-mallocr.o)
                              C:/Users/Nickd/.pico-sdk/toolchain/14_2_Rel1/bin/../lib/gcc/arm-none-eabi/14.2.1/thumb/v8-m.main+fp/softfp\libg.a(libc_a-callocr.o) (_malloc_r)
C:/Users/Nickd/.pico-sdk/toolchain/14_2_Rel1/bin/../lib/gcc/arm-none-eabi/14.2.1/thumb/v8-m.main+fp/softfp\libg.a(libc_a-mlock.o)
                              C:/Users/Nickd/.pico-sdk/toolchain/14_2_Rel1/bin/../lib/gcc/arm-none-eabi/14.2.1/thumb/v8-m.main+fp/softfp\libg.a(libc_a-mallocr.o) (__malloc_lock)
C:/Users/Nickd/.pico-sdk/toolchain/14_2_Rel1/bin/../lib/gcc/arm-none-eabi/14.2.1/thumb/v8-m.main+fp/softfp\libg.a(libc_a-realloc.o)
                              CMakeFiles/platformer.dir/C_/Users/Nickd/.pico-sdk/sdk/2.2.0/src/rp2_common/pico_malloc/malloc.c.obj (realloc)
C:/Users/Nickd/.pico-sdk/toolchain/14_2_Rel1/bin/../lib/gcc/arm-none-eabi/14.2.1/thumb/v8-m.main+fp/softfp\libg.a(libc_a-reallocr.o)
                              C:/Users/Nickd/.pico-sdk/toolchain/14_2_Rel1/bin/../lib/gcc/arm-none-eabi/14.2.1/thumb/v8-m.main+fp/softfp\libg.a(libc_a-realloc.o) (_realloc_r)
[...]
Memory Configuration

Name             Origin             Length             Attributes
FLASH            0x10000000         0x00400000         xr
RAM              0x20000000         0x00080000         xrw
SCRATCH_X        0x20080000         0x00001000         xrw
SCRATCH_Y        0x20081000         0x00001000         xrw
*default*        0x00000000         0xffffffff

Linker script and memory map

LOAD C:/Users/Nickd/.pico-sdk/toolchain/14_2_Rel1/bin/../lib/gcc/arm-none-eabi/14.2.1/thumb/v8-m.main+fp/softfp/crti.o
LOAD C:/Users/Nickd/.pico-sdk/toolchain/14_2_Rel1/bin/../lib/gcc/arm-none-eabi/14.2.1/thumb/v8-m.main+fp/softfp/crtbegin.o
LOAD C:/Users/Nickd/.pico-sdk/toolchain/14_2_Rel1/bin/../lib/gcc/arm-none-eabi/14.2.1/thumb/v8-m.main+fp/softfp/crt0.o

.flash_begin    0x10000000        0x0
                0x10000000                        __flash_binary_start = .

.text           0x10000000     0xd5a0
                0x10000000                        __logical_binary_start = .
 *(.vectors)
 .vectors       0x10000000      0x124 CMakeFiles/platformer.dir/C_/Users/Nickd/.pico-sdk/sdk/2.2.0/src/rp2_common/pico_crt0/crt0.S.obj
                0x10000000                __VECTOR_TABLE
                0x10000000                __vectors
                0x10000110                __unhandled_user_irq
                0x10000110                isr_irq49
                0x10000110                isr_irq13
                0x10000110                isr_irq43
                0x10000110                isr_irq45
                0x10000110                isr_irq27
                0x10000110                isr_irq32
                0x10000110                isr_irq31
                0x10000110                isr_irq12
                0x10000110                isr_irq5
                0x10000110                isr_irq11
                0x10000110                isr_irq3
                0x10000110                isr_irq23
                0x10000110                isr_usagefault
                0x10000110                isr_irq48
                0x10000110                isr_irq30
                0x10000110                isr_irq18
                0x10000110                isr_irq50
                0x10000110                isr_irq33
                0x10000110                isr_irq40
                0x10000110                isr_irq28
                0x10000110                isr_irq19
                0x10000110                isr_irq36
                0x10000110                isr_irq41
                0x10000110                isr_irq0
                0x10000110                isr_irq6
                0x10000110                isr_irq26
                0x10000110                isr_irq29
                0x10000110                isr_memmanage
                0x10000110                isr_irq37
                0x10000110                isr_irq42
                0x10000110                isr_irq22
                0x10000110                isr_irq35
                0x10000110                isr_irq17
                0x10000110                isr_irq38
                0x10000110                isr_irq14
                0x10000110                __vectors_end
                0x10000110                __default_isrs_start
                0x10000110                isr_irq2
                0x10000110                isr_irq10
                0x10000110                isr_irq8
                0x10000110                isr_debugmonitor
                0x10000110                isr_irq24
                0x10000110                isr_irq46
                0x10000110                isr_irq1
                0x10000110                isr_irq47
                0x10000110                isr_irq51
                0x10000110                isr_irq7
                0x10000110                isr_irq21
                0x10000110                isr_irq39
                0x10000110                isr_irq20
                0x10000110                isr_irq15
                0x10000110                isr_irq25
                0x10000110                isr_irq34
                0x10000110                isr_irq44
                0x10000110                isr_securefault
                0x10000110                isr_irq4
                0x10000110                isr_busfault
                0x10000110                isr_irq16
                0x10000110                isr_irq9
                0x10000116                unhandled_user_irq_num_in_r0
                0x10000118                isr_invalid
                0x1000011a                isr_nmi
                0x1000011c                isr_hardfault
                0x1000011e                isr_svcall
                0x10000120                isr_pendsv
                0x10000122                isr_systick
                0x10000124                __default_isrs_end
 *(.binary_info_header)
 .binary_info_header
                0x10000124       0x14 CMakeFiles/platformer.dir/C_/Users/Nickd/.pico-sdk/sdk/2.2.0/src/rp2_common/pico_crt0/crt0.S.obj
                0x10000138                        __binary_info_header_end = .
 *(.embedded_block)
 .embedded_block
                0x10000138       0x14 CMakeFiles/platformer.dir/C_/Users/Nickd/.pico-sdk/sdk/2.2.0/src/rp2_common/pico_crt0/crt0.S.obj
                0x1000014c                        __embedded_block_end = .
 *(.reset)
 .reset         0x1000014c       0x98 CMakeFiles/platformer.dir/C_/Users/Nickd/.pico-sdk/sdk/2.2.0/src/rp2_common/pico_crt0/crt0.S.obj
                0x1000014c                _entry_point
 *(.init)
 .init          0x100001e4        0x4 C:/Users/Nickd/.pico-sdk/toolchain/14_2_Rel1/bin/../lib/gcc/arm-none-eabi/14.2.1/thumb/v8-m.main+fp/softfp/crti.o
                0x100001e4                _init
 SORT_BY_NAME(REVERSE(*libgcc.a:cmse_nonsecure_call.o))()
 *(EXCLUDE_FILE(*libm.a: *libc.a:*lib_a-mem*.o *libgcc.a:) .text*)
 .text.register_tm_clones
                0x100001e8       0x28 C:/Users/Nickd/.pico-sdk/toolchain/14_2_Rel1/bin/../lib/gcc/arm-none-eabi/14.2.1/thumb/v8-m.main+fp/softfp/crtbegin.o
 .text.frame_dummy
                0x10000210       0x24 C:/Users/Nickd/.pico-sdk/toolchain/14_2_Rel1/bin/../lib/gcc/arm-none-eabi/14.2.1/thumb/v8-m.main+fp/softfp/crtbegin.o
 .text._ZN4GameC2EP9IRendererP6IInputP8IHapticsP6ITimer
                0x10000234      0x2d4 CMakeFiles/platformer.dir/Shared/game/Game.cpp.obj
                0x10000234                Game::Game(IRenderer*, IInput*, IHaptics*, ITimer*)
                0x10000234                Game::Game(IRenderer*, IInput*, IHaptics*, ITimer*)
 .text._ZN4Game4initEv
                0x10000508      0x15c CMakeFiles/platformer.dir/Shared/game/Game.cpp.obj
                0x10000508                Game::init()
 .text._ZN4Game25resetAndSpawnEntitiesPicoEv
                0x10000664      0x36c CMakeFiles/platformer.dir/Shared/game/Game.cpp.obj
                0x10000664                Game::resetAndSpawnEntitiesPico()
 .text._ZN4Game28syncEntitiesFromCurrentLevelEPKc
                0x100009d0       0x28 CMakeFiles/platformer.dir/Shared/game/Game.cpp.obj
                0x100009d0                Game::syncEntitiesFromCurrentLevel(char const*)
 .text._ZN4Game9loadLevelEPKc
                0x100009f8       0xa4 CMakeFiles/platformer.dir/Shared/game/Game.cpp.obj
                0x100009f8                Game::loadLevel(char const*)
 .text._ZN4Game21checkPortalCollisionsEv
                0x10000a9c       0xac CMakeFiles/platformer.dir/Shared/game/Game.cpp.obj
                0x10000a9c                Game::checkPortalCollisions()
 .text._ZN4Game6updateEv
                0x10000b48      0xf40 CMakeFiles/platformer.dir/Shared/game/Game.cpp.obj
                0x10000b48                Game::update()
 .text._ZN4Game6renderEv
                0x10001a88      0x7f8 CMakeFiles/platformer.dir/Shared/game/Game.cpp.obj
                0x10001a88                Game::render()
 .text._ZN6PlayerC2Ev
                0x10002280       0x2c CMakeFiles/platformer.dir/Shared/game/player/Player.cpp.obj
                0x10002280                Player::Player()
                0x10002280                Player::Player()
 .text._ZN6Player6updateEf
                0x100022ac       0xa4 CMakeFiles/platformer.dir/Shared/game/player/Player.cpp.obj
                0x100022ac                Player::update(float)
 .text._ZNK6Player11getColliderEv
                0x10002350       0x18 CMakeFiles/platformer.dir/Shared/game/player/Player.cpp.obj
                0x10002350                Player::getCollider() const
 .text._ZN16PlayerControllerC2Ev
                0x10002368       0x10 CMakeFiles/platformer.dir/Shared/game/player/PlayerController.cpp.obj
                0x10002368                PlayerController::PlayerController()
                0x10002368                PlayerController::PlayerController()
 .text._ZN16PlayerController17handleDropThroughER6PlayerP6IInputf
                0x10002378       0x94 CMakeFiles/platformer.dir/Shared/game/player/PlayerController.cpp.obj
                0x10002378                PlayerController::handleDropThrough(Player&, IInput*, float)
 .text._ZN16PlayerController6updateER6PlayerP6IInputf
                0x1000240c      0x168 CMakeFiles/platformer.dir/Shared/game/player/PlayerController.cpp.obj
                0x1000240c                PlayerController::update(Player&, IInput*, float)
 .text._ZN10ProjectileC2E4Vec2b
                0x10002574       0x40 CMakeFiles/platformer.dir/Shared/game/projectile/Projectile.cpp.obj
                0x10002574                Projectile::Projectile(Vec2, bool)
                0x10002574                Projectile::Projectile(Vec2, bool)
 .text._ZN10Projectile6updateEf
                0x100025b4       0xa0 CMakeFiles/platformer.dir/Shared/game/projectile/Projectile.cpp.obj
                0x100025b4                Projectile::update(float)
 .text._ZNK10Projectile11getColliderEv
                0x10002654       0x18 CMakeFiles/platformer.dir/Shared/game/projectile/Projectile.cpp.obj
                0x10002654                Projectile::getCollider() const
 .text._ZN10BasicEnemyC2E4Vec2b
                0x1000266c       0x48 CMakeFiles/platformer.dir/Shared/game/enemy/BasicEnemy.cpp.obj
                0x1000266c                BasicEnemy::BasicEnemy(Vec2, bool)
                0x1000266c                BasicEnemy::BasicEnemy(Vec2, bool)
 .text._ZN10BasicEnemy10takeDamageEi
                0x100026b4       0x14 CMakeFiles/platformer.dir/Shared/game/enemy/BasicEnemy.cpp.obj
                0x100026b4                BasicEnemy::takeDamage(int)
 .text._ZNK10BasicEnemy11getColliderEv
                0x100026c8       0x18 CMakeFiles/platformer.dir/Shared/game/enemy/BasicEnemy.cpp.obj
                0x100026c8                BasicEnemy::getCollider() const
 .text._ZN10BasicEnemy18checkWallCollisionERK5Level
                0x100026e0       0xe8 CMakeFiles/platformer.dir/Shared/game/enemy/BasicEnemy.cpp.obj
                0x100026e0                BasicEnemy::checkWallCollision(Level const&)
 .text._ZN10BasicEnemy22resolveVerticalTerrainERK5Levell
                0x100027c8      0x1cc CMakeFiles/platformer.dir/Shared/game/enemy/BasicEnemy.cpp.obj
                0x100027c8                BasicEnemy::resolveVerticalTerrain(Level const&, long)
 .text._ZN10BasicEnemy6updateEfRK5Level
                0x10002994      0x11c CMakeFiles/platformer.dir/Shared/game/enemy/BasicEnemy.cpp.obj
                0x10002994                BasicEnemy::update(float, Level const&)
 .text._ZN11RangedEnemyC2E4Vec2b
                0x10002ab0       0x4c CMakeFiles/platformer.dir/Shared/game/enemy/RangedEnemy.cpp.obj
                0x10002ab0                RangedEnemy::RangedEnemy(Vec2, bool)
                0x10002ab0                RangedEnemy::RangedEnemy(Vec2, bool)
 .text._ZN11RangedEnemy10takeDamageEi
                0x10002afc       0x14 CMakeFiles/platformer.dir/Shared/game/enemy/RangedEnemy.cpp.obj
                0x10002afc                RangedEnemy::takeDamage(int)
 .text._ZNK11RangedEnemy11getColliderEv
                0x10002b10       0x18 CMakeFiles/platformer.dir/Shared/game/enemy/RangedEnemy.cpp.obj
                0x10002b10                RangedEnemy::getCollider() const
 .text._ZN11RangedEnemy18checkWallCollisionERK5Level
                0x10002b28       0xd8 CMakeFiles/platformer.dir/Shared/game/enemy/RangedEnemy.cpp.obj
                0x10002b28                RangedEnemy::checkWallCollision(Level const&)
 .text._ZN11RangedEnemy22resolveVerticalTerrainERK5Levell
                0x10002c00      0x1cc CMakeFiles/platformer.dir/Shared/game/enemy/RangedEnemy.cpp.obj
                0x10002c00                RangedEnemy::resolveVerticalTerrain(Level const&, long)
 .text._ZNK11RangedEnemy14hasLineOfSightE4Vec2RK5Level
                0x10002dcc       0xf0 CMakeFiles/platformer.dir/Shared/game/enemy/RangedEnemy.cpp.obj
                0x10002dcc                RangedEnemy::hasLineOfSight(Vec2, Level const&) const
 .text._ZN11RangedEnemy6updateEfRK5LevelRK6PlayerR10EntityPoolI15EnemyProjectileLj30EE
                0x10002ebc      0x29c CMakeFiles/platformer.dir/Shared/game/enemy/RangedEnemy.cpp.obj
                0x10002ebc                RangedEnemy::update(float, Level const&, Player const&, EntityPool<EnemyProjectile, 30u>&)
 .text._ZN9BossEnemyC2Ev
                0x10003158       0x18 CMakeFiles/platformer.dir/Shared/game/enemy/BossEnemy.cpp.obj
                0x10003158                BossEnemy::BossEnemy()
                0x10003158                BossEnemy::BossEnemy()
 .text._ZN9BossEnemyC2E4Vec28BossType
                0x10003170       0x2c CMakeFiles/platformer.dir/Shared/game/enemy/BossEnemy.cpp.obj
                0x10003170                BossEnemy::BossEnemy(Vec2, BossType)
                0x10003170                BossEnemy::BossEnemy(Vec2, BossType)
 .text._ZN9BossEnemy6updateEfRK5LevelRK6Player
                0x1000319c        0x4 CMakeFiles/platformer.dir/Shared/game/enemy/BossEnemy.cpp.obj
                0x1000319c                BossEnemy::update(float, Level const&, Player const&)
 .text._ZN9BossEnemy10takeDamageEi
                0x100031a0       0x1c CMakeFiles/platformer.dir/Shared/game/enemy/BossEnemy.cpp.obj
                0x100031a0                BossEnemy::takeDamage(int)
 .text._ZNK9BossEnemy11getColliderEv
                0x100031bc       0x18 CMakeFiles/platformer.dir/Shared/game/enemy/BossEnemy.cpp.obj
                0x100031bc                BossEnemy::getCollider() const
 .text._ZNK9BossEnemy17computeArenaWallsEP4Rect
                0x100031d4       0x4c CMakeFiles/platformer.dir/Shared/game/enemy/BossEnemy.cpp.obj
                0x100031d4                BossEnemy::computeArenaWalls(Rect*) const
 .text._ZN15EnemyProjectileC2E4Vec2S0_
                0x10003220      0x1b8 CMakeFiles/platformer.dir/Shared/game/enemy/EnemyProjectile.cpp.obj
                0x10003220                EnemyProjectile::EnemyProjectile(Vec2, Vec2)
                0x10003220                EnemyProjectile::EnemyProjectile(Vec2, Vec2)
 .text._ZN15EnemyProjectile6updateEf
                0x100033d8       0xa0 CMakeFiles/platformer.dir/Shared/game/enemy/EnemyProjectile.cpp.obj
                0x100033d8                EnemyProjectile::update(float)
 .text._ZNK15EnemyProjectile11getColliderEv
                0x10003478       0x18 CMakeFiles/platformer.dir/Shared/game/enemy/EnemyProjectile.cpp.obj
                0x10003478                EnemyProjectile::getCollider() const
 .text._ZN10HealthPackC2E4Vec2
                0x10003490       0x2c CMakeFiles/platformer.dir/Shared/game/healthpack/HealthPack.cpp.obj
                0x10003490                HealthPack::HealthPack(Vec2)
                0x10003490                HealthPack::HealthPack(Vec2)
 .text._ZN10HealthPack6updateEf
                0x100034bc       0x4c CMakeFiles/platformer.dir/Shared/game/healthpack/HealthPack.cpp.obj
                0x100034bc                HealthPack::update(float)
 .text._ZNK10HealthPack6renderEP9IRendereriii
                0x10003508       0x74 CMakeFiles/platformer.dir/Shared/game/healthpack/HealthPack.cpp.obj
                0x10003508                HealthPack::render(IRenderer*, int, int, int) const
 .text._ZNK10HealthPack11getColliderEv
                0x1000357c       0x18 CMakeFiles/platformer.dir/Shared/game/healthpack/HealthPack.cpp.obj
                0x1000357c                HealthPack::getCollider() const
 .text._ZN9ObjectiveC2E4Vec213ObjectiveType
                0x10003594       0x28 CMakeFiles/platformer.dir/Shared/game/objective/Objective.cpp.obj
                0x10003594                Objective::Objective(Vec2, ObjectiveType)
                0x10003594                Objective::Objective(Vec2, ObjectiveType)
 .text._ZNK9Objective6renderEP9IRendereriii
                0x100035bc       0x70 CMakeFiles/platformer.dir/Shared/game/objective/Objective.cpp.obj
                0x100035bc                Objective::render(IRenderer*, int, int, int) const
 .text._ZNK9Objective11getColliderEv
                0x1000362c       0x18 CMakeFiles/platformer.dir/Shared/game/objective/Objective.cpp.obj
                0x1000362c                Objective::getCollider() const
 .text._ZN7Physics12applyGravityER6Playerf
                0x10003644       0x2c CMakeFiles/platformer.dir/Shared/game/physics/Physics.cpp.obj
                0x10003644                Physics::applyGravity(Player&, float)
 .text._ZN7Physics13clampVelocityER6Player
                0x10003670       0x30 CMakeFiles/platformer.dir/Shared/game/physics/Physics.cpp.obj
                0x10003670                Physics::clampVelocity(Player&)
 .text._ZN9Collision15resolveVerticalER6PlayerRK5Levell
                0x100036a0      0x2ec CMakeFiles/platformer.dir/Shared/game/physics/Collision.cpp.obj
                0x100036a0                Collision::resolveVertical(Player&, Level const&, long)
 .text._ZN9Collision17resolveHorizontalER6PlayerRK5Level
                0x1000398c       0xe0 CMakeFiles/platformer.dir/Shared/game/physics/Collision.cpp.obj
                0x1000398c                Collision::resolveHorizontal(Player&, Level const&)
 .text._ZN9Collision17resolveArenaWallsER6PlayerPK4Rectj
                0x10003a6c       0xe4 CMakeFiles/platformer.dir/Shared/game/physics/Collision.cpp.obj
                0x10003a6c                Collision::resolveArenaWalls(Player&, Rect const*, unsigned int)
 .text._ZN9Collision28checkProjectileTileCollisionERK10ProjectileRK5Level
                0x10003b50       0xa4 CMakeFiles/platformer.dir/Shared/game/physics/Collision.cpp.obj
                0x10003b50                Collision::checkProjectileTileCollision(Projectile const&, Level const&)
 .text._ZN9Collision33checkEnemyProjectileTileCollisionERK15EnemyProjectileRK5Level
                0x10003bf4       0xa4 CMakeFiles/platformer.dir/Shared/game/physics/Collision.cpp.obj
                0x10003bf4                Collision::checkEnemyProjectileTileCollision(EnemyProjectile const&, Level const&)
 .text._ZNK5Level9getTileIdEii
                0x10003c98       0x34 CMakeFiles/platformer.dir/Shared/game/level/Level.cpp.obj
                0x10003c98                Level::getTileId(int, int) const
 .text._ZNK5Level7isSolidEii
                0x10003ccc       0x50 CMakeFiles/platformer.dir/Shared/game/level/Level.cpp.obj
                0x10003ccc                Level::isSolid(int, int) const
 .text._ZNK5Level10isPlatformEii
                0x10003d1c       0x3c CMakeFiles/platformer.dir/Shared/game/level/Level.cpp.obj
                0x10003d1c                Level::isPlatform(int, int) const
 .text._ZN5Level18loadFromBinaryDataEPKaiiPK13LevelMetadata
                0x10003d58      0x320 CMakeFiles/platformer.dir/Shared/game/level/Level.cpp.obj
                0x10003d58                Level::loadFromBinaryData(signed char const*, int, int, LevelMetadata const*)
 .text._ZN5Level13loadTestLevelEv
                0x10004078       0xb0 CMakeFiles/platformer.dir/Shared/game/level/Level.cpp.obj
                0x10004078                Level::loadTestLevel()
 .text._ZN5LevelC2Ev
                0x10004128       0x6c CMakeFiles/platformer.dir/Shared/game/level/Level.cpp.obj
                0x10004128                Level::Level()
                0x10004128                Level::Level()
 .text._ZN6CameraC2Eii
                0x10004194       0x14 CMakeFiles/platformer.dir/Shared/game/level/Camera.cpp.obj
                0x10004194                Camera::Camera(int, int)
                0x10004194                Camera::Camera(int, int)
 .text._ZN6Camera6followERK6PlayerRK5Level
                0x100041a8       0xd0 CMakeFiles/platformer.dir/Shared/game/level/Camera.cpp.obj
                0x100041a8                Camera::follow(Player const&, Level const&)
 .text.startup.main
                0x10004278       0x70 CMakeFiles/platformer.dir/Pico/main_pico.cpp.obj
                0x10004278                main
 .text._ZNK12PicoRenderer14getScreenWidthEv
                0x100042e8        0x8 CMakeFiles/platformer.dir/Pico/PicoRenderer.cpp.obj
                0x100042e8                PicoRenderer::getScreenWidth() const
 .text._ZNK12PicoRenderer15getScreenHeightEv
                0x100042f0        0x4 CMakeFiles/platformer.dir/Pico/PicoRenderer.cpp.obj
                0x100042f0                PicoRenderer::getScreenHeight() const
 .text._ZN12PicoRenderer5clearE5Color
                0x100042f4       0x3c CMakeFiles/platformer.dir/Pico/PicoRenderer.cpp.obj
                0x100042f4                PicoRenderer::clear(Color)
 .text._ZN12PicoRenderer8drawRectERK4Rect5Colorb
                0x10004330      0x280 CMakeFiles/platformer.dir/Pico/PicoRenderer.cpp.obj
                0x10004330                PicoRenderer::drawRect(Rect const&, Color, bool)
 .text._ZN12PicoRenderer10drawSpriteEiRK4RectS2_b
                0x100045b0      0x384 CMakeFiles/platformer.dir/Pico/PicoRenderer.cpp.obj
                0x100045b0                PicoRenderer::drawSprite(int, Rect const&, Rect const&, bool)
 .text._ZN12PicoRenderer8endFrameEv
                0x10004934       0x20 CMakeFiles/platformer.dir/Pico/PicoRenderer.cpp.obj
                0x10004934                PicoRenderer::endFrame()
 .text._ZN12PicoRenderer11loadTextureEPKc
                0x10004954      0x170 CMakeFiles/platformer.dir/Pico/PicoRenderer.cpp.obj
                0x10004954                PicoRenderer::loadTexture(char const*)
 .text._ZN12PicoRenderer10beginFrameEv
                0x10004ac4       0x34 CMakeFiles/platformer.dir/Pico/PicoRenderer.cpp.obj
                0x10004ac4                PicoRenderer::beginFrame()
 .text._ZN12PicoRendererC2Ev
                0x10004af8      0x344 CMakeFiles/platformer.dir/Pico/PicoRenderer.cpp.obj
                0x10004af8                PicoRenderer::PicoRenderer()
                0x10004af8                PicoRenderer::PicoRenderer()
 .text._ZN12PicoRenderer21blitTransparentPixelsEPKtiiiib
                0x10004e3c      0x184 CMakeFiles/platformer.dir/Pico/PicoRenderer.cpp.obj
                0x10004e3c                PicoRenderer::blitTransparentPixels(unsigned short const*, int, int, int, int, bool)
 .text._ZN12PicoRenderer8drawTileEiiaiii
                0x10004fc0       0xc4 CMakeFiles/platformer.dir/Pico/PicoRenderer.cpp.obj
                0x10004fc0                PicoRenderer::drawTile(int, int, signed char, int, int, int)
 .text._ZN12PicoRenderer8drawTextEPKcii5Color
                0x10005084      0x158 CMakeFiles/platformer.dir/Pico/PicoRenderer.cpp.obj
                0x10005084                PicoRenderer::drawText(char const*, int, int, Color)
 .text._ZN12PicoRenderer15drawSpriteFrameEiiiiRK4Rectb
                0x100051dc       0x50 CMakeFiles/platformer.dir/Pico/PicoRenderer.cpp.obj
                0x100051dc                PicoRenderer::drawSpriteFrame(int, int, int, int, Rect const&, bool)
 .text._ZN12PicoRendererD2Ev
                0x1000522c       0x24 CMakeFiles/platformer.dir/Pico/PicoRenderer.cpp.obj
                0x1000522c                PicoRenderer::~PicoRenderer()
                0x1000522c                PicoRenderer::~PicoRenderer()
 .text._ZN12PicoRendererD0Ev
                0x10005250       0x30 CMakeFiles/platformer.dir/Pico/PicoRenderer.cpp.obj
                0x10005250                PicoRenderer::~PicoRenderer()
 .text._ZNK9PicoInput9isPressedE6Button
                0x10005280       0x10 CMakeFiles/platformer.dir/Pico/PicoInput.cpp.obj
                0x10005280                PicoInput::isPressed(Button) const
 .text._ZNK9PicoInput14wasJustPressedE6Button
                0x10005290       0x20 CMakeFiles/platformer.dir/Pico/PicoInput.cpp.obj
                0x10005290                PicoInput::wasJustPressed(Button) const
 .text._ZNK9PicoInput15wasJustReleasedE6Button
                0x100052b0       0x1c CMakeFiles/platformer.dir/Pico/PicoInput.cpp.obj
                0x100052b0                PicoInput::wasJustReleased(Button) const
 .text._ZN9PicoInputD2Ev
                0x100052cc        0x4 CMakeFiles/platformer.dir/Pico/PicoInput.cpp.obj
                0x100052cc                PicoInput::~PicoInput()
                0x100052cc                PicoInput::~PicoInput()
 .text._ZN9PicoInput6updateEv
                0x100052d0      0x144 CMakeFiles/platformer.dir/Pico/PicoInput.cpp.obj
                0x100052d0                PicoInput::update()
 .text._ZN9PicoInputD0Ev
                0x10005414       0x10 CMakeFiles/platformer.dir/Pico/PicoInput.cpp.obj
                0x10005414                PicoInput::~PicoInput()
 .text._ZN9PicoInputC2Ev
                0x10005424       0x78 CMakeFiles/platformer.dir/Pico/PicoInput.cpp.obj
                0x10005424                PicoInput::PicoInput()
                0x10005424                PicoInput::PicoInput()
 .text._ZN11PicoHapticsD2Ev
                0x1000549c        0x4 CMakeFiles/platformer.dir/Pico/PicoHaptics.cpp.obj
                0x1000549c                PicoHaptics::~PicoHaptics()
                0x1000549c                PicoHaptics::~PicoHaptics()
 .text._ZN11PicoHaptics7triggerE12HapticEffecti
                0x100054a0       0x64 CMakeFiles/platformer.dir/Pico/PicoHaptics.cpp.obj
                0x100054a0                PicoHaptics::trigger(HapticEffect, int)
 .text._ZN11PicoHaptics4stopEv
                0x10005504       0x28 CMakeFiles/platformer.dir/Pico/PicoHaptics.cpp.obj
                0x10005504                PicoHaptics::stop()
 .text._ZN11PicoHapticsD0Ev
                0x1000552c       0x10 CMakeFiles/platformer.dir/Pico/PicoHaptics.cpp.obj
                0x1000552c                PicoHaptics::~PicoHaptics()
 .text._ZN11PicoHapticsC2Ev
                0x1000553c      0x12c CMakeFiles/platformer.dir/Pico/PicoHaptics.cpp.obj
                0x1000553c                PicoHaptics::PicoHaptics()
                0x1000553c                PicoHaptics::PicoHaptics()
 .text._ZNK9PicoTimer12getDeltaTimeEv
                0x10005668        0x4 CMakeFiles/platformer.dir/Pico/PicoTimer.cpp.obj
                0x10005668                PicoTimer::getDeltaTime() const
 .text._ZNK9PicoTimer8getTicksEv
                0x1000566c        0x8 CMakeFiles/platformer.dir/Pico/PicoTimer.cpp.obj
                0x1000566c                PicoTimer::getTicks() const
 .text._ZN9PicoTimerD2Ev
                0x10005674        0x4 CMakeFiles/platformer.dir/Pico/PicoTimer.cpp.obj
                0x10005674                PicoTimer::~PicoTimer()
                0x10005674                PicoTimer::~PicoTimer()
 .text._ZN9PicoTimer6updateEv
                0x10005678       0x6c CMakeFiles/platformer.dir/Pico/PicoTimer.cpp.obj
                0x10005678                PicoTimer::update()
 .text._ZN9PicoTimerD0Ev
                0x100056e4       0x10 CMakeFiles/platformer.dir/Pico/PicoTimer.cpp.obj
                0x100056e4                PicoTimer::~PicoTimer()
 *fill*         0x100056f4        0x4 
 .text._ZN9PicoTimerC2Ev
                0x100056f8       0x28 CMakeFiles/platformer.dir/Pico/PicoTimer.cpp.obj
                0x100056f8                PicoTimer::PicoTimer()
                0x100056f8                PicoTimer::PicoTimer()
 .text.gpio_set_function
                0x10005720       0x3c CMakeFiles/platformer.dir/C_/Users/Nickd/.pico-sdk/sdk/2.2.0/src/rp2_common/hardware_gpio/gpio.c.obj
                0x10005720                gpio_set_function
 .text.gpio_set_pulls
                0x1000575c       0x28 CMakeFiles/platformer.dir/C_/Users/Nickd/.pico-sdk/sdk/2.2.0/src/rp2_common/hardware_gpio/gpio.c.obj
                0x1000575c                gpio_set_pulls
 .text.gpio_set_input_enabled
                0x10005784       0x20 CMakeFiles/platformer.dir/C_/Users/Nickd/.pico-sdk/sdk/2.2.0/src/rp2_common/hardware_gpio/gpio.c.obj
                0x10005784                gpio_set_input_enabled
 .text.gpio_init
                0x100057a4       0x48 CMakeFiles/platformer.dir/C_/Users/Nickd/.pico-sdk/sdk/2.2.0/src/rp2_common/hardware_gpio/gpio.c.obj
                0x100057a4                gpio_init
 .text.panic    0x100057ec       0x30 CMakeFiles/platformer.dir/C_/Users/Nickd/.pico-sdk/sdk/2.2.0/src/rp2_common/pico_platform_panic/panic.c.obj
                0x100057ec                panic
 .text.hw_claim_or_assert
                0x1000581c       0x58 CMakeFiles/platformer.dir/C_/Users/Nickd/.pico-sdk/sdk/2.2.0/src/common/hardware_claim/claim.c.obj
                0x1000581c                hw_claim_or_assert
 .text.hw_claim_unused_from_range
                0x10005874       0x80 CMakeFiles/platformer.dir/C_/Users/Nickd/.pico-sdk/sdk/2.2.0/src/common/hardware_claim/claim.c.obj
                0x10005874                hw_claim_unused_from_range
 .text.hw_claim_clear
                0x100058f4       0x50 CMakeFiles/platformer.dir/C_/Users/Nickd/.pico-sdk/sdk/2.2.0/src/common/hardware_claim/claim.c.obj
                0x100058f4                hw_claim_clear
 .text.next_striped_spin_lock_num
                0x10005944       0x18 CMakeFiles/platformer.dir/C_/Users/Nickd/.pico-sdk/sdk/2.2.0/src/rp2_common/hardware_sync/sync.c.obj
                0x10005944                next_striped_spin_lock_num
 .text.spin_lock_claim_unused
                0x1000595c       0x20 CMakeFiles/platformer.dir/C_/Users/Nickd/.pico-sdk/sdk/2.2.0/src/rp2_common/hardware_sync/sync.c.obj
                0x1000595c                spin_lock_claim_unused
 .text.spinlock_set_extexclall
                0x1000597c       0x10 CMakeFiles/platformer.dir/C_/Users/Nickd/.pico-sdk/sdk/2.2.0/src/rp2_common/hardware_sync_spin_lock/sync_spin_lock.c.obj
 .text.spin_locks_reset
                0x1000598c       0x18 CMakeFiles/platformer.dir/C_/Users/Nickd/.pico-sdk/sdk/2.2.0/src/rp2_common/hardware_sync_spin_lock/sync_spin_lock.c.obj
                0x1000598c                spin_locks_reset
 .text.runtime_init_per_core_irq_priorities
                0x100059a4       0x40 CMakeFiles/platformer.dir/C_/Users/Nickd/.pico-sdk/sdk/2.2.0/src/rp2_common/hardware_irq/irq.c.obj
                0x100059a4                runtime_init_per_core_irq_priorities
 .text.irq_set_enabled
                0x100059e4       0x2c CMakeFiles/platformer.dir/C_/Users/Nickd/.pico-sdk/sdk/2.2.0/src/rp2_common/hardware_irq/irq.c.obj
                0x100059e4                irq_set_enabled
 .text.irq_is_enabled
                0x10005a10       0x20 CMakeFiles/platformer.dir/C_/Users/Nickd/.pico-sdk/sdk/2.2.0/src/rp2_common/hardware_irq/irq.c.obj
                0x10005a10                irq_is_enabled
 .text.irq_set_pending
                0x10005a30       0x18 CMakeFiles/platformer.dir/C_/Users/Nickd/.pico-sdk/sdk/2.2.0/src/rp2_common/hardware_irq/irq.c.obj
                0x10005a30                irq_set_pending
 .text.irq_has_shared_handler
                0x10005a48       0x20 CMakeFiles/platformer.dir/C_/Users/Nickd/.pico-sdk/sdk/2.2.0/src/rp2_common/hardware_irq/irq.c.obj
                0x10005a48                irq_has_shared_handler
 .text.irq_set_exclusive_handler
                0x10005a68       0x60 CMakeFiles/platformer.dir/C_/Users/Nickd/.pico-sdk/sdk/2.2.0/src/rp2_common/hardware_irq/irq.c.obj
                0x10005a68                irq_set_exclusive_handler
 .text.irq_add_shared_handler
                0x10005ac8      0x1e8 CMakeFiles/platformer.dir/C_/Users/Nickd/.pico-sdk/sdk/2.2.0/src/rp2_common/hardware_irq/irq.c.obj
                0x10005ac8                irq_add_shared_handler
 .text.irq_add_tail_to_free_list
                0x10005cb0       0xbc CMakeFiles/platformer.dir/C_/Users/Nickd/.pico-sdk/sdk/2.2.0/src/rp2_common/hardware_irq/irq.c.obj
                0x10005cb0                irq_add_tail_to_free_list
 .text.user_irq_claim_unused
                0x10005d6c       0x28 CMakeFiles/platformer.dir/C_/Users/Nickd/.pico-sdk/sdk/2.2.0/src/rp2_common/hardware_irq/irq.c.obj
                0x10005d6c                user_irq_claim_unused
 .text.lock_init
                0x10005d94        0xc CMakeFiles/platformer.dir/C_/Users/Nickd/.pico-sdk/sdk/2.2.0/src/common/pico_sync/lock_core.c.obj
                0x10005d94                lock_init
 .text.runtime_init_mutex
                0x10005da0       0x4c CMakeFiles/platformer.dir/C_/Users/Nickd/.pico-sdk/sdk/2.2.0/src/common/pico_sync/mutex.c.obj
                0x10005da0                runtime_init_mutex
 .text.mutex_init
                0x10005dec       0x1c CMakeFiles/platformer.dir/C_/Users/Nickd/.pico-sdk/sdk/2.2.0/src/common/pico_sync/mutex.c.obj
                0x10005dec                mutex_init
 .text.critical_section_init
                0x10005e08       0x1c CMakeFiles/platformer.dir/C_/Users/Nickd/.pico-sdk/sdk/2.2.0/src/common/pico_sync/critical_section.c.obj
                0x10005e08                critical_section_init
 .text.critical_section_init_with_lock_num
                0x10005e24       0x10 CMakeFiles/platformer.dir/C_/Users/Nickd/.pico-sdk/sdk/2.2.0/src/common/pico_sync/critical_section.c.obj
                0x10005e24                critical_section_init_with_lock_num
 .text.sleep_until_callback
                0x10005e34       0x3c CMakeFiles/platformer.dir/C_/Users/Nickd/.pico-sdk/sdk/2.2.0/src/common/pico_time/time.c.obj
 .text.alarm_pool_irq_handler
                0x10005e70      0x2f0 CMakeFiles/platformer.dir/C_/Users/Nickd/.pico-sdk/sdk/2.2.0/src/common/pico_time/time.c.obj
 .text.runtime_init_default_alarm_pool
                0x10006160      0x100 CMakeFiles/platformer.dir/C_/Users/Nickd/.pico-sdk/sdk/2.2.0/src/common/pico_time/time.c.obj
                0x10006160                runtime_init_default_alarm_pool
 .text.alarm_pool_get_default
                0x10006260        0x8 CMakeFiles/platformer.dir/C_/Users/Nickd/.pico-sdk/sdk/2.2.0/src/common/pico_time/time.c.obj
                0x10006260                alarm_pool_get_default
 .text.alarm_pool_add_alarm_at
                0x10006268       0xdc CMakeFiles/platformer.dir/C_/Users/Nickd/.pico-sdk/sdk/2.2.0/src/common/pico_time/time.c.obj
                0x10006268                alarm_pool_add_alarm_at
 .text.alarm_pool_add_alarm_at_force_in_context
                0x10006344       0xc8 CMakeFiles/platformer.dir/C_/Users/Nickd/.pico-sdk/sdk/2.2.0/src/common/pico_time/time.c.obj
                0x10006344                alarm_pool_add_alarm_at_force_in_context
 .text.alarm_pool_cancel_alarm
                0x1000640c       0x80 CMakeFiles/platformer.dir/C_/Users/Nickd/.pico-sdk/sdk/2.2.0/src/common/pico_time/time.c.obj
                0x1000640c                alarm_pool_cancel_alarm
 .text.alarm_pool_core_num
                0x1000648c        0x4 CMakeFiles/platformer.dir/C_/Users/Nickd/.pico-sdk/sdk/2.2.0/src/common/pico_time/time.c.obj
                0x1000648c                alarm_pool_core_num
 .text.sleep_ms
                0x10006490       0xdc CMakeFiles/platformer.dir/C_/Users/Nickd/.pico-sdk/sdk/2.2.0/src/common/pico_time/time.c.obj
                0x10006490                sleep_ms
 .text.best_effort_wfe_or_timeout
                0x1000656c       0xd4 CMakeFiles/platformer.dir/C_/Users/Nickd/.pico-sdk/sdk/2.2.0/src/common/pico_time/time.c.obj
                0x1000656c                best_effort_wfe_or_timeout
 .text.timer_hardware_alarm_claim
                0x10006640       0x24 CMakeFiles/platformer.dir/C_/Users/Nickd/.pico-sdk/sdk/2.2.0/src/rp2_common/hardware_timer/timer.c.obj
                0x10006640                timer_hardware_alarm_claim
 .text.timer_time_us_64
                0x10006664       0x10 CMakeFiles/platformer.dir/C_/Users/Nickd/.pico-sdk/sdk/2.2.0/src/rp2_common/hardware_timer/timer.c.obj
                0x10006664                timer_time_us_64
 .text.time_us_64
                0x10006674       0x14 CMakeFiles/platformer.dir/C_/Users/Nickd/.pico-sdk/sdk/2.2.0/src/rp2_common/hardware_timer/timer.c.obj
                0x10006674                time_us_64
 .text.busy_wait_until
                0x10006688       0x24 CMakeFiles/platformer.dir/C_/Users/Nickd/.pico-sdk/sdk/2.2.0/src/rp2_common/hardware_timer/timer.c.obj
                0x10006688                busy_wait_until
 .text.clock_configure_undivided
                0x100066ac       0xd0 CMakeFiles/platformer.dir/C_/Users/Nickd/.pico-sdk/sdk/2.2.0/src/rp2_common/hardware_clocks/clocks.c.obj
                0x100066ac                clock_configure_undivided
 .text.clock_get_hz
                0x1000677c        0xc CMakeFiles/platformer.dir/C_/Users/Nickd/.pico-sdk/sdk/2.2.0/src/rp2_common/hardware_clocks/clocks.c.obj
                0x1000677c                clock_get_hz
 .text.pll_init
                0x10006788       0x8c CMakeFiles/platformer.dir/C_/Users/Nickd/.pico-sdk/sdk/2.2.0/src/rp2_common/hardware_pll/pll.c.obj
                0x10006788                pll_init
 .text.watchdog_reboot
                0x10006814       0x98 CMakeFiles/platformer.dir/C_/Users/Nickd/.pico-sdk/sdk/2.2.0/src/rp2_common/hardware_watchdog/watchdog.c.obj
                0x10006814                watchdog_reboot
 .text.tick_start
                0x100068ac       0x18 CMakeFiles/platformer.dir/C_/Users/Nickd/.pico-sdk/sdk/2.2.0/src/rp2_common/hardware_ticks/ticks.c.obj
                0x100068ac                tick_start
 .text.rom_reboot.constprop.0.isra.0
                0x100068c4       0x34 CMakeFiles/platformer.dir/C_/Users/Nickd/.pico-sdk/sdk/2.2.0/src/rp2_common/pico_bootrom/bootrom.c.obj
 .text.rom_func_lookup
                0x100068f8       0x18 CMakeFiles/platformer.dir/C_/Users/Nickd/.pico-sdk/sdk/2.2.0/src/rp2_common/pico_bootrom/bootrom.c.obj
                0x100068f8                rom_func_lookup
 .text.rom_reset_usb_boot_extra
                0x10006910       0x1c CMakeFiles/platformer.dir/C_/Users/Nickd/.pico-sdk/sdk/2.2.0/src/rp2_common/pico_bootrom/bootrom.c.obj
                0x10006910                rom_reset_usb_boot_extra
 .text.runtime_init_bootrom_locking_enable
                0x1000692c       0x14 CMakeFiles/platformer.dir/C_/Users/Nickd/.pico-sdk/sdk/2.2.0/src/rp2_common/pico_bootrom/bootrom_lock.c.obj
                0x1000692c                runtime_init_bootrom_locking_enable
 .text.runtime_init_boot_locks_reset
                0x10006940       0x1c CMakeFiles/platformer.dir/C_/Users/Nickd/.pico-sdk/sdk/2.2.0/src/rp2_common/hardware_boot_lock/boot_lock.c.obj
                0x10006940                runtime_init_boot_locks_reset
 .text.xosc_init
                0x1000695c       0x30 CMakeFiles/platformer.dir/C_/Users/Nickd/.pico-sdk/sdk/2.2.0/src/rp2_common/hardware_xosc/xosc.c.obj
                0x1000695c                xosc_init
 .text.first_per_core_initializer
                0x1000698c        0x4 CMakeFiles/platformer.dir/C_/Users/Nickd/.pico-sdk/sdk/2.2.0/src/rp2_common/pico_runtime/runtime.c.obj
 .text.hard_assertion_failure
                0x10006990        0xc CMakeFiles/platformer.dir/C_/Users/Nickd/.pico-sdk/sdk/2.2.0/src/rp2_common/pico_runtime/runtime.c.obj
                0x10006990                hard_assertion_failure
 .text.runtime_run_initializers
                0x1000699c       0x20 CMakeFiles/platformer.dir/C_/Users/Nickd/.pico-sdk/sdk/2.2.0/src/rp2_common/pico_runtime/runtime.c.obj
                0x1000699c                runtime_run_initializers
 .text.runtime_init_early_resets
                0x100069bc       0x34 CMakeFiles/platformer.dir/C_/Users/Nickd/.pico-sdk/sdk/2.2.0/src/rp2_common/pico_runtime_init/runtime_init.c.obj
                0x100069bc                runtime_init_early_resets
 .text.runtime_init_usb_power_down
                0x100069f0       0x1c CMakeFiles/platformer.dir/C_/Users/Nickd/.pico-sdk/sdk/2.2.0/src/rp2_common/pico_runtime_init/runtime_init.c.obj
                0x100069f0                runtime_init_usb_power_down
 .text.runtime_init_per_core_enable_coprocessors
                0x10006a0c       0x1c CMakeFiles/platformer.dir/C_/Users/Nickd/.pico-sdk/sdk/2.2.0/src/rp2_common/pico_runtime_init/runtime_init.c.obj
                0x10006a0c                runtime_init_per_core_enable_coprocessors
 .text.runtime_init_post_clock_resets
                0x10006a28       0x20 CMakeFiles/platformer.dir/C_/Users/Nickd/.pico-sdk/sdk/2.2.0/src/rp2_common/pico_runtime_init/runtime_init.c.obj
                0x10006a28                runtime_init_post_clock_resets
 .text.runtime_init_bootrom_reset
                0x10006a48       0x14 CMakeFiles/platformer.dir/C_/Users/Nickd/.pico-sdk/sdk/2.2.0/src/rp2_common/pico_runtime_init/runtime_init.c.obj
                0x10006a48                runtime_init_bootrom_reset
 .text.runtime_init_per_core_bootrom_reset
                0x10006a5c       0x14 CMakeFiles/platformer.dir/C_/Users/Nickd/.pico-sdk/sdk/2.2.0/src/rp2_common/pico_runtime_init/runtime_init.c.obj
                0x10006a5c                runtime_init_per_core_bootrom_reset
 .text.runtime_init_spin_locks_reset
                0x10006a70        0x4 CMakeFiles/platformer.dir/C_/Users/Nickd/.pico-sdk/sdk/2.2.0/src/rp2_common/pico_runtime_init/runtime_init.c.obj
                0x10006a70                runtime_init_spin_locks_reset
 .text.runtime_init_install_ram_vector_table
                0x10006a74       0x68 CMakeFiles/platformer.dir/C_/Users/Nickd/.pico-sdk/sdk/2.2.0/src/rp2_common/pico_runtime_init/runtime_init.c.obj
                0x10006a74                runtime_init_install_ram_vector_table
 .text.runtime_init_clocks
                0x10006adc       0xdc CMakeFiles/platformer.dir/C_/Users/Nickd/.pico-sdk/sdk/2.2.0/src/rp2_common/pico_runtime_init/runtime_init_clocks.c.obj
                0x10006adc                runtime_init_clocks
 .text.__rp2350_dcp_engaged_state_save_restore
                0x10006bb8       0x3a CMakeFiles/platformer.dir/C_/Users/Nickd/.pico-sdk/sdk/2.2.0/src/rp2_common/pico_double/double_aeabi_dcp.S.obj
 *fill*         0x10006bf2        0x2 
 .text.__wrap___aeabi_dadd
                0x10006bf4       0x28 CMakeFiles/platformer.dir/C_/Users/Nickd/.pico-sdk/sdk/2.2.0/src/rp2_common/pico_double/double_aeabi_dcp.S.obj
                0x10006bfc                __wrap___aeabi_dadd
 .text.__wrap___aeabi_dsub
                0x10006c1c       0x28 CMakeFiles/platformer.dir/C_/Users/Nickd/.pico-sdk/sdk/2.2.0/src/rp2_common/pico_double/double_aeabi_dcp.S.obj
                0x10006c24                __wrap___aeabi_dsub
 .text.__wrap___aeabi_dmul
                0x10006c44       0x4c CMakeFiles/platformer.dir/C_/Users/Nickd/.pico-sdk/sdk/2.2.0/src/rp2_common/pico_double/double_aeabi_dcp.S.obj
                0x10006c4c                __wrap___aeabi_dmul
 .text.__wrap___aeabi_ddiv
                0x10006c90       0x9c CMakeFiles/platformer.dir/C_/Users/Nickd/.pico-sdk/sdk/2.2.0/src/rp2_common/pico_double/double_aeabi_dcp.S.obj
                0x10006c98                __wrap___aeabi_ddiv
 .text.__wrap___aeabi_i2d
                0x10006d2c       0x24 CMakeFiles/platformer.dir/C_/Users/Nickd/.pico-sdk/sdk/2.2.0/src/rp2_common/pico_double/double_aeabi_dcp.S.obj
                0x10006d34                int2double
                0x10006d34                __wrap___aeabi_i2d
 .text.__wrap___aeabi_ui2d
                0x10006d50       0x24 CMakeFiles/platformer.dir/C_/Users/Nickd/.pico-sdk/sdk/2.2.0/src/rp2_common/pico_double/double_aeabi_dcp.S.obj
                0x10006d58                uint2double
                0x10006d58                __wrap___aeabi_ui2d
 .text.__wrap___aeabi_d2iz
                0x10006d74       0x24 CMakeFiles/platformer.dir/C_/Users/Nickd/.pico-sdk/sdk/2.2.0/src/rp2_common/pico_double/double_aeabi_dcp.S.obj
                0x10006d7c                double2int_z
                0x10006d7c                __wrap___aeabi_d2iz
 .text.__wrap___aeabi_d2uiz
                0x10006d98       0x24 CMakeFiles/platformer.dir/C_/Users/Nickd/.pico-sdk/sdk/2.2.0/src/rp2_common/pico_double/double_aeabi_dcp.S.obj
                0x10006da0                double2uint
                0x10006da0                __wrap___aeabi_d2uiz
                0x10006da0                double2uint_z
 .text.__wrap___aeabi_dcmpun
                0x10006dbc       0x24 CMakeFiles/platformer.dir/C_/Users/Nickd/.pico-sdk/sdk/2.2.0/src/rp2_common/pico_double/double_aeabi_dcp.S.obj
                0x10006dc4                __wrap___aeabi_dcmpun
 .text.__wrap___aeabi_dcmplt
                0x10006de0       0x28 CMakeFiles/platformer.dir/C_/Users/Nickd/.pico-sdk/sdk/2.2.0/src/rp2_common/pico_double/double_aeabi_dcp.S.obj
                0x10006de8                __wrap___aeabi_dcmplt
 .text.__wrap___aeabi_dcmple
                0x10006e08       0x28 CMakeFiles/platformer.dir/C_/Users/Nickd/.pico-sdk/sdk/2.2.0/src/rp2_common/pico_double/double_aeabi_dcp.S.obj
                0x10006e10                __wrap___aeabi_dcmple
 .text.__wrap___aeabi_dcmpge
                0x10006e30       0x28 CMakeFiles/platformer.dir/C_/Users/Nickd/.pico-sdk/sdk/2.2.0/src/rp2_common/pico_double/double_aeabi_dcp.S.obj
                0x10006e38                __wrap___aeabi_dcmpge
 .text.__wrap___aeabi_dcmpgt
                0x10006e58       0x28 CMakeFiles/platformer.dir/C_/Users/Nickd/.pico-sdk/sdk/2.2.0/src/rp2_common/pico_double/double_aeabi_dcp.S.obj
                0x10006e60                __wrap___aeabi_dcmpgt
 .text.__wrap_conv_tof
                0x10006e80      0x1d4 CMakeFiles/platformer.dir/C_/Users/Nickd/.pico-sdk/sdk/2.2.0/src/rp2_common/pico_float/float_common_m33.S.obj
                0x10006e80                __wrap___aeabi_l2f
                0x10006e80                int642float
                0x10006e82                fix642float
                0x10006f10                fix2float
                0x10006f7c                ufix2float
                0x10006fd8                uint642float
                0x10006fd8                __wrap___aeabi_ul2f
                0x10006fda                ufix642float
 .text.__wrap_malloc
                0x10007054       0x24 CMakeFiles/platformer.dir/C_/Users/Nickd/.pico-sdk/sdk/2.2.0/src/rp2_common/pico_malloc/malloc.c.obj
                0x10007054                __wrap_malloc
 .text.__wrap_free
                0x10007078        0x4 CMakeFiles/platformer.dir/C_/Users/Nickd/.pico-sdk/sdk/2.2.0/src/rp2_common/pico_malloc/malloc.c.obj
                0x10007078                __wrap_free
 .text._Znaj    0x1000707c        0x4 CMakeFiles/platformer.dir/C_/Users/Nickd/.pico-sdk/sdk/2.2.0/src/rp2_common/pico_cxx_options/new_delete.cpp.obj
                0x1000707c                operator new[](unsigned int)
 .text._ZdaPv   0x10007080        0x4 CMakeFiles/platformer.dir/C_/Users/Nickd/.pico-sdk/sdk/2.2.0/src/rp2_common/pico_cxx_options/new_delete.cpp.obj
                0x10007080                operator delete[](void*)
 .text._ZdlPvj  0x10007084        0x4 CMakeFiles/platformer.dir/C_/Users/Nickd/.pico-sdk/sdk/2.2.0/src/rp2_common/pico_cxx_options/new_delete.cpp.obj
                0x10007084                operator delete(void*, unsigned int)
 .text._out_buffer
                0x10007088        0x8 CMakeFiles/platformer.dir/C_/Users/Nickd/.pico-sdk/sdk/2.2.0/src/rp2_common/pico_printf/printf.c.obj
 .text._out_null
                0x10007090        0x4 CMakeFiles/platformer.dir/C_/Users/Nickd/.pico-sdk/sdk/2.2.0/src/rp2_common/pico_printf/printf.c.obj
 .text._out_rev
                0x10007094       0x9c CMakeFiles/platformer.dir/C_/Users/Nickd/.pico-sdk/sdk/2.2.0/src/rp2_common/pico_printf/printf.c.obj
 .text._ntoa_format
                0x10007130      0x1d4 CMakeFiles/platformer.dir/C_/Users/Nickd/.pico-sdk/sdk/2.2.0/src/rp2_common/pico_printf/printf.c.obj
 .text._out_char
                0x10007304        0x8 CMakeFiles/platformer.dir/C_/Users/Nickd/.pico-sdk/sdk/2.2.0/src/rp2_common/pico_printf/printf.c.obj
 .text._out_fct
                0x1000730c        0xc CMakeFiles/platformer.dir/C_/Users/Nickd/.pico-sdk/sdk/2.2.0/src/rp2_common/pico_printf/printf.c.obj
 .text._ftoa    0x10007318      0x4bc CMakeFiles/platformer.dir/C_/Users/Nickd/.pico-sdk/sdk/2.2.0/src/rp2_common/pico_printf/printf.c.obj
 *fill*         0x100077d4        0x4 
 .text._etoa    0x100077d8      0x574 CMakeFiles/platformer.dir/C_/Users/Nickd/.pico-sdk/sdk/2.2.0/src/rp2_common/pico_printf/printf.c.obj
 .text._vsnprintf
                0x10007d4c      0x9e4 CMakeFiles/platformer.dir/C_/Users/Nickd/.pico-sdk/sdk/2.2.0/src/rp2_common/pico_printf/printf.c.obj
 .text.__wrap_snprintf
                0x10008730       0x2c CMakeFiles/platformer.dir/C_/Users/Nickd/.pico-sdk/sdk/2.2.0/src/rp2_common/pico_printf/printf.c.obj
                0x10008730                __wrap_snprintf
 .text.vfctprintf
                0x1000875c       0x28 CMakeFiles/platformer.dir/C_/Users/Nickd/.pico-sdk/sdk/2.2.0/src/rp2_common/pico_printf/printf.c.obj
                0x1000875c                vfctprintf
 .text.weak_raw_vprintf
                0x10008784       0x30 CMakeFiles/platformer.dir/C_/Users/Nickd/.pico-sdk/sdk/2.2.0/src/rp2_common/pico_printf/printf.c.obj
                0x10008784                weak_raw_vprintf
 .text._exit    0x100087b4        0x4 CMakeFiles/platformer.dir/C_/Users/Nickd/.pico-sdk/sdk/2.2.0/src/rp2_common/pico_clib_interface/newlib_interface.c.obj
                0x100087b4                _exit
 .text._sbrk    0x100087b8       0x2c CMakeFiles/platformer.dir/C_/Users/Nickd/.pico-sdk/sdk/2.2.0/src/rp2_common/pico_clib_interface/newlib_interface.c.obj
                0x100087b8                _sbrk
 .text.exit     0x100087e4        0x8 CMakeFiles/platformer.dir/C_/Users/Nickd/.pico-sdk/sdk/2.2.0/src/rp2_common/pico_clib_interface/newlib_interface.c.obj
                0x100087e4                exit
 .text.runtime_init
                0x100087ec       0x24 CMakeFiles/platformer.dir/C_/Users/Nickd/.pico-sdk/sdk/2.2.0/src/rp2_common/pico_clib_interface/newlib_interface.c.obj
                0x100087ec                runtime_init
 .text.stdio_out_chars_no_crlf
                0x10008810        0x8 CMakeFiles/platformer.dir/C_/Users/Nickd/.pico-sdk/sdk/2.2.0/src/rp2_common/pico_stdio/stdio.c.obj
 .text.stdio_out_chars_crlf
                0x10008818       0xb0 CMakeFiles/platformer.dir/C_/Users/Nickd/.pico-sdk/sdk/2.2.0/src/rp2_common/pico_stdio/stdio.c.obj
 .text.stdio_buffered_printer
                0x100088c8       0x60 CMakeFiles/platformer.dir/C_/Users/Nickd/.pico-sdk/sdk/2.2.0/src/rp2_common/pico_stdio/stdio.c.obj
 .text.stdio_put_string
                0x10008928       0xec CMakeFiles/platformer.dir/C_/Users/Nickd/.pico-sdk/sdk/2.2.0/src/rp2_common/pico_stdio/stdio.c.obj
                0x10008928                stdio_put_string
 .text.stdio_set_driver_enabled
                0x10008a14       0x28 CMakeFiles/platformer.dir/C_/Users/Nickd/.pico-sdk/sdk/2.2.0/src/rp2_common/pico_stdio/stdio.c.obj
                0x10008a14                stdio_set_driver_enabled
 .text.stdio_init_all
                0x10008a3c        0x4 CMakeFiles/platformer.dir/C_/Users/Nickd/.pico-sdk/sdk/2.2.0/src/rp2_common/pico_stdio/stdio.c.obj
                0x10008a3c                stdio_init_all
 .text.__wrap_putchar
                0x10008a40       0x84 CMakeFiles/platformer.dir/C_/Users/Nickd/.pico-sdk/sdk/2.2.0/src/rp2_common/pico_stdio/stdio.c.obj
                0x10008a40                __wrap_putchar
                0x10008a40                stdio_putchar
 .text.__wrap_puts
                0x10008ac4       0x3c CMakeFiles/platformer.dir/C_/Users/Nickd/.pico-sdk/sdk/2.2.0/src/rp2_common/pico_stdio/stdio.c.obj
                0x10008ac4                stdio_puts
                0x10008ac4                __wrap_puts
 .text.__wrap_vprintf
                0x10008b00       0xc4 CMakeFiles/platformer.dir/C_/Users/Nickd/.pico-sdk/sdk/2.2.0/src/rp2_common/pico_stdio/stdio.c.obj
                0x10008b00                stdio_vprintf
                0x10008b00                __wrap_vprintf
 .text.__wrap_printf
                0x10008bc4       0x1c CMakeFiles/platformer.dir/C_/Users/Nickd/.pico-sdk/sdk/2.2.0/src/rp2_common/pico_stdio/stdio.c.obj
                0x10008bc4                __wrap_printf
                0x10008bc4                stdio_printf
 .text.resetd_init
                0x10008be0        0x4 CMakeFiles/platformer.dir/C_/Users/Nickd/.pico-sdk/sdk/2.2.0/src/rp2_common/pico_stdio_usb/reset_interface.c.obj
 .text.resetd_reset
                0x10008be4        0xc CMakeFiles/platformer.dir/C_/Users/Nickd/.pico-sdk/sdk/2.2.0/src/rp2_common/pico_stdio_usb/reset_interface.c.obj
 .text.resetd_open
                0x10008bf0       0x28 CMakeFiles/platformer.dir/C_/Users/Nickd/.pico-sdk/sdk/2.2.0/src/rp2_common/pico_stdio_usb/reset_interface.c.obj
 .text.resetd_xfer_cb
                0x10008c18        0x4 CMakeFiles/platformer.dir/C_/Users/Nickd/.pico-sdk/sdk/2.2.0/src/rp2_common/pico_stdio_usb/reset_interface.c.obj
 .text.resetd_control_xfer_cb
                0x10008c1c       0x50 CMakeFiles/platformer.dir/C_/Users/Nickd/.pico-sdk/sdk/2.2.0/src/rp2_common/pico_stdio_usb/reset_interface.c.obj
 .text.tud_descriptor_bos_cb
                0x10008c6c        0x8 CMakeFiles/platformer.dir/C_/Users/Nickd/.pico-sdk/sdk/2.2.0/src/rp2_common/pico_stdio_usb/reset_interface.c.obj
                0x10008c6c                tud_descriptor_bos_cb
 .text.tud_vendor_control_xfer_cb
                0x10008c74       0x28 CMakeFiles/platformer.dir/C_/Users/Nickd/.pico-sdk/sdk/2.2.0/src/rp2_common/pico_stdio_usb/reset_interface.c.obj
                0x10008c74                tud_vendor_control_xfer_cb
 .text.usbd_app_driver_get_cb
                0x10008c9c       0x10 CMakeFiles/platformer.dir/C_/Users/Nickd/.pico-sdk/sdk/2.2.0/src/rp2_common/pico_stdio_usb/reset_interface.c.obj
                0x10008c9c                usbd_app_driver_get_cb
 .text.tud_cdc_line_coding_cb
                0x10008cac       0x18 CMakeFiles/platformer.dir/C_/Users/Nickd/.pico-sdk/sdk/2.2.0/src/rp2_common/pico_stdio_usb/reset_interface.c.obj
                0x10008cac                tud_cdc_line_coding_cb
 .text.stdio_usb_set_chars_available_callback
                0x10008cc4       0x14 CMakeFiles/platformer.dir/C_/Users/Nickd/.pico-sdk/sdk/2.2.0/src/rp2_common/pico_stdio_usb/stdio_usb.c.obj
                0x10008cc4                stdio_usb_set_chars_available_callback
 .text.timer_task
                0x10008cd8       0x70 CMakeFiles/platformer.dir/C_/Users/Nickd/.pico-sdk/sdk/2.2.0/src/rp2_common/pico_stdio_usb/stdio_usb.c.obj
 .text.usb_irq  0x10008d48        0xc CMakeFiles/platformer.dir/C_/Users/Nickd/.pico-sdk/sdk/2.2.0/src/rp2_common/pico_stdio_usb/stdio_usb.c.obj
 .text.stdio_usb_in_chars
                0x10008d54       0x88 CMakeFiles/platformer.dir/C_/Users/Nickd/.pico-sdk/sdk/2.2.0/src/rp2_common/pico_stdio_usb/stdio_usb.c.obj
                0x10008d54                stdio_usb_in_chars
 .text.stdio_usb_out_flush
                0x10008ddc       0x54 CMakeFiles/platformer.dir/C_/Users/Nickd/.pico-sdk/sdk/2.2.0/src/rp2_common/pico_stdio_usb/stdio_usb.c.obj
 .text.stdio_usb_out_chars
                0x10008e30       0xf4 CMakeFiles/platformer.dir/C_/Users/Nickd/.pico-sdk/sdk/2.2.0/src/rp2_common/pico_stdio_usb/stdio_usb.c.obj
 .text.low_priority_worker_irq
                0x10008f24       0xd8 CMakeFiles/platformer.dir/C_/Users/Nickd/.pico-sdk/sdk/2.2.0/src/rp2_common/pico_stdio_usb/stdio_usb.c.obj
 .text.stdio_usb_init
                0x10008ffc       0xe8 CMakeFiles/platformer.dir/C_/Users/Nickd/.pico-sdk/sdk/2.2.0/src/rp2_common/pico_stdio_usb/stdio_usb.c.obj
                0x10008ffc                stdio_usb_init
 .text.tud_descriptor_device_cb
                0x100090e4        0x8 CMakeFiles/platformer.dir/C_/Users/Nickd/.pico-sdk/sdk/2.2.0/src/rp2_common/pico_stdio_usb/stdio_usb_descriptors.c.obj
                0x100090e4                tud_descriptor_device_cb
 .text.tud_descriptor_configuration_cb
                0x100090ec        0x8 CMakeFiles/platformer.dir/C_/Users/Nickd/.pico-sdk/sdk/2.2.0/src/rp2_common/pico_stdio_usb/stdio_usb_descriptors.c.obj
                0x100090ec                tud_descriptor_configuration_cb
 .text.tud_descriptor_string_cb
                0x100090f4       0x70 CMakeFiles/platformer.dir/C_/Users/Nickd/.pico-sdk/sdk/2.2.0/src/rp2_common/pico_stdio_usb/stdio_usb_descriptors.c.obj
                0x100090f4                tud_descriptor_string_cb
 .text.startup._retrieve_unique_id_on_boot
                0x10009164       0x30 CMakeFiles/platformer.dir/C_/Users/Nickd/.pico-sdk/sdk/2.2.0/src/rp2_common/pico_unique_id/unique_id.c.obj
 .text.pico_get_unique_board_id_string
                0x10009194      0x184 CMakeFiles/platformer.dir/C_/Users/Nickd/.pico-sdk/sdk/2.2.0/src/rp2_common/pico_unique_id/unique_id.c.obj
                0x10009194                pico_get_unique_board_id_string
 .text.dcd_init
                0x10009318       0x8c CMakeFiles/platformer.dir/C_/Users/Nickd/.pico-sdk/sdk/2.2.0/lib/tinyusb/src/portable/raspberrypi/rp2040/dcd_rp2040.c.obj
                0x10009318                dcd_init
 .text.dcd_int_enable
                0x100093a4        0x8 CMakeFiles/platformer.dir/C_/Users/Nickd/.pico-sdk/sdk/2.2.0/lib/tinyusb/src/portable/raspberrypi/rp2040/dcd_rp2040.c.obj
                0x100093a4                dcd_int_enable
 .text.dcd_set_address
                0x100093ac       0x10 CMakeFiles/platformer.dir/C_/Users/Nickd/.pico-sdk/sdk/2.2.0/lib/tinyusb/src/portable/raspberrypi/rp2040/dcd_rp2040.c.obj
                0x100093ac                dcd_set_address
 .text.dcd_sof_enable
                0x100093bc       0x1c CMakeFiles/platformer.dir/C_/Users/Nickd/.pico-sdk/sdk/2.2.0/lib/tinyusb/src/portable/raspberrypi/rp2040/dcd_rp2040.c.obj
                0x100093bc                dcd_sof_enable
 .text.dcd_edpt0_status_complete
                0x100093d8       0x1c CMakeFiles/platformer.dir/C_/Users/Nickd/.pico-sdk/sdk/2.2.0/lib/tinyusb/src/portable/raspberrypi/rp2040/dcd_rp2040.c.obj
                0x100093d8                dcd_edpt0_status_complete
 .text.dcd_edpt_open
                0x100093f4      0x104 CMakeFiles/platformer.dir/C_/Users/Nickd/.pico-sdk/sdk/2.2.0/lib/tinyusb/src/portable/raspberrypi/rp2040/dcd_rp2040.c.obj
                0x100093f4                dcd_edpt_open
 .text.dcd_edpt_close_all
                0x100094f8        0x4 CMakeFiles/platformer.dir/C_/Users/Nickd/.pico-sdk/sdk/2.2.0/lib/tinyusb/src/portable/raspberrypi/rp2040/dcd_rp2040.c.obj
                0x100094f8                dcd_edpt_close_all
 .text.dcd_edpt_xfer
                0x100094fc       0x28 CMakeFiles/platformer.dir/C_/Users/Nickd/.pico-sdk/sdk/2.2.0/lib/tinyusb/src/portable/raspberrypi/rp2040/dcd_rp2040.c.obj
                0x100094fc                dcd_edpt_xfer
 .text.dcd_edpt_stall
                0x10009524       0x30 CMakeFiles/platformer.dir/C_/Users/Nickd/.pico-sdk/sdk/2.2.0/lib/tinyusb/src/portable/raspberrypi/rp2040/dcd_rp2040.c.obj
                0x10009524                dcd_edpt_stall
 .text.dcd_edpt_clear_stall
                0x10009554       0x24 CMakeFiles/platformer.dir/C_/Users/Nickd/.pico-sdk/sdk/2.2.0/lib/tinyusb/src/portable/raspberrypi/rp2040/dcd_rp2040.c.obj
                0x10009554                dcd_edpt_clear_stall
 .text.rp2040_usb_init
                0x10009578       0x40 CMakeFiles/platformer.dir/C_/Users/Nickd/.pico-sdk/sdk/2.2.0/lib/tinyusb/src/portable/raspberrypi/rp2040/rp2040_usb.c.obj
                0x10009578                rp2040_usb_init
 .text.hw_endpoint_xfer_start
                0x100095b8       0x40 CMakeFiles/platformer.dir/C_/Users/Nickd/.pico-sdk/sdk/2.2.0/lib/tinyusb/src/portable/raspberrypi/rp2040/rp2040_usb.c.obj
                0x100095b8                hw_endpoint_xfer_start
 .text.configuration_reset
                0x100095f8       0x8c CMakeFiles/platformer.dir/C_/Users/Nickd/.pico-sdk/sdk/2.2.0/lib/tinyusb/src/device/usbd.c.obj
 .text.tud_event_hook_cb
                0x10009684        0x4 CMakeFiles/platformer.dir/C_/Users/Nickd/.pico-sdk/sdk/2.2.0/lib/tinyusb/src/device/usbd.c.obj
                0x10009684                tud_event_hook_cb
 .text.tud_sof_cb
                0x10009688        0x4 CMakeFiles/platformer.dir/C_/Users/Nickd/.pico-sdk/sdk/2.2.0/lib/tinyusb/src/device/usbd.c.obj
                0x10009688                tud_sof_cb
 .text.tud_descriptor_device_qualifier_cb
                0x1000968c        0x4 CMakeFiles/platformer.dir/C_/Users/Nickd/.pico-sdk/sdk/2.2.0/lib/tinyusb/src/device/usbd.c.obj
                0x1000968c                tud_descriptor_device_qualifier_cb
 .text.tud_descriptor_other_speed_configuration_cb
                0x10009690        0x4 CMakeFiles/platformer.dir/C_/Users/Nickd/.pico-sdk/sdk/2.2.0/lib/tinyusb/src/device/usbd.c.obj
                0x10009690                tud_descriptor_other_speed_configuration_cb
 .text.tud_mount_cb
                0x10009694        0x4 CMakeFiles/platformer.dir/C_/Users/Nickd/.pico-sdk/sdk/2.2.0/lib/tinyusb/src/device/usbd.c.obj
                0x10009694                tud_mount_cb
 .text.tud_umount_cb
                0x10009698        0x4 CMakeFiles/platformer.dir/C_/Users/Nickd/.pico-sdk/sdk/2.2.0/lib/tinyusb/src/device/usbd.c.obj
                0x10009698                tud_umount_cb
 .text.tud_suspend_cb
                0x1000969c        0x4 CMakeFiles/platformer.dir/C_/Users/Nickd/.pico-sdk/sdk/2.2.0/lib/tinyusb/src/device/usbd.c.obj
                0x1000969c                tud_suspend_cb
 .text.tud_resume_cb
                0x100096a0        0x4 CMakeFiles/platformer.dir/C_/Users/Nickd/.pico-sdk/sdk/2.2.0/lib/tinyusb/src/device/usbd.c.obj
                0x100096a0                tud_resume_cb
 .text.tud_mounted
                0x100096a4       0x10 CMakeFiles/platformer.dir/C_/Users/Nickd/.pico-sdk/sdk/2.2.0/lib/tinyusb/src/device/usbd.c.obj
                0x100096a4                tud_mounted
 .text.tud_suspended
                0x100096b4       0x10 CMakeFiles/platformer.dir/C_/Users/Nickd/.pico-sdk/sdk/2.2.0/lib/tinyusb/src/device/usbd.c.obj
                0x100096b4                tud_suspended
 .text.tud_rhport_init
                0x100096c4       0xf4 CMakeFiles/platformer.dir/C_/Users/Nickd/.pico-sdk/sdk/2.2.0/lib/tinyusb/src/device/usbd.c.obj
                0x100096c4                tud_rhport_init
 .text.tud_task_ext
                0x100097b8      0x784 CMakeFiles/platformer.dir/C_/Users/Nickd/.pico-sdk/sdk/2.2.0/lib/tinyusb/src/device/usbd.c.obj
                0x100097b8                tud_task_ext
 .text.usbd_open_edpt_pair
                0x10009f3c       0x9c CMakeFiles/platformer.dir/C_/Users/Nickd/.pico-sdk/sdk/2.2.0/lib/tinyusb/src/device/usbd.c.obj
                0x10009f3c                usbd_open_edpt_pair
 .text.usbd_edpt_open
                0x10009fd8       0x44 CMakeFiles/platformer.dir/C_/Users/Nickd/.pico-sdk/sdk/2.2.0/lib/tinyusb/src/device/usbd.c.obj
                0x10009fd8                usbd_edpt_open
 .text.usbd_edpt_claim
                0x1000a01c       0x24 CMakeFiles/platformer.dir/C_/Users/Nickd/.pico-sdk/sdk/2.2.0/lib/tinyusb/src/device/usbd.c.obj
                0x1000a01c                usbd_edpt_claim
 .text.usbd_edpt_release
                0x1000a040       0x24 CMakeFiles/platformer.dir/C_/Users/Nickd/.pico-sdk/sdk/2.2.0/lib/tinyusb/src/device/usbd.c.obj
                0x1000a040                usbd_edpt_release
 .text.usbd_edpt_xfer
                0x1000a064       0x70 CMakeFiles/platformer.dir/C_/Users/Nickd/.pico-sdk/sdk/2.2.0/lib/tinyusb/src/device/usbd.c.obj
                0x1000a064                usbd_edpt_xfer
 .text.tud_control_status
                0x1000a0d4       0x34 CMakeFiles/platformer.dir/C_/Users/Nickd/.pico-sdk/sdk/2.2.0/lib/tinyusb/src/device/usbd_control.c.obj
                0x1000a0d4                tud_control_status
 .text.tud_control_xfer
                0x1000a108       0xb0 CMakeFiles/platformer.dir/C_/Users/Nickd/.pico-sdk/sdk/2.2.0/lib/tinyusb/src/device/usbd_control.c.obj
                0x1000a108                tud_control_xfer
 .text.usbd_control_reset
                0x1000a1b8       0x14 CMakeFiles/platformer.dir/C_/Users/Nickd/.pico-sdk/sdk/2.2.0/lib/tinyusb/src/device/usbd_control.c.obj
                0x1000a1b8                usbd_control_reset
 .text.usbd_control_set_complete_callback
                0x1000a1cc        0xc CMakeFiles/platformer.dir/C_/Users/Nickd/.pico-sdk/sdk/2.2.0/lib/tinyusb/src/device/usbd_control.c.obj
                0x1000a1cc                usbd_control_set_complete_callback
 .text.usbd_control_set_request
                0x1000a1d8       0x1c CMakeFiles/platformer.dir/C_/Users/Nickd/.pico-sdk/sdk/2.2.0/lib/tinyusb/src/device/usbd_control.c.obj
                0x1000a1d8                usbd_control_set_request
 .text.usbd_control_xfer_cb
                0x1000a1f4      0x100 CMakeFiles/platformer.dir/C_/Users/Nickd/.pico-sdk/sdk/2.2.0/lib/tinyusb/src/device/usbd_control.c.obj
                0x1000a1f4                usbd_control_xfer_cb
 .text._prep_out_transaction.isra.0
                0x1000a2f4       0x74 CMakeFiles/platformer.dir/C_/Users/Nickd/.pico-sdk/sdk/2.2.0/lib/tinyusb/src/class/cdc/cdc_device.c.obj
 .text.tud_cdc_n_connected
                0x1000a368       0x2c CMakeFiles/platformer.dir/C_/Users/Nickd/.pico-sdk/sdk/2.2.0/lib/tinyusb/src/class/cdc/cdc_device.c.obj
                0x1000a368                tud_cdc_n_connected
 .text.tud_cdc_n_available
                0x1000a394       0x14 CMakeFiles/platformer.dir/C_/Users/Nickd/.pico-sdk/sdk/2.2.0/lib/tinyusb/src/class/cdc/cdc_device.c.obj
                0x1000a394                tud_cdc_n_available
 .text.tud_cdc_n_read
                0x1000a3a8       0x90 CMakeFiles/platformer.dir/C_/Users/Nickd/.pico-sdk/sdk/2.2.0/lib/tinyusb/src/class/cdc/cdc_device.c.obj
                0x1000a3a8                tud_cdc_n_read
 .text.tud_cdc_n_write_flush
                0x1000a438       0x8c CMakeFiles/platformer.dir/C_/Users/Nickd/.pico-sdk/sdk/2.2.0/lib/tinyusb/src/class/cdc/cdc_device.c.obj
                0x1000a438                tud_cdc_n_write_flush
 .text.tud_cdc_n_write
                0x1000a4c4       0x40 CMakeFiles/platformer.dir/C_/Users/Nickd/.pico-sdk/sdk/2.2.0/lib/tinyusb/src/class/cdc/cdc_device.c.obj
                0x1000a4c4                tud_cdc_n_write
 .text.tud_cdc_n_write_available
                0x1000a504       0x14 CMakeFiles/platformer.dir/C_/Users/Nickd/.pico-sdk/sdk/2.2.0/lib/tinyusb/src/class/cdc/cdc_device.c.obj
                0x1000a504                tud_cdc_n_write_available
 .text.cdcd_init
                0x1000a518       0x70 CMakeFiles/platformer.dir/C_/Users/Nickd/.pico-sdk/sdk/2.2.0/lib/tinyusb/src/class/cdc/cdc_device.c.obj
                0x1000a518                cdcd_init
 .text.cdcd_deinit
                0x1000a588       0x30 CMakeFiles/platformer.dir/C_/Users/Nickd/.pico-sdk/sdk/2.2.0/lib/tinyusb/src/class/cdc/cdc_device.c.obj
                0x1000a588                cdcd_deinit
 .text.cdcd_reset
                0x1000a5b8       0x4c CMakeFiles/platformer.dir/C_/Users/Nickd/.pico-sdk/sdk/2.2.0/lib/tinyusb/src/class/cdc/cdc_device.c.obj
                0x1000a5b8                cdcd_reset
 .text.cdcd_open
                0x1000a604       0xc0 CMakeFiles/platformer.dir/C_/Users/Nickd/.pico-sdk/sdk/2.2.0/lib/tinyusb/src/class/cdc/cdc_device.c.obj
                0x1000a604                cdcd_open
 .text.cdcd_control_xfer_cb
                0x1000a6c4       0xc0 CMakeFiles/platformer.dir/C_/Users/Nickd/.pico-sdk/sdk/2.2.0/lib/tinyusb/src/class/cdc/cdc_device.c.obj
                0x1000a6c4                cdcd_control_xfer_cb
 .text.cdcd_xfer_cb
                0x1000a784       0xf8 CMakeFiles/platformer.dir/C_/Users/Nickd/.pico-sdk/sdk/2.2.0/lib/tinyusb/src/class/cdc/cdc_device.c.obj
                0x1000a784                cdcd_xfer_cb
 .text.vendord_init
                0x1000a87c       0x5c CMakeFiles/platformer.dir/C_/Users/Nickd/.pico-sdk/sdk/2.2.0/lib/tinyusb/src/class/vendor/vendor_device.c.obj
                0x1000a87c                vendord_init
 .text.vendord_deinit
                0x1000a8d8       0x1c CMakeFiles/platformer.dir/C_/Users/Nickd/.pico-sdk/sdk/2.2.0/lib/tinyusb/src/class/vendor/vendor_device.c.obj
                0x1000a8d8                vendord_deinit
 .text.vendord_reset
                0x1000a8f4       0x24 CMakeFiles/platformer.dir/C_/Users/Nickd/.pico-sdk/sdk/2.2.0/lib/tinyusb/src/class/vendor/vendor_device.c.obj
                0x1000a8f4                vendord_reset
 .text.vendord_open
                0x1000a918       0xf4 CMakeFiles/platformer.dir/C_/Users/Nickd/.pico-sdk/sdk/2.2.0/lib/tinyusb/src/class/vendor/vendor_device.c.obj
                0x1000a918                vendord_open
 .text.vendord_xfer_cb
                0x1000aa0c       0x88 CMakeFiles/platformer.dir/C_/Users/Nickd/.pico-sdk/sdk/2.2.0/lib/tinyusb/src/class/vendor/vendor_device.c.obj
                0x1000aa0c                vendord_xfer_cb
 .text.tusb_rhport_init
                0x1000aa94       0x64 CMakeFiles/platformer.dir/C_/Users/Nickd/.pico-sdk/sdk/2.2.0/lib/tinyusb/src/tusb.c.obj
                0x1000aa94                tusb_rhport_init
 .text.tu_edpt_claim
                0x1000aaf8       0x54 CMakeFiles/platformer.dir/C_/Users/Nickd/.pico-sdk/sdk/2.2.0/lib/tinyusb/src/tusb.c.obj
                0x1000aaf8                tu_edpt_claim
 .text.tu_edpt_release
                0x1000ab4c       0x38 CMakeFiles/platformer.dir/C_/Users/Nickd/.pico-sdk/sdk/2.2.0/lib/tinyusb/src/tusb.c.obj
                0x1000ab4c                tu_edpt_release
 .text.tu_edpt_validate
                0x1000ab84       0x60 CMakeFiles/platformer.dir/C_/Users/Nickd/.pico-sdk/sdk/2.2.0/lib/tinyusb/src/tusb.c.obj
                0x1000ab84                tu_edpt_validate
 .text.tu_edpt_bind_driver
                0x1000abe4       0x58 CMakeFiles/platformer.dir/C_/Users/Nickd/.pico-sdk/sdk/2.2.0/lib/tinyusb/src/tusb.c.obj
                0x1000abe4                tu_edpt_bind_driver
 .text.tu_edpt_stream_init
                0x1000ac3c       0x58 CMakeFiles/platformer.dir/C_/Users/Nickd/.pico-sdk/sdk/2.2.0/lib/tinyusb/src/tusb.c.obj
                0x1000ac3c                tu_edpt_stream_init
 .text.tu_edpt_stream_deinit
                0x1000ac94        0x4 CMakeFiles/platformer.dir/C_/Users/Nickd/.pico-sdk/sdk/2.2.0/lib/tinyusb/src/tusb.c.obj
                0x1000ac94                tu_edpt_stream_deinit
 .text.tu_edpt_stream_write_zlp_if_needed
                0x1000ac98       0x68 CMakeFiles/platformer.dir/C_/Users/Nickd/.pico-sdk/sdk/2.2.0/lib/tinyusb/src/tusb.c.obj
                0x1000ac98                tu_edpt_stream_write_zlp_if_needed
 .text.tu_edpt_stream_write_xfer
                0x1000ad00       0x70 CMakeFiles/platformer.dir/C_/Users/Nickd/.pico-sdk/sdk/2.2.0/lib/tinyusb/src/tusb.c.obj
                0x1000ad00                tu_edpt_stream_write_xfer
 .text.tu_edpt_stream_read_xfer
                0x1000ad70       0xc8 CMakeFiles/platformer.dir/C_/Users/Nickd/.pico-sdk/sdk/2.2.0/lib/tinyusb/src/tusb.c.obj
                0x1000ad70                tu_edpt_stream_read_xfer
 .text.tu_fifo_config
                0x1000ae38       0x60 CMakeFiles/platformer.dir/C_/Users/Nickd/.pico-sdk/sdk/2.2.0/lib/tinyusb/src/common/tusb_fifo.c.obj
                0x1000ae38                tu_fifo_config
 .text.tu_fifo_count
                0x1000ae98       0x20 CMakeFiles/platformer.dir/C_/Users/Nickd/.pico-sdk/sdk/2.2.0/lib/tinyusb/src/common/tusb_fifo.c.obj
                0x1000ae98                tu_fifo_count
 .text.tu_fifo_empty
                0x1000aeb8       0x14 CMakeFiles/platformer.dir/C_/Users/Nickd/.pico-sdk/sdk/2.2.0/lib/tinyusb/src/common/tusb_fifo.c.obj
                0x1000aeb8                tu_fifo_empty
 .text.tu_fifo_remaining
                0x1000aecc       0x24 CMakeFiles/platformer.dir/C_/Users/Nickd/.pico-sdk/sdk/2.2.0/lib/tinyusb/src/common/tusb_fifo.c.obj
                0x1000aecc                tu_fifo_remaining
 .text.tu_fifo_read
                0x1000aef0       0x94 CMakeFiles/platformer.dir/C_/Users/Nickd/.pico-sdk/sdk/2.2.0/lib/tinyusb/src/common/tusb_fifo.c.obj
                0x1000aef0                tu_fifo_read
 .text.tu_fifo_read_n
                0x1000af84       0xd8 CMakeFiles/platformer.dir/C_/Users/Nickd/.pico-sdk/sdk/2.2.0/lib/tinyusb/src/common/tusb_fifo.c.obj
                0x1000af84                tu_fifo_read_n
 .text.tu_fifo_write
                0x1000b05c       0xa4 CMakeFiles/platformer.dir/C_/Users/Nickd/.pico-sdk/sdk/2.2.0/lib/tinyusb/src/common/tusb_fifo.c.obj
                0x1000b05c                tu_fifo_write
 .text.tu_fifo_write_n
                0x1000b100      0x15c CMakeFiles/platformer.dir/C_/Users/Nickd/.pico-sdk/sdk/2.2.0/lib/tinyusb/src/common/tusb_fifo.c.obj
                0x1000b100                tu_fifo_write_n
 .text.tu_fifo_clear
                0x1000b25c       0x38 CMakeFiles/platformer.dir/C_/Users/Nickd/.pico-sdk/sdk/2.2.0/lib/tinyusb/src/common/tusb_fifo.c.obj
                0x1000b25c                tu_fifo_clear
 .text.tu_fifo_set_overwritable
                0x1000b294       0x3c CMakeFiles/platformer.dir/C_/Users/Nickd/.pico-sdk/sdk/2.2.0/lib/tinyusb/src/common/tusb_fifo.c.obj
                0x1000b294                tu_fifo_set_overwritable
 .text.spi_init
                0x1000b2d0       0xf4 CMakeFiles/platformer.dir/C_/Users/Nickd/.pico-sdk/sdk/2.2.0/src/rp2_common/hardware_spi/spi.c.obj
                0x1000b2d0                spi_init
 .text.dma_channel_unclaim
                0x1000b3c4        0xc CMakeFiles/platformer.dir/C_/Users/Nickd/.pico-sdk/sdk/2.2.0/src/rp2_common/hardware_dma/dma.c.obj
                0x1000b3c4                dma_channel_unclaim
 .text.dma_claim_unused_channel
                0x1000b3d0       0x20 CMakeFiles/platformer.dir/C_/Users/Nickd/.pico-sdk/sdk/2.2.0/src/rp2_common/hardware_dma/dma.c.obj
                0x1000b3d0                dma_claim_unused_channel
 .text.adc_init
                0x1000b3f0       0x30 CMakeFiles/platformer.dir/C_/Users/Nickd/.pico-sdk/sdk/2.2.0/src/rp2_common/hardware_adc/adc.c.obj
                0x1000b3f0                adc_init
 .text.i2c_write_blocking_internal.constprop.0
                0x1000b420       0x9c CMakeFiles/platformer.dir/C_/Users/Nickd/.pico-sdk/sdk/2.2.0/src/rp2_common/hardware_i2c/i2c.c.obj
 .text.i2c_set_baudrate
                0x1000b4bc       0xa4 CMakeFiles/platformer.dir/C_/Users/Nickd/.pico-sdk/sdk/2.2.0/src/rp2_common/hardware_i2c/i2c.c.obj
                0x1000b4bc                i2c_set_baudrate
 .text.i2c_init
                0x1000b560       0x4c CMakeFiles/platformer.dir/C_/Users/Nickd/.pico-sdk/sdk/2.2.0/src/rp2_common/hardware_i2c/i2c.c.obj
                0x1000b560                i2c_init
 .text.i2c_write_blocking
                0x1000b5ac       0x10 CMakeFiles/platformer.dir/C_/Users/Nickd/.pico-sdk/sdk/2.2.0/src/rp2_common/hardware_i2c/i2c.c.obj
                0x1000b5ac                i2c_write_blocking
 .text._ZN6st77896ST7789C2Ev
                0x1000b5bc       0x28 third_party/ST7789_Pico/libst7789_lib.a(st7789.cpp.obj)
                0x1000b5bc                st7789::ST7789::ST7789()
                0x1000b5bc                st7789::ST7789::ST7789()
 .text._ZN6st77896ST778913setAddrWindowEtttt
                0x1000b5e4       0xd8 third_party/ST7789_Pico/libst7789_lib.a(st7789.cpp.obj)
                0x1000b5e4                st7789::ST7789::setAddrWindow(unsigned short, unsigned short, unsigned short, unsigned short)
 .text._ZN6st77896ST778911setRotationENS_8RotationE
                0x1000b6bc       0xa8 third_party/ST7789_Pico/libst7789_lib.a(st7789.cpp.obj)
                0x1000b6bc                st7789::ST7789::setRotation(st7789::Rotation)
 .text._ZN6st77896ST778912drawImageDMAEssssPKt
                0x1000b764       0xa4 third_party/ST7789_Pico/libst7789_lib.a(st7789.cpp.obj)
                0x1000b764                st7789::ST7789::drawImageDMA(short, short, short, short, unsigned short const*)
 .text._ZN6st77896ST778911fillRectDMAEsssst
                0x1000b808       0xb4 third_party/ST7789_Pico/libst7789_lib.a(st7789.cpp.obj)
                0x1000b808                st7789::ST7789::fillRectDMA(short, short, short, short, unsigned short)
 .text._ZN6st77896ST778917initializeDisplayEv
                0x1000b8bc      0x1bc third_party/ST7789_Pico/libst7789_lib.a(st7789.cpp.obj)
                0x1000b8bc                st7789::ST7789::initializeDisplay()
 .text._ZN6st77896ST77895beginERKNS_6ConfigE
                0x1000ba78       0x38 third_party/ST7789_Pico/libst7789_lib.a(st7789.cpp.obj)
                0x1000ba78                st7789::ST7789::begin(st7789::Config const&)
 .text._ZN6st77896ST7789D2Ev
                0x1000bab0       0x1c third_party/ST7789_Pico/libst7789_lib.a(st7789.cpp.obj)
                0x1000bab0                st7789::ST7789::~ST7789()
                0x1000bab0                st7789::ST7789::~ST7789()
 .text._ZN6st77896ST7789D0Ev
                0x1000bacc       0x24 third_party/ST7789_Pico/libst7789_lib.a(st7789.cpp.obj)
                0x1000bacc                st7789::ST7789::~ST7789()
 .text._ZN6st778920dma_complete_handlerEv
                0x1000baf0       0x28 third_party/ST7789_Pico/libst7789_lib.a(st7789_hal.cpp.obj)
                0x1000baf0                st7789::dma_complete_handler()
 .text._ZN6st77893HALD2Ev
                0x1000bb18       0x44 third_party/ST7789_Pico/libst7789_lib.a(st7789_hal.cpp.obj)
                0x1000bb18                st7789::HAL::~HAL()
                0x1000bb18                st7789::HAL::~HAL()
 .text._ZN6st77893HALD0Ev
                0x1000bb5c       0x4c third_party/ST7789_Pico/libst7789_lib.a(st7789_hal.cpp.obj)
                0x1000bb5c                st7789::HAL::~HAL()
 .text._ZN6st77893HALC2Ev
                0x1000bba8       0x64 third_party/ST7789_Pico/libst7789_lib.a(st7789_hal.cpp.obj)
                0x1000bba8                st7789::HAL::HAL()
                0x1000bba8                st7789::HAL::HAL()
 .text._ZN6st77893HAL7initDmaEv
                0x1000bc0c       0xd4 third_party/ST7789_Pico/libst7789_lib.a(st7789_hal.cpp.obj)
                0x1000bc0c                st7789::HAL::initDma()
 .text._ZN6st77893HAL4initERKNS_6ConfigE
                0x1000bce0       0xb8 third_party/ST7789_Pico/libst7789_lib.a(st7789_hal.cpp.obj)
                0x1000bce0                st7789::HAL::init(st7789::Config const&)
 .text._ZN6st77893HAL12writeCommandEh
                0x1000bd98       0x34 third_party/ST7789_Pico/libst7789_lib.a(st7789_hal.cpp.obj)
                0x1000bd98                st7789::HAL::writeCommand(unsigned char)
 .text._ZN6st77893HAL9writeDataEh
                0x1000bdcc       0x34 third_party/ST7789_Pico/libst7789_lib.a(st7789_hal.cpp.obj)
                0x1000bdcc                st7789::HAL::writeData(unsigned char)
 .text._ZN6st77893HAL13writeDataBulkEPKhj
                0x1000be00       0x2c third_party/ST7789_Pico/libst7789_lib.a(st7789_hal.cpp.obj)
                0x1000be00                st7789::HAL::writeDataBulk(unsigned char const*, unsigned int)
 .text._ZN6st77893HAL12writeDataDmaEPKtj
                0x1000be2c      0x208 third_party/ST7789_Pico/libst7789_lib.a(st7789_hal.cpp.obj)
                0x1000be2c                st7789::HAL::writeDataDma(unsigned short const*, unsigned int)
 .text._ZN6st77893HAL22writeDataDmaSolidColorEtj
                0x1000c034      0x230 third_party/ST7789_Pico/libst7789_lib.a(st7789_hal.cpp.obj)
                0x1000c034                st7789::HAL::writeDataDmaSolidColor(unsigned short, unsigned int)
 .text._ZN6st77893HAL5resetEv
                0x1000c264       0x28 third_party/ST7789_Pico/libst7789_lib.a(st7789_hal.cpp.obj)
                0x1000c264                st7789::HAL::reset()
 .text._ZN6st77893HAL12setBacklightEb
                0x1000c28c        0x8 third_party/ST7789_Pico/libst7789_lib.a(st7789_hal.cpp.obj)
                0x1000c28c                st7789::HAL::setBacklight(bool)
 .text._ZN6st77893HAL5delayEm
                0x1000c294        0x8 third_party/ST7789_Pico/libst7789_lib.a(st7789_hal.cpp.obj)
                0x1000c294                st7789::HAL::delay(unsigned long)
 .text._ZN6st77898GraphicsD2Ev
                0x1000c29c        0x4 third_party/ST7789_Pico/libst7789_lib.a(st7789_gfx.cpp.obj)
                0x1000c29c                st7789::Graphics::~Graphics()
                0x1000c29c                st7789::Graphics::~Graphics()
 .text._ZN6st77898GraphicsD0Ev
                0x1000c2a0       0x10 third_party/ST7789_Pico/libst7789_lib.a(st7789_gfx.cpp.obj)
                0x1000c2a0                st7789::Graphics::~Graphics()
 .text._ZN6st77898GraphicsC2EPNS_6ST7789E
                0x1000c2b0        0xc third_party/ST7789_Pico/libst7789_lib.a(st7789_gfx.cpp.obj)
                0x1000c2b0                st7789::Graphics::Graphics(st7789::ST7789*)
                0x1000c2b0                st7789::Graphics::Graphics(st7789::ST7789*)
 .text.malloc   0x1000c2bc       0x10 C:/Users/Nickd/.pico-sdk/toolchain/14_2_Rel1/bin/../lib/gcc/arm-none-eabi/14.2.1/thumb/v8-m.main+fp/softfp\libg.a(libc_a-malloc.o)
                0x1000c2bc                malloc
 .text.free     0x1000c2cc       0x10 C:/Users/Nickd/.pico-sdk/toolchain/14_2_Rel1/bin/../lib/gcc/arm-none-eabi/14.2.1/thumb/v8-m.main+fp/softfp\libg.a(libc_a-malloc.o)
                0x1000c2cc                free
 .text._malloc_r
                0x1000c2dc      0x578 C:/Users/Nickd/.pico-sdk/toolchain/14_2_Rel1/bin/../lib/gcc/arm-none-eabi/14.2.1/thumb/v8-m.main+fp/softfp\libg.a(libc_a-mallocr.o)
                0x1000c2dc                _malloc_r
 .text.__malloc_lock
                0x1000c854        0xc C:/Users/Nickd/.pico-sdk/toolchain/14_2_Rel1/bin/../lib/gcc/arm-none-eabi/14.2.1/thumb/v8-m.main+fp/softfp\libg.a(libc_a-mlock.o)
                0x1000c854                __malloc_lock
 .text.__malloc_unlock
                0x1000c860        0xc C:/Users/Nickd/.pico-sdk/toolchain/14_2_Rel1/bin/../lib/gcc/arm-none-eabi/14.2.1/thumb/v8-m.main+fp/softfp\libg.a(libc_a-mlock.o)
                0x1000c860                __malloc_unlock
 .text.memcmp   0x1000c86c       0x5c C:/Users/Nickd/.pico-sdk/toolchain/14_2_Rel1/bin/../lib/gcc/arm-none-eabi/14.2.1/thumb/v8-m.main+fp/softfp\libg.a(libc_a-memcmp.o)
                0x1000c86c                memcmp
 .text.memset   0x1000c8c8       0x9c C:/Users/Nickd/.pico-sdk/toolchain/14_2_Rel1/bin/../lib/gcc/arm-none-eabi/14.2.1/thumb/v8-m.main+fp/softfp\libg.a(libc_a-memset.o)
                0x1000c8c8                memset
 .text.strncpy  0x1000c964       0x64 C:/Users/Nickd/.pico-sdk/toolchain/14_2_Rel1/bin/../lib/gcc/arm-none-eabi/14.2.1/thumb/v8-m.main+fp/softfp\libg.a(libc_a-strncpy.o)
                0x1000c964                strncpy
 .text.critical_factorization
                0x1000c9c8       0xcc C:/Users/Nickd/.pico-sdk/toolchain/14_2_Rel1/bin/../lib/gcc/arm-none-eabi/14.2.1/thumb/v8-m.main+fp/softfp\libg.a(libc_a-strstr.o)
 .text.two_way_long_needle
                0x1000ca94      0x204 C:/Users/Nickd/.pico-sdk/toolchain/14_2_Rel1/bin/../lib/gcc/arm-none-eabi/14.2.1/thumb/v8-m.main+fp/softfp\libg.a(libc_a-strstr.o)
 .text.strstr   0x1000cc98      0x164 C:/Users/Nickd/.pico-sdk/toolchain/14_2_Rel1/bin/../lib/gcc/arm-none-eabi/14.2.1/thumb/v8-m.main+fp/softfp\libg.a(libc_a-strstr.o)
                0x1000cc98                strstr
 .text._sbrk_r  0x1000cdfc       0x24 C:/Users/Nickd/.pico-sdk/toolchain/14_2_Rel1/bin/../lib/gcc/arm-none-eabi/14.2.1/thumb/v8-m.main+fp/softfp\libg.a(libc_a-sbrkr.o)
                0x1000cdfc                _sbrk_r
 .text.__errno  0x1000ce20        0xc C:/Users/Nickd/.pico-sdk/toolchain/14_2_Rel1/bin/../lib/gcc/arm-none-eabi/14.2.1/thumb/v8-m.main+fp/softfp\libg.a(libc_a-errno.o)
                0x1000ce20                __errno
 .text.__retarget_lock_acquire_recursive
                0x1000ce2c        0x4 C:/Users/Nickd/.pico-sdk/toolchain/14_2_Rel1/bin/../lib/gcc/arm-none-eabi/14.2.1/thumb/v8-m.main+fp/softfp\libg.a(libc_a-lock.o)
                0x1000ce2c                __retarget_lock_acquire_recursive
 .text.__retarget_lock_release_recursive
                0x1000ce30        0x4 C:/Users/Nickd/.pico-sdk/toolchain/14_2_Rel1/bin/../lib/gcc/arm-none-eabi/14.2.1/thumb/v8-m.main+fp/softfp\libg.a(libc_a-lock.o)
                0x1000ce30                __retarget_lock_release_recursive
 .text.sysconf  0x1000ce34       0x1c C:/Users/Nickd/.pico-sdk/toolchain/14_2_Rel1/bin/../lib/gcc/arm-none-eabi/14.2.1/thumb/v8-m.main+fp/softfp\libg.a(libc_a-sysconf.o)
                0x1000ce34                sysconf
 .text          0x1000ce50      0x1bc C:/Users/Nickd/.pico-sdk/toolchain/14_2_Rel1/bin/../lib/gcc/arm-none-eabi/14.2.1/thumb/v8-m.main+fp/softfp\libg.a(libc_a-strcmp.o)
                0x1000ce50                strcmp
 .text          0x1000d00c       0xec C:/Users/Nickd/.pico-sdk/toolchain/14_2_Rel1/bin/../lib/gcc/arm-none-eabi/14.2.1/thumb/v8-m.main+fp/softfp\libg.a(libc_a-memcpy.o)
                0x1000d00c                memcpy
 .text.strlen   0x1000d0f8       0x5c C:/Users/Nickd/.pico-sdk/toolchain/14_2_Rel1/bin/../lib/gcc/arm-none-eabi/14.2.1/thumb/v8-m.main+fp/softfp\libg.a(libc_a-strlen-stub.o)
                0x1000d0f8                strlen
 .text._malloc_trim_r
                0x1000d154       0xb8 C:/Users/Nickd/.pico-sdk/toolchain/14_2_Rel1/bin/../lib/gcc/arm-none-eabi/14.2.1/thumb/v8-m.main+fp/softfp\libg.a(libc_a-freer.o)
                0x1000d154                _malloc_trim_r
 .text._free_r  0x1000d20c      0x1e8 C:/Users/Nickd/.pico-sdk/toolchain/14_2_Rel1/bin/../lib/gcc/arm-none-eabi/14.2.1/thumb/v8-m.main+fp/softfp\libg.a(libc_a-freer.o)
                0x1000d20c                _free_r
 .text.strchr   0x1000d3f4       0xd0 C:/Users/Nickd/.pico-sdk/toolchain/14_2_Rel1/bin/../lib/gcc/arm-none-eabi/14.2.1/thumb/v8-m.main+fp/softfp\libg.a(libc_a-strchr.o)
                0x1000d3f4                strchr
 .text.strnlen  0x1000d4c4       0x30 C:/Users/Nickd/.pico-sdk/toolchain/14_2_Rel1/bin/../lib/gcc/arm-none-eabi/14.2.1/thumb/v8-m.main+fp/softfp\libg.a(libc_a-strnlen.o)
                0x1000d4c4                strnlen
 *(.fini)
 .fini          0x1000d4f4        0x4 C:/Users/Nickd/.pico-sdk/toolchain/14_2_Rel1/bin/../lib/gcc/arm-none-eabi/14.2.1/thumb/v8-m.main+fp/softfp/crti.o
                0x1000d4f4                _fini
 .fini.__stub   0x1000d4f8       0x60 linker stubs
 *crtbegin.o(.ctors)
 *crtbegin?.o(.ctors)
 *(EXCLUDE_FILE(*crtend.o *crtend?.o) .ctors)
 *(SORT_BY_NAME(.ctors.*))
 *(.ctors)
 *crtbegin.o(.dtors)
 *crtbegin?.o(.dtors)
 *(EXCLUDE_FILE(*crtend.o *crtend?.o) .dtors)
 *(SORT_BY_NAME(.dtors.*))
 *(.dtors)
                0x1000d558                        . = ALIGN (0x4)
                0x1000d558                        PROVIDE (__preinit_array_start = .)
 *(SORT_BY_NAME(.preinit_array.*))
 .preinit_array.00050
                0x1000d558        0x4 CMakeFiles/platformer.dir/C_/Users/Nickd/.pico-sdk/sdk/2.2.0/src/rp2_common/pico_runtime_init/runtime_init.c.obj
                0x1000d558                __pre_init_runtime_init_bootrom_reset
 .preinit_array.00100
                0x1000d55c        0x4 CMakeFiles/platformer.dir/C_/Users/Nickd/.pico-sdk/sdk/2.2.0/src/rp2_common/pico_runtime_init/runtime_init.c.obj
                0x1000d55c                __pre_init_runtime_init_early_resets
 .preinit_array.00101
                0x1000d560        0x4 CMakeFiles/platformer.dir/C_/Users/Nickd/.pico-sdk/sdk/2.2.0/src/rp2_common/pico_runtime_init/runtime_init.c.obj
                0x1000d560                __pre_init_runtime_init_usb_power_down
 .preinit_array.00500
                0x1000d564        0x4 CMakeFiles/platformer.dir/C_/Users/Nickd/.pico-sdk/sdk/2.2.0/src/rp2_common/pico_runtime_init/runtime_init.c.obj
                0x1000d564                __pre_init_runtime_init_clocks
 .preinit_array.00600
                0x1000d568        0x4 CMakeFiles/platformer.dir/C_/Users/Nickd/.pico-sdk/sdk/2.2.0/src/rp2_common/pico_runtime_init/runtime_init.c.obj
                0x1000d568                __pre_init_runtime_init_post_clock_resets
 .preinit_array.01000
                0x1000d56c        0x4 CMakeFiles/platformer.dir/C_/Users/Nickd/.pico-sdk/sdk/2.2.0/src/rp2_common/hardware_boot_lock/boot_lock.c.obj
                0x1000d56c                __pre_init_runtime_init_boot_locks_reset
 .preinit_array.01000
                0x1000d570        0x4 CMakeFiles/platformer.dir/C_/Users/Nickd/.pico-sdk/sdk/2.2.0/src/rp2_common/pico_runtime_init/runtime_init.c.obj
                0x1000d570                __pre_init_runtime_init_spin_locks_reset
 .preinit_array.01010
                0x1000d574        0x4 CMakeFiles/platformer.dir/C_/Users/Nickd/.pico-sdk/sdk/2.2.0/src/rp2_common/pico_bootrom/bootrom_lock.c.obj
                0x1000d574                __pre_init_runtime_init_bootrom_locking_enable
 .preinit_array.01100
                0x1000d578        0x4 CMakeFiles/platformer.dir/C_/Users/Nickd/.pico-sdk/sdk/2.2.0/src/common/pico_sync/mutex.c.obj
                0x1000d578                __pre_init_runtime_init_mutex
 .preinit_array.10080
                0x1000d57c        0x4 CMakeFiles/platformer.dir/C_/Users/Nickd/.pico-sdk/sdk/2.2.0/src/rp2_common/pico_runtime_init/runtime_init.c.obj
                0x1000d57c                __pre_init_runtime_init_install_ram_vector_table
 .preinit_array.11000
                0x1000d580        0x4 CMakeFiles/platformer.dir/C_/Users/Nickd/.pico-sdk/sdk/2.2.0/src/common/pico_time/time.c.obj
                0x1000d580                __pre_init_runtime_init_default_alarm_pool
 .preinit_array.YYYYY
                0x1000d584        0x4 CMakeFiles/platformer.dir/C_/Users/Nickd/.pico-sdk/sdk/2.2.0/src/rp2_common/pico_runtime/runtime.c.obj
                0x1000d584                __pre_init_first_per_core_initializer
 .preinit_array.ZZZZZ.00051
                0x1000d588        0x4 CMakeFiles/platformer.dir/C_/Users/Nickd/.pico-sdk/sdk/2.2.0/src/rp2_common/pico_runtime_init/runtime_init.c.obj
                0x1000d588                __pre_init_runtime_init_per_core_bootrom_reset
 .preinit_array.ZZZZZ.00200
                0x1000d58c        0x4 CMakeFiles/platformer.dir/C_/Users/Nickd/.pico-sdk/sdk/2.2.0/src/rp2_common/pico_runtime_init/runtime_init.c.obj
                0x1000d58c                __pre_init_runtime_init_per_core_enable_coprocessors
 .preinit_array.ZZZZZ.01000
                0x1000d590        0x4 CMakeFiles/platformer.dir/C_/Users/Nickd/.pico-sdk/sdk/2.2.0/src/rp2_common/hardware_sync_spin_lock/sync_spin_lock.c.obj
                0x1000d590                __pre_init_spinlock_set_extexclall
 .preinit_array.ZZZZZ.01200
                0x1000d594        0x4 CMakeFiles/platformer.dir/C_/Users/Nickd/.pico-sdk/sdk/2.2.0/src/rp2_common/hardware_irq/irq.c.obj
                0x1000d594                __pre_init_runtime_init_per_core_irq_priorities
 *(.preinit_array)
                0x1000d598                        PROVIDE (__preinit_array_end = .)
                0x1000d598                        . = ALIGN (0x4)
                0x1000d598                        PROVIDE (__init_array_start = .)
 *(SORT_BY_NAME(.init_array.*))
 .init_array.01000
                0x1000d598        0x4 CMakeFiles/platformer.dir/C_/Users/Nickd/.pico-sdk/sdk/2.2.0/src/rp2_common/pico_unique_id/unique_id.c.obj
 *(.init_array)
 .init_array    0x1000d59c        0x4 C:/Users/Nickd/.pico-sdk/toolchain/14_2_Rel1/bin/../lib/gcc/arm-none-eabi/14.2.1/thumb/v8-m.main+fp/softfp/crtbegin.o
                0x1000d5a0                        PROVIDE (__init_array_end = .)
                0x1000d5a0                        . = ALIGN (0x4)
                [!provide]                        PROVIDE (__fini_array_start = .)
 *(SORT_BY_NAME(.fini_array.*))
 *(.fini_array)
                [!provide]                        PROVIDE (__fini_array_end = .)
 *(.eh_frame*)
 .eh_frame      0x1000d5a0        0x0 C:/Users/Nickd/.pico-sdk/toolchain/14_2_Rel1/bin/../lib/gcc/arm-none-eabi/14.2.1/thumb/v8-m.main+fp/softfp/crtbegin.o
                0x1000d5a0                        . = ALIGN (0x4)

.glue_7         0x1000d5a0        0x0
 .glue_7        0x1000d5a0        0x0 linker stubs

.glue_7t        0x1000d5a0        0x0
 .glue_7t       0x1000d5a0        0x0 linker stubs

.vfp11_veneer   0x1000d5a0        0x0
 .vfp11_veneer  0x1000d5a0        0x0 linker stubs

.v4_bx          0x1000d5a0        0x0
 .v4_bx         0x1000d5a0        0x0 linker stubs

.iplt           0x1000d5a0        0x0
 .iplt          0x1000d5a0        0x0 C:/Users/Nickd/.pico-sdk/toolchain/14_2_Rel1/bin/../lib/gcc/arm-none-eabi/14.2.1/thumb/v8-m.main+fp/softfp/crtbegin.o

.boot2          0x1000d5a0        0x0
                0x1000d5a0                        __boot2_start__ = .
 *(.boot2)
                0x1000d5a0                        __boot2_end__ = .
                0x00000001                        ASSERT (((__boot2_end__ - __boot2_start__) <= 0x100), ERROR: Pico second stage bootloader must be no more than 256 bytes in size)

.rodata         0x1000d5a0    0x18384
 *(EXCLUDE_FILE(*libm.a: *libc.a:*lib_a-mem*.o *libgcc.a:) .rodata*)
 .rodata._ZN4Game4initEv.str1.4
                0x1000d5a0      0x645 CMakeFiles/platformer.dir/Shared/game/Game.cpp.obj
                                0x1f5 (size before relaxing)
 .rodata._ZN4Game9loadLevelEPKc.str1.4
                0x1000dbe5        0xf CMakeFiles/platformer.dir/Shared/game/Game.cpp.obj
 .rodata._ZN4Game6renderEv.str1.4
                0x1000dbe5       0x13 CMakeFiles/platformer.dir/Shared/game/Game.cpp.obj
 *fill*         0x1000dbe5        0x3 
 .rodata._ZL15level3_metadata
                0x1000dbe8       0x30 CMakeFiles/platformer.dir/Shared/game/Game.cpp.obj
 .rodata._ZL13level3_bosses