Archive member included to satisfy reference by file (symbol)

third_party/ST7789_Pico/libst7789_lib.a(st7789.cpp.obj)
                              CMakeFiles/platformer.dir/Pico/PicoRenderer.cpp.obj (st7789::ST7789::ST7789())
third_party/ST7789_Pico/libst7789_lib.a(st7789_hal.cpp.obj)
                              third_party/ST7789_Pico/libst7789_lib.a(st7789.cpp.obj) (st7789::HAL::~HAL())
third_party/ST7789_Pico/libst7789_lib.a(st7789_gfx.cpp.obj)
                              third_party/ST7789_Pico/libst7789_lib.a(st7789.cpp.obj) (st7789::Graphics::~Graphics())
third_party/ST7789_Pico/libst7789_lib.a(st7789_font.cpp.obj)
                              third_party/ST7789_Pico/libst7789_lib.a(st7789_gfx.cpp.obj) (font)
C:/Users/Nickd/.pico-sdk/toolchain/14_2_Rel1/bin/../lib/gcc/arm-none-eabi/14.2.1/thumb/v6-m/nofp\libgcc.a(_dvmd_tls.o)
                              CMakeFiles/platformer.dir/C_/Users/Nickd/.pico-sdk/sdk/2.2.0/src/rp2_common/pico_divider/divider_hardware.S.obj (__aeabi_idiv0)
C:/Users/Nickd/.pico-sdk/toolchain/14_2_Rel1/bin/../lib/gcc/arm-none-eabi/14.2.1/thumb/v6-m/nofp\libg.a(libc_a-atoi.o)
                              CMakeFiles/platformer.dir/Shared/game/level/Level.cpp.obj (atoi)
C:/Users/Nickd/.pico-sdk/toolchain/14_2_Rel1/bin/../lib/gcc/arm-none-eabi/14.2.1/thumb/v6-m/nofp\libg.a(libc_a-calloc.o)
                              CMakeFiles/platformer.dir/C_/Users/Nickd/.pico-sdk/sdk/2.2.0/src/rp2_common/pico_malloc/malloc.c.obj (calloc)
C:/Users/Nickd/.pico-sdk/toolchain/14_2_Rel1/bin/../lib/gcc/arm-none-eabi/14.2.1/thumb/v6-m/nofp\libg.a(libc_a-callocr.o)
                              C:/Users/Nickd/.pico-sdk/toolchain/14_2_Rel1/bin/../lib/gcc/arm-none-eabi/14.2.1/thumb/v6-m/nofp\libg.a(libc_a-calloc.o) (_calloc_r)
C:/Users/Nickd/.pico-sdk/toolchain/14_2_Rel1/bin/../lib/gcc/arm-none-eabi/14.2.1/thumb/v6-m/nofp\libg.a(libc_a-malloc.o)
                              CMakeFiles/platformer.dir/C_/Users/Nickd/.pico-sdk/sdk/2.2.0/src/rp2_common/pico_malloc/malloc.c.obj (malloc)
C:/Users/Nickd/.pico-sdk/toolchain/14_2_Rel1/bin/../lib/gcc/arm-none-eabi/14.2.1/thumb/v6-m/nofp\libg.a(libc_a-mallocr.o)
                              C:/Users/Nickd/.pico-sdk/toolchain/14_2_Rel1/bin/../lib/gcc/arm-none-eabi/14.2.1/thumb/v6-m/nofp\libg.a(libc_a-callocr.o) (_malloc_r)
C:/Users/Nickd/.pico-sdk/toolchain/14_2_Rel1/bin/../lib/gcc/arm-none-eabi/14.2.1/thumb/v6-m/nofp\libg.a(libc_a-mlock.o)
                              C:/Users/Nickd/.pico-sdk/toolchain/14_2_Rel1/bin/../lib/gcc/arm-none-eabi/14.2.1/thumb/v6-m/nofp\libg.a(libc_a-mallocr.o) (__malloc_lock)
C:/Users/Nickd/.pico-sdk/toolchain/14_2_Rel1/bin/../lib/gcc/arm-none-eabi/14.2.1/thumb/v6-m/nofp\libg.a(libc_a-realloc.o)
                              CMakeFiles/platformer.dir/C_/Users/Nickd/.pico-sdk/sdk/2.2.0/src/rp2_common/pico_malloc/malloc.c.obj (realloc)
C:/Users/Nickd/.pico-sdk/toolchain/14_2_Rel1/bin/../lib/gcc/arm-none-eabi/14.2.1/thumb/v6-m/nofp\libg.a(libc_a-reallocr.o)
                              C:/Users/Nickd/.pico-sdk/toolchain/14_2_Rel1/bin/../lib/gcc/arm-none-eabi/14.2.1/thumb/v6-m/nofp\libg.a(libc_a-realloc.o) (_realloc_r)
C:/Users/Nickd/.pico-sdk/toolchain/14_2_Rel1/bin/../lib/gcc/arm-none-eabi/14.2.1/thumb/v6-m/nofp\libg.a(libc_a-strtol.o)
                              C:/Users/Nickd/.pico-sdk/toolchain/14_2_Rel1/bin/../lib/gcc/arm-none-eabi/14.2.1/thumb/v6-m/nofp\libg.a(libc_a-atoi.o) (_strtol_r)
C:/Users/Nickd/.pico-sdk/toolchain/14_2_Rel1/bin/../lib/gcc/arm-none-eabi/14.2.1/thumb/v6-m/nofp\libg.a(libc_a-ctype_.o)
                              C:/Users/Nickd/.pico-sdk/toolchain/14_2_Rel1/bin/../lib/gcc/arm-none-eabi/14.2.1/thumb/v6-m/nofp\libg.a(libc_a-strtol.o) (_ctype_)
C:/Users/Nickd/.pico-sdk/toolchain/14_2_Rel1/bin/../lib/gcc/arm-none-eabi/14.2.1/thumb/v6-m/nofp\libg.a(libc_a-fclose.o)
                              CMakeFiles/platformer.dir/Shared/game/level/Level.cpp.obj (fclose)
C:/Users/Nickd/.pico-sdk/toolchain/14_2_Rel1/bin/../lib/gcc/arm-none-eabi/14.2.1/thumb/v6-m/nofp\libg.a(libc_a-fflush.o)
                              C:/Users/Nickd/.pico-sdk/toolchain/14_2_Rel1/bin/../lib/gcc/arm-none-eabi/14.2.1/thumb/v6-m/nofp\libg.a(libc_a-fclose.o) (__sflush_r)
C:/Users/Nickd/.pico-sdk/toolchain/14_2_Rel1/bin/../lib/gcc/arm-none-eabi/14.2.1/thumb/v6-m/nofp\libg.a(libc_a-fgets.o)
                              CMakeFiles/platformer.dir/Shared/game/level/Level.cpp.obj (fgets)
C:/Users/Nickd/.pico-sdk/toolchain/14_2_Rel1/bin/../lib/gcc/arm-none-eabi/14.2.1/thumb/v6-m/nofp\libg.a(libc_a-findfp.o)
                              C:/Users/Nickd/.pico-sdk/toolchain/14_2_Rel1/bin/../lib/gcc/arm-none-eabi/14.2.1/thumb/v6-m/nofp\libg.a(libc_a-fflush.o) (__sglue)
C:/Users/Nickd/.pico-sdk/toolchain/14_2_Rel1/bin/../lib/gcc/arm-none-eabi/14.2.1/thumb/v6-m/nofp\libg.a(libc_a-fopen.o)
                              CMakeFiles/platformer.dir/Shared/game/level/Level.cpp.obj (fopen)
[...]
Memory Configuration

Name             Origin             Length             Attributes
FLASH            0x10000000         0x00200000         xr
RAM              0x20000000         0x00040000         xrw
SCRATCH_X        0x20040000         0x00001000         xrw
SCRATCH_Y        0x20041000         0x00001000         xrw
*default*        0x00000000         0xffffffff

Linker script and memory map

LOAD C:/Users/Nickd/.pico-sdk/toolchain/14_2_Rel1/bin/../lib/gcc/arm-none-eabi/14.2.1/thumb/v6-m/nofp/crti.o
LOAD C:/Users/Nickd/.pico-sdk/toolchain/14_2_Rel1/bin/../lib/gcc/arm-none-eabi/14.2.1/thumb/v6-m/nofp/crtbegin.o
LOAD C:/Users/Nickd/.pico-sdk/toolchain/14_2_Rel1/bin/../lib/gcc/arm-none-eabi/14.2.1/thumb/v6-m/nofp/crt0.o

.flash_begin    0x10000000        0x0
                0x10000000                        __flash_binary_start = .

.boot2          0x10000000      0x100
                0x10000000                        __boot2_start__ = .
 *(.boot2)
 .boot2         0x10000000      0x100 pico-sdk/src/rp2040/boot_stage2/CMakeFiles/bs2_default_library.dir/./bs2_default_padded_checksummed.S.obj
                0x10000100                        __boot2_end__ = .
                0x00000001                        ASSERT (((__boot2_end__ - __boot2_start__) == 0x100), ERROR: Pico second stage bootloader must be 256 bytes in size)

.text           0x10000100    0x155f4
                0x10000100                        __logical_binary_start = .
 *(.vectors)
 .vectors       0x10000100       0xd4 CMakeFiles/platformer.dir/C_/Users/Nickd/.pico-sdk/sdk/2.2.0/src/rp2_common/pico_crt0/crt0.S.obj
                0x10000100                __VECTOR_TABLE
                0x10000100                __vectors
                0x100001c0                isr_irq13
                0x100001c0                isr_irq27
                0x100001c0                isr_irq31
                0x100001c0                isr_irq12
                0x100001c0                isr_irq5
                0x100001c0                isr_irq11
                0x100001c0                isr_irq3
                0x100001c0                isr_irq23
                0x100001c0                __unhandled_user_irq
                0x100001c0                isr_irq26
                0x100001c0                isr_irq28
                0x100001c0                isr_irq19
                0x100001c0                isr_irq0
                0x100001c0                isr_irq6
                0x100001c0                isr_irq29
                0x100001c0                isr_irq16
                0x100001c0                isr_irq22
                0x100001c0                isr_irq18
                0x100001c0                isr_irq17
                0x100001c0                isr_irq14
                0x100001c0                __vectors_end
                0x100001c0                __default_isrs_start
                0x100001c0                isr_irq2
                0x100001c0                isr_irq10
                0x100001c0                isr_irq8
                0x100001c0                isr_irq24
                0x100001c0                isr_irq1
                0x100001c0                isr_irq7
                0x100001c0                isr_irq21
                0x100001c0                isr_irq20
                0x100001c0                isr_irq15
                0x100001c0                isr_irq25
                0x100001c0                isr_irq4
                0x100001c0                isr_irq30
                0x100001c0                isr_irq9
                0x100001c6                unhandled_user_irq_num_in_r0
                0x100001c8                isr_invalid
                0x100001ca                isr_nmi
                0x100001cc                isr_hardfault
                0x100001ce                isr_svcall
                0x100001d0                isr_pendsv
                0x100001d2                isr_systick
                0x100001d4                __default_isrs_end
 *(.binary_info_header)
 .binary_info_header
                0x100001d4       0x14 CMakeFiles/platformer.dir/C_/Users/Nickd/.pico-sdk/sdk/2.2.0/src/rp2_common/pico_crt0/crt0.S.obj
                0x100001e8                        __binary_info_header_end = .
 *(.embedded_block)
                0x100001e8                        __embedded_block_end = .
 *(.reset)
 .reset         0x100001e8       0x9c CMakeFiles/platformer.dir/C_/Users/Nickd/.pico-sdk/sdk/2.2.0/src/rp2_common/pico_crt0/crt0.S.obj
                0x100001e8                _entry_point
 *(.init)
 .init          0x10000284        0x4 C:/Users/Nickd/.pico-sdk/toolchain/14_2_Rel1/bin/../lib/gcc/arm-none-eabi/14.2.1/thumb/v6-m/nofp/crti.o
                0x10000284                _init
 *(EXCLUDE_FILE(*libm.a: *libc.a:*lib_a-mem*.o *libgcc.a:) .text*)
 .text.register_tm_clones
                0x10000288       0x28 C:/Users/Nickd/.pico-sdk/toolchain/14_2_Rel1/bin/../lib/gcc/arm-none-eabi/14.2.1/thumb/v6-m/nofp/crtbegin.o
 .text.frame_dummy
                0x100002b0       0x24 C:/Users/Nickd/.pico-sdk/toolchain/14_2_Rel1/bin/../lib/gcc/arm-none-eabi/14.2.1/thumb/v6-m/nofp/crtbegin.o
 .text._ZN4GameC2EP9IRendererP6IInputP8IHapticsP6ITimer
                0x100002d4      0x568 CMakeFiles/platformer.dir/Shared/game/Game.cpp.obj
                0x100002d4                Game::Game(IRenderer*, IInput*, IHaptics*, ITimer*)
                0x100002d4                Game::Game(IRenderer*, IInput*, IHaptics*, ITimer*)
 .text._ZN4Game4initEv
                0x1000083c      0x17c CMakeFiles/platformer.dir/Shared/game/Game.cpp.obj
                0x1000083c                Game::init()
 .text._ZN4Game25resetAndSpawnEntitiesPicoEv
                0x100009b8      0x56c CMakeFiles/platformer.dir/Shared/game/Game.cpp.obj
                0x100009b8                Game::resetAndSpawnEntitiesPico()
 .text._ZN4Game28syncEntitiesFromCurrentLevelEPKc
                0x10000f24       0x28 CMakeFiles/platformer.dir/Shared/game/Game.cpp.obj
                0x10000f24                Game::syncEntitiesFromCurrentLevel(char const*)
 .text._ZN4Game21checkPortalCollisionsEv
                0x10000f4c       0xc8 CMakeFiles/platformer.dir/Shared/game/Game.cpp.obj
                0x10000f4c                Game::checkPortalCollisions()
 .text._ZN4Game6updateEv
                0x10001014     0x1678 CMakeFiles/platformer.dir/Shared/game/Game.cpp.obj
                0x10001014                Game::update()
 .text._ZN4Game6renderEv
                0x1000268c      0x724 CMakeFiles/platformer.dir/Shared/game/Game.cpp.obj
                0x1000268c                Game::render()
 .text._ZN6PlayerC2Ev
                0x10002db0       0x24 CMakeFiles/platformer.dir/Shared/game/player/Player.cpp.obj
                0x10002db0                Player::Player()
                0x10002db0                Player::Player()
 .text._ZN6Player6updateEf
                0x10002dd4       0xa0 CMakeFiles/platformer.dir/Shared/game/player/Player.cpp.obj
                0x10002dd4                Player::update(float)
 .text._ZNK6Player11getColliderEv
                0x10002e74       0x10 CMakeFiles/platformer.dir/Shared/game/player/Player.cpp.obj
                0x10002e74                Player::getCollider() const
 .text._ZN16PlayerControllerC2Ev
                0x10002e84       0x10 CMakeFiles/platformer.dir/Shared/game/player/PlayerController.cpp.obj
                0x10002e84                PlayerController::PlayerController()
                0x10002e84                PlayerController::PlayerController()
 .text._ZN16PlayerController17handleDropThroughER6PlayerP6IInputf
                0x10002e94       0x80 CMakeFiles/platformer.dir/Shared/game/player/PlayerController.cpp.obj
                0x10002e94                PlayerController::handleDropThrough(Player&, IInput*, float)
 .text._ZN16PlayerController6updateER6PlayerP6IInputf
                0x10002f14      0x1a8 CMakeFiles/platformer.dir/Shared/game/player/PlayerController.cpp.obj
                0x10002f14                PlayerController::update(Player&, IInput*, float)
 .text._ZN10ProjectileC2E4Vec2b
                0x100030bc       0x3c CMakeFiles/platformer.dir/Shared/game/projectile/Projectile.cpp.obj
                0x100030bc                Projectile::Projectile(Vec2, bool)
                0x100030bc                Projectile::Projectile(Vec2, bool)
 .text._ZN10Projectile6updateEf
                0x100030f8       0x98 CMakeFiles/platformer.dir/Shared/game/projectile/Projectile.cpp.obj
                0x100030f8                Projectile::update(float)
 .text._ZNK10Projectile11getColliderEv
                0x10003190       0x10 CMakeFiles/platformer.dir/Shared/game/projectile/Projectile.cpp.obj
                0x10003190                Projectile::getCollider() const
 .text._ZN10BasicEnemyC2E4Vec2b
                0x100031a0       0x40 CMakeFiles/platformer.dir/Shared/game/enemy/BasicEnemy.cpp.obj
                0x100031a0                BasicEnemy::BasicEnemy(Vec2, bool)
                0x100031a0                BasicEnemy::BasicEnemy(Vec2, bool)
 .text._ZN10BasicEnemy10takeDamageEi
                0x100031e0       0x10 CMakeFiles/platformer.dir/Shared/game/enemy/BasicEnemy.cpp.obj
                0x100031e0                BasicEnemy::takeDamage(int)
 .text._ZNK10BasicEnemy11getColliderEv
                0x100031f0       0x10 CMakeFiles/platformer.dir/Shared/game/enemy/BasicEnemy.cpp.obj
                0x100031f0                BasicEnemy::getCollider() const
 .text._ZN10BasicEnemy18checkWallCollisionERK5Level
                0x10003200       0xe0 CMakeFiles/platformer.dir/Shared/game/enemy/BasicEnemy.cpp.obj
                0x10003200                BasicEnemy::checkWallCollision(Level const&)
 .text._ZN10BasicEnemy6updateEfRK5Level
                0x100032e0      0x240 CMakeFiles/platformer.dir/Shared/game/enemy/BasicEnemy.cpp.obj
                0x100032e0                BasicEnemy::update(float, Level const&)
 .text._ZN11RangedEnemyC2E4Vec2b
                0x10003520       0x48 CMakeFiles/platformer.dir/Shared/game/enemy/RangedEnemy.cpp.obj
                0x10003520                RangedEnemy::RangedEnemy(Vec2, bool)
                0x10003520                RangedEnemy::RangedEnemy(Vec2, bool)
 .text._ZN11RangedEnemy10takeDamageEi
                0x10003568       0x10 CMakeFiles/platformer.dir/Shared/game/enemy/RangedEnemy.cpp.obj
                0x10003568                RangedEnemy::takeDamage(int)
 .text._ZNK11RangedEnemy11getColliderEv
                0x10003578       0x10 CMakeFiles/platformer.dir/Shared/game/enemy/RangedEnemy.cpp.obj
                0x10003578                RangedEnemy::getCollider() const
 .text._ZN11RangedEnemy18checkWallCollisionERK5Level
                0x10003588       0xd8 CMakeFiles/platformer.dir/Shared/game/enemy/RangedEnemy.cpp.obj
                0x10003588                RangedEnemy::checkWallCollision(Level const&)
 .text._ZNK11RangedEnemy14hasLineOfSightE4Vec2RK5Level
                0x10003660       0xd8 CMakeFiles/platformer.dir/Shared/game/enemy/RangedEnemy.cpp.obj
                0x10003660                RangedEnemy::hasLineOfSight(Vec2, Level const&) const
 .text._ZN11RangedEnemy6updateEfRK5LevelRK6PlayerR10EntityPoolI15EnemyProjectileLj30EE
                0x10003738      0x420 CMakeFiles/platformer.dir/Shared/game/enemy/RangedEnemy.cpp.obj
                0x10003738                RangedEnemy::update(float, Level const&, Player const&, EntityPool<EnemyProjectile, 30u>&)
 .text._ZN15EnemyProjectileC2E4Vec2S0_
                0x10003b58      0x1d8 CMakeFiles/platformer.dir/Shared/game/enemy/EnemyProjectile.cpp.obj
                0x10003b58                EnemyProjectile::EnemyProjectile(Vec2, Vec2)
                0x10003b58                EnemyProjectile::EnemyProjectile(Vec2, Vec2)
 .text._ZN15EnemyProjectile6updateEf
                0x10003d30       0x98 CMakeFiles/platformer.dir/Shared/game/enemy/EnemyProjectile.cpp.obj
                0x10003d30                EnemyProjectile::update(float)
 .text._ZNK15EnemyProjectile11getColliderEv
                0x10003dc8       0x10 CMakeFiles/platformer.dir/Shared/game/enemy/EnemyProjectile.cpp.obj
                0x10003dc8                EnemyProjectile::getCollider() const
 .text._ZN10HealthPackC2E4Vec2
                0x10003dd8       0x20 CMakeFiles/platformer.dir/Shared/game/healthpack/HealthPack.cpp.obj
                0x10003dd8                HealthPack::HealthPack(Vec2)
                0x10003dd8                HealthPack::HealthPack(Vec2)
 .text._ZN10HealthPack6updateEf
                0x10003df8       0x40 CMakeFiles/platformer.dir/Shared/game/healthpack/HealthPack.cpp.obj
                0x10003df8                HealthPack::update(float)
 .text._ZNK10HealthPack6renderEP9IRendereriii
                0x10003e38       0x88 CMakeFiles/platformer.dir/Shared/game/healthpack/HealthPack.cpp.obj
                0x10003e38                HealthPack::render(IRenderer*, int, int, int) const
 .text._ZNK10HealthPack11getColliderEv
                0x10003ec0       0x10 CMakeFiles/platformer.dir/Shared/game/healthpack/HealthPack.cpp.obj
                0x10003ec0                HealthPack::getCollider() const
 .text._ZN9ObjectiveC2E4Vec213ObjectiveType
                0x10003ed0       0x1c CMakeFiles/platformer.dir/Shared/game/objective/Objective.cpp.obj
                0x10003ed0                Objective::Objective(Vec2, ObjectiveType)
                0x10003ed0                Objective::Objective(Vec2, ObjectiveType)
 .text._ZNK9Objective6renderEP9IRendereriii
                0x10003eec       0x88 CMakeFiles/platformer.dir/Shared/game/objective/Objective.cpp.obj
                0x10003eec                Objective::render(IRenderer*, int, int, int) const
 .text._ZNK9Objective11getColliderEv
                0x10003f74       0x10 CMakeFiles/platformer.dir/Shared/game/objective/Objective.cpp.obj
                0x10003f74                Objective::getCollider() const
 .text._ZN7Physics12applyGravityER6Playerf
                0x10003f84       0x54 CMakeFiles/platformer.dir/Shared/game/physics/Physics.cpp.obj
                0x10003f84                Physics::applyGravity(Player&, float)
 .text._ZN7Physics13clampVelocityER6Player
                0x10003fd8       0x24 CMakeFiles/platformer.dir/Shared/game/physics/Physics.cpp.obj
                0x10003fd8                Physics::clampVelocity(Player&)
 .text._ZN9Collision15resolveVerticalER6PlayerRK5Level
                0x10003ffc      0x180 CMakeFiles/platformer.dir/Shared/game/physics/Collision.cpp.obj
                0x10003ffc                Collision::resolveVertical(Player&, Level const&)
 .text._ZN9Collision17resolveHorizontalER6PlayerRK5Level
                0x1000417c       0xd8 CMakeFiles/platformer.dir/Shared/game/physics/Collision.cpp.obj
                0x1000417c                Collision::resolveHorizontal(Player&, Level const&)
 .text._ZN9Collision28checkProjectileTileCollisionERK10ProjectileRK5Level
                0x10004254       0x8c CMakeFiles/platformer.dir/Shared/game/physics/Collision.cpp.obj
                0x10004254                Collision::checkProjectileTileCollision(Projectile const&, Level const&)
 .text._ZN9Collision33checkEnemyProjectileTileCollisionERK15EnemyProjectileRK5Level
                0x100042e0       0x8c CMakeFiles/platformer.dir/Shared/game/physics/Collision.cpp.obj
                0x100042e0                Collision::checkEnemyProjectileTileCollision(EnemyProjectile const&, Level const&)
 .text._ZNK5Level9getTileIdEii
                0x1000436c       0x28 CMakeFiles/platformer.dir/Shared/game/level/Level.cpp.obj
                0x1000436c                Level::getTileId(int, int) const
 .text._ZNK5Level7isSolidEii
                0x10004394       0x44 CMakeFiles/platformer.dir/Shared/game/level/Level.cpp.obj
                0x10004394                Level::isSolid(int, int) const
 .text._ZNK5Level10isPlatformEii
                0x100043d8       0x34 CMakeFiles/platformer.dir/Shared/game/level/Level.cpp.obj
                0x100043d8                Level::isPlatform(int, int) const
 .text._ZN5Level12loadFromFileEPKc
                0x1000440c      0x640 CMakeFiles/platformer.dir/Shared/game/level/Level.cpp.obj
                0x1000440c                Level::loadFromFile(char const*)
 .text._ZN5Level18loadFromBinaryDataEPKaiiPK13LevelMetadata
                0x10004a4c      0x334 CMakeFiles/platformer.dir/Shared/game/level/Level.cpp.obj
                0x10004a4c                Level::loadFromBinaryData(signed char const*, int, int, LevelMetadata const*)
 .text._ZN5Level13loadTestLevelEv
                0x10004d80       0xdc CMakeFiles/platformer.dir/Shared/game/level/Level.cpp.obj
                0x10004d80                Level::loadTestLevel()
 .text._ZN5LevelC2Ev
                0x10004e5c      0x150 CMakeFiles/platformer.dir/Shared/game/level/Level.cpp.obj
                0x10004e5c                Level::Level()
                0x10004e5c                Level::Level()
 .text._ZN6CameraC2Eii
                0x10004fac        0xc CMakeFiles/platformer.dir/Shared/game/level/Camera.cpp.obj
                0x10004fac                Camera::Camera(int, int)
                0x10004fac                Camera::Camera(int, int)
 .text._ZN6Camera6followERK6PlayerRK5Level
                0x10004fb8      0x114 CMakeFiles/platformer.dir/Shared/game/level/Camera.cpp.obj
                0x10004fb8                Camera::follow(Player const&, Level const&)
 .text.startup.main
                0x100050cc       0x70 CMakeFiles/platformer.dir/Pico/main_pico.cpp.obj
                0x100050cc                main
 .text._ZNK12PicoRenderer14getScreenWidthEv
                0x1000513c        0x8 CMakeFiles/platformer.dir/Pico/PicoRenderer.cpp.obj
                0x1000513c                PicoRenderer::getScreenWidth() const
 .text._ZNK12PicoRenderer15getScreenHeightEv
                0x10005144        0x8 CMakeFiles/platformer.dir/Pico/PicoRenderer.cpp.obj
                0x10005144                PicoRenderer::getScreenHeight() const
 .text._ZN12PicoRenderer8endFrameEv
                0x1000514c        0x4 CMakeFiles/platformer.dir/Pico/PicoRenderer.cpp.obj
                0x1000514c                PicoRenderer::endFrame()
 .text._ZN12PicoRenderer5clearE5Color
                0x10005150       0x3c CMakeFiles/platformer.dir/Pico/PicoRenderer.cpp.obj
                0x10005150                PicoRenderer::clear(Color)
 .text._ZN12PicoRenderer8drawRectERK4Rect5Colorb
                0x1000518c      0x198 CMakeFiles/platformer.dir/Pico/PicoRenderer.cpp.obj
                0x1000518c                PicoRenderer::drawRect(Rect const&, Color, bool)
 .text._ZN12PicoRenderer8drawTextEPKcii5Color
                0x10005324      0x8f4 CMakeFiles/platformer.dir/Pico/PicoRenderer.cpp.obj
                0x10005324                PicoRenderer::drawText(char const*, int, int, Color)
 .text._ZN12PicoRenderer11loadTextureEPKc
                0x10005c18      0x180 CMakeFiles/platformer.dir/Pico/PicoRenderer.cpp.obj
                0x10005c18                PicoRenderer::loadTexture(char const*)
 .text._ZN12PicoRenderer10beginFrameEv
                0x10005d98       0x44 CMakeFiles/platformer.dir/Pico/PicoRenderer.cpp.obj
                0x10005d98                PicoRenderer::beginFrame()
 .text._ZN12PicoRenderer10drawSpriteEiRK4RectS2_b
                0x10005ddc      0x4d4 CMakeFiles/platformer.dir/Pico/PicoRenderer.cpp.obj
                0x10005ddc                PicoRenderer::drawSprite(int, Rect const&, Rect const&, bool)
 .text._ZN12PicoRendererC2Ev
                0x100062b0      0x3e8 CMakeFiles/platformer.dir/Pico/PicoRenderer.cpp.obj
                0x100062b0                PicoRenderer::PicoRenderer()
                0x100062b0                PicoRenderer::PicoRenderer()
 .text._ZN12PicoRenderer21blitTransparentPixelsEPKtiiiib
                0x10006698      0x358 CMakeFiles/platformer.dir/Pico/PicoRenderer.cpp.obj
                0x10006698                PicoRenderer::blitTransparentPixels(unsigned short const*, int, int, int, int, bool)
 .text._ZN12PicoRenderer8drawTileEiiaiii
                0x100069f0       0xd0 CMakeFiles/platformer.dir/Pico/PicoRenderer.cpp.obj
                0x100069f0                PicoRenderer::drawTile(int, int, signed char, int, int, int)
 .text._ZN12PicoRenderer15drawSpriteFrameEiiiiRK4Rectb
                0x10006ac0       0x58 CMakeFiles/platformer.dir/Pico/PicoRenderer.cpp.obj
                0x10006ac0                PicoRenderer::drawSpriteFrame(int, int, int, int, Rect const&, bool)
 .text._ZN12PicoRendererD2Ev
                0x10006b18       0x18 CMakeFiles/platformer.dir/Pico/PicoRenderer.cpp.obj
                0x10006b18                PicoRenderer::~PicoRenderer()
                0x10006b18                PicoRenderer::~PicoRenderer()
 .text._ZN12PicoRendererD0Ev
                0x10006b30       0x24 CMakeFiles/platformer.dir/Pico/PicoRenderer.cpp.obj
                0x10006b30                PicoRenderer::~PicoRenderer()
 .text._ZN9PicoInput6updateEv
                0x10006b54       0x64 CMakeFiles/platformer.dir/Pico/PicoInput.cpp.obj
                0x10006b54                PicoInput::update()
 .text._ZNK9PicoInput9isPressedE6Button
                0x10006bb8       0x14 CMakeFiles/platformer.dir/Pico/PicoInput.cpp.obj
                0x10006bb8                PicoInput::isPressed(Button) const
 .text._ZNK9PicoInput14wasJustPressedE6Button
                0x10006bcc       0x24 CMakeFiles/platformer.dir/Pico/PicoInput.cpp.obj
                0x10006bcc                PicoInput::wasJustPressed(Button) const
 .text._ZNK9PicoInput15wasJustReleasedE6Button
                0x10006bf0       0x20 CMakeFiles/platformer.dir/Pico/PicoInput.cpp.obj
                0x10006bf0                PicoInput::wasJustReleased(Button) const
 .text._ZN9PicoInputD2Ev
                0x10006c10        0x4 CMakeFiles/platformer.dir/Pico/PicoInput.cpp.obj
                0x10006c10                PicoInput::~PicoInput()
                0x10006c10                PicoInput::~PicoInput()
 .text._ZN9PicoInputD0Ev
                0x10006c14       0x10 CMakeFiles/platformer.dir/Pico/PicoInput.cpp.obj
                0x10006c14                PicoInput::~PicoInput()
 .text._ZN9PicoInputC2Ev
                0x10006c24       0x90 CMakeFiles/platformer.dir/Pico/PicoInput.cpp.obj
                0x10006c24                PicoInput::PicoInput()
                0x10006c24                PicoInput::PicoInput()
 .text._ZN11PicoHaptics7triggerE12HapticEffecti
                0x10006cb4       0x28 CMakeFiles/platformer.dir/Pico/PicoHaptics.cpp.obj
                0x10006cb4                PicoHaptics::trigger(HapticEffect, int)
 .text._ZN11PicoHaptics4stopEv
                0x10006cdc       0x18 CMakeFiles/platformer.dir/Pico/PicoHaptics.cpp.obj
                0x10006cdc                PicoHaptics::stop()
 .text._ZN11PicoHapticsD2Ev
                0x10006cf4        0x4 CMakeFiles/platformer.dir/Pico/PicoHaptics.cpp.obj
                0x10006cf4                PicoHaptics::~PicoHaptics()
                0x10006cf4                PicoHaptics::~PicoHaptics()
 .text._ZN11PicoHapticsD0Ev
                0x10006cf8       0x10 CMakeFiles/platformer.dir/Pico/PicoHaptics.cpp.obj
                0x10006cf8                PicoHaptics::~PicoHaptics()
 .text._ZN11PicoHapticsC2Ev
                0x10006d08       0x3c CMakeFiles/platformer.dir/Pico/PicoHaptics.cpp.obj
                0x10006d08                PicoHaptics::PicoHaptics()
                0x10006d08                PicoHaptics::PicoHaptics()
 .text._ZNK9PicoTimer12getDeltaTimeEv
                0x10006d44        0x4 CMakeFiles/platformer.dir/Pico/PicoTimer.cpp.obj
                0x10006d44                PicoTimer::getDeltaTime() const
 .text._ZNK9PicoTimer8getTicksEv
                0x10006d48        0x8 CMakeFiles/platformer.dir/Pico/PicoTimer.cpp.obj
                0x10006d48                PicoTimer::getTicks() const
 .text._ZN9PicoTimerD2Ev
                0x10006d50        0x4 CMakeFiles/platformer.dir/Pico/PicoTimer.cpp.obj
                0x10006d50                PicoTimer::~PicoTimer()
                0x10006d50                PicoTimer::~PicoTimer()
 .text._ZN9PicoTimer6updateEv
                0x10006d54       0x64 CMakeFiles/platformer.dir/Pico/PicoTimer.cpp.obj
                0x10006d54                PicoTimer::update()
 .text._ZN9PicoTimerD0Ev
                0x10006db8       0x10 CMakeFiles/platformer.dir/Pico/PicoTimer.cpp.obj
                0x10006db8                PicoTimer::~PicoTimer()
 .text._ZN9PicoTimerC2Ev
                0x10006dc8       0x20 CMakeFiles/platformer.dir/Pico/PicoTimer.cpp.obj
                0x10006dc8                PicoTimer::PicoTimer()
                0x10006dc8                PicoTimer::PicoTimer()
 .text.gpio_set_function
                0x10006de8       0x34 CMakeFiles/platformer.dir/C_/Users/Nickd/.pico-sdk/sdk/2.2.0/src/rp2_common/hardware_gpio/gpio.c.obj
                0x10006de8                gpio_set_function
 .text.gpio_set_pulls
                0x10006e1c       0x28 CMakeFiles/platformer.dir/C_/Users/Nickd/.pico-sdk/sdk/2.2.0/src/rp2_common/hardware_gpio/gpio.c.obj
                0x10006e1c                gpio_set_pulls
 .text.gpio_init
                0x10006e44       0x40 CMakeFiles/platformer.dir/C_/Users/Nickd/.pico-sdk/sdk/2.2.0/src/rp2_common/hardware_gpio/gpio.c.obj
                0x10006e44                gpio_init
 .text.rp2040_chip_version
                0x10006e84        0xc CMakeFiles/platformer.dir/C_/Users/Nickd/.pico-sdk/sdk/2.2.0/src/rp2040/pico_platform/platform.c.obj
                0x10006e84                rp2040_chip_version
 .text.panic    0x10006e90       0x30 CMakeFiles/platformer.dir/C_/Users/Nickd/.pico-sdk/sdk/2.2.0/src/rp2_common/pico_platform_panic/panic.c.obj
                0x10006e90                panic
 .text.hw_claim_or_assert
                0x10006ec0       0x44 CMakeFiles/platformer.dir/C_/Users/Nickd/.pico-sdk/sdk/2.2.0/src/common/hardware_claim/claim.c.obj
                0x10006ec0                hw_claim_or_assert
 .text.hw_claim_unused_from_range
                0x10006f04       0x88 CMakeFiles/platformer.dir/C_/Users/Nickd/.pico-sdk/sdk/2.2.0/src/common/hardware_claim/claim.c.obj
                0x10006f04                hw_claim_unused_from_range
 .text.hw_claim_clear
                0x10006f8c       0x38 CMakeFiles/platformer.dir/C_/Users/Nickd/.pico-sdk/sdk/2.2.0/src/common/hardware_claim/claim.c.obj
                0x10006f8c                hw_claim_clear
 .text.next_striped_spin_lock_num
                0x10006fc4       0x18 CMakeFiles/platformer.dir/C_/Users/Nickd/.pico-sdk/sdk/2.2.0/src/rp2_common/hardware_sync/sync.c.obj
                0x10006fc4                next_striped_spin_lock_num
 .text.spin_lock_claim_unused
                0x10006fdc       0x24 CMakeFiles/platformer.dir/C_/Users/Nickd/.pico-sdk/sdk/2.2.0/src/rp2_common/hardware_sync/sync.c.obj
                0x10006fdc                spin_lock_claim_unused
 .text.spin_locks_reset
                0x10007000       0x1c CMakeFiles/platformer.dir/C_/Users/Nickd/.pico-sdk/sdk/2.2.0/src/rp2_common/hardware_sync_spin_lock/sync_spin_lock.c.obj
                0x10007000                spin_locks_reset
 .text.runtime_init_per_core_irq_priorities
                0x1000701c       0x24 CMakeFiles/platformer.dir/C_/Users/Nickd/.pico-sdk/sdk/2.2.0/src/rp2_common/hardware_irq/irq.c.obj
                0x1000701c                runtime_init_per_core_irq_priorities
 .text.irq_set_enabled
                0x10007040       0x24 CMakeFiles/platformer.dir/C_/Users/Nickd/.pico-sdk/sdk/2.2.0/src/rp2_common/hardware_irq/irq.c.obj
                0x10007040                irq_set_enabled
 .text.irq_is_enabled
                0x10007064       0x18 CMakeFiles/platformer.dir/C_/Users/Nickd/.pico-sdk/sdk/2.2.0/src/rp2_common/hardware_irq/irq.c.obj
                0x10007064                irq_is_enabled
 .text.irq_set_pending
                0x1000707c       0x10 CMakeFiles/platformer.dir/C_/Users/Nickd/.pico-sdk/sdk/2.2.0/src/rp2_common/hardware_irq/irq.c.obj
                0x1000707c                irq_set_pending
 .text.irq_has_shared_handler
                0x1000708c       0x24 CMakeFiles/platformer.dir/C_/Users/Nickd/.pico-sdk/sdk/2.2.0/src/rp2_common/hardware_irq/irq.c.obj
                0x1000708c                irq_has_shared_handler
 .text.irq_set_exclusive_handler
                0x100070b0       0x54 CMakeFiles/platformer.dir/C_/Users/Nickd/.pico-sdk/sdk/2.2.0/src/rp2_common/hardware_irq/irq.c.obj
                0x100070b0                irq_set_exclusive_handler
 .text.irq_add_shared_handler
                0x10007104      0x1f4 CMakeFiles/platformer.dir/C_/Users/Nickd/.pico-sdk/sdk/2.2.0/src/rp2_common/hardware_irq/irq.c.obj
                0x10007104                irq_add_shared_handler
 .text.irq_add_tail_to_free_list
                0x100072f8       0xb4 CMakeFiles/platformer.dir/C_/Users/Nickd/.pico-sdk/sdk/2.2.0/src/rp2_common/hardware_irq/irq.c.obj
                0x100072f8                irq_add_tail_to_free_list
 .text.user_irq_claim_unused
                0x100073ac       0x2c CMakeFiles/platformer.dir/C_/Users/Nickd/.pico-sdk/sdk/2.2.0/src/rp2_common/hardware_irq/irq.c.obj
                0x100073ac                user_irq_claim_unused
 .text.lock_init
                0x100073d8       0x10 CMakeFiles/platformer.dir/C_/Users/Nickd/.pico-sdk/sdk/2.2.0/src/common/pico_sync/lock_core.c.obj
                0x100073d8                lock_init
 .text.runtime_init_mutex
                0x100073e8       0x50 CMakeFiles/platformer.dir/C_/Users/Nickd/.pico-sdk/sdk/2.2.0/src/common/pico_sync/mutex.c.obj
                0x100073e8                runtime_init_mutex
 .text.mutex_init
                0x10007438       0x1c CMakeFiles/platformer.dir/C_/Users/Nickd/.pico-sdk/sdk/2.2.0/src/common/pico_sync/mutex.c.obj
                0x10007438                mutex_init
 .text.critical_section_init
                0x10007454       0x1c CMakeFiles/platformer.dir/C_/Users/Nickd/.pico-sdk/sdk/2.2.0/src/common/pico_sync/critical_section.c.obj
                0x10007454                critical_section_init
 .text.critical_section_init_with_lock_num
                0x10007470       0x14 CMakeFiles/platformer.dir/C_/Users/Nickd/.pico-sdk/sdk/2.2.0/src/common/pico_sync/critical_section.c.obj
                0x10007470                critical_section_init_with_lock_num
 .text.sleep_until_callback
                0x10007484       0x30 CMakeFiles/platformer.dir/C_/Users/Nickd/.pico-sdk/sdk/2.2.0/src/common/pico_time/time.c.obj
 .text.alarm_pool_irq_handler
                0x100074b4      0x300 CMakeFiles/platformer.dir/C_/Users/Nickd/.pico-sdk/sdk/2.2.0/src/common/pico_time/time.c.obj
 .text.runtime_init_default_alarm_pool
                0x100077b4       0xdc CMakeFiles/platformer.dir/C_/Users/Nickd/.pico-sdk/sdk/2.2.0/src/common/pico_time/time.c.obj
                0x100077b4                runtime_init_default_alarm_pool
 .text.alarm_pool_get_default
                0x10007890        0x8 CMakeFiles/platformer.dir/C_/Users/Nickd/.pico-sdk/sdk/2.2.0/src/common/pico_time/time.c.obj
                0x10007890                alarm_pool_get_default
 .text.alarm_pool_add_alarm_at
                0x10007898       0xd0 CMakeFiles/platformer.dir/C_/Users/Nickd/.pico-sdk/sdk/2.2.0/src/common/pico_time/time.c.obj
                0x10007898                alarm_pool_add_alarm_at
 .text.alarm_pool_add_alarm_at_force_in_context
                0x10007968       0xb0 CMakeFiles/platformer.dir/C_/Users/Nickd/.pico-sdk/sdk/2.2.0/src/common/pico_time/time.c.obj
                0x10007968                alarm_pool_add_alarm_at_force_in_context
 .text.alarm_pool_cancel_alarm
                0x10007a18       0x74 CMakeFiles/platformer.dir/C_/Users/Nickd/.pico-sdk/sdk/2.2.0/src/common/pico_time/time.c.obj
                0x10007a18                alarm_pool_cancel_alarm
 .text.alarm_pool_core_num
                0x10007a8c        0x4 CMakeFiles/platformer.dir/C_/Users/Nickd/.pico-sdk/sdk/2.2.0/src/common/pico_time/time.c.obj
                0x10007a8c                alarm_pool_core_num
 .text.sleep_ms
                0x10007a90       0xfc CMakeFiles/platformer.dir/C_/Users/Nickd/.pico-sdk/sdk/2.2.0/src/common/pico_time/time.c.obj
                0x10007a90                sleep_ms
 .text.best_effort_wfe_or_timeout
                0x10007b8c      0x10c CMakeFiles/platformer.dir/C_/Users/Nickd/.pico-sdk/sdk/2.2.0/src/common/pico_time/time.c.obj
                0x10007b8c                best_effort_wfe_or_timeout
 .text.timer_hardware_alarm_claim
                0x10007c98       0x14 CMakeFiles/platformer.dir/C_/Users/Nickd/.pico-sdk/sdk/2.2.0/src/rp2_common/hardware_timer/timer.c.obj
                0x10007c98                timer_hardware_alarm_claim
 .text.timer_time_us_64
                0x10007cac       0x10 CMakeFiles/platformer.dir/C_/Users/Nickd/.pico-sdk/sdk/2.2.0/src/rp2_common/hardware_timer/timer.c.obj
                0x10007cac                timer_time_us_64
 .text.time_us_64
                0x10007cbc       0x14 CMakeFiles/platformer.dir/C_/Users/Nickd/.pico-sdk/sdk/2.2.0/src/rp2_common/hardware_timer/timer.c.obj
                0x10007cbc                time_us_64
 .text.busy_wait_us
                0x10007cd0       0x68 CMakeFiles/platformer.dir/C_/Users/Nickd/.pico-sdk/sdk/2.2.0/src/rp2_common/hardware_timer/timer.c.obj
                0x10007cd0                busy_wait_us
 .text.busy_wait_until
                0x10007d38       0x20 CMakeFiles/platformer.dir/C_/Users/Nickd/.pico-sdk/sdk/2.2.0/src/rp2_common/hardware_timer/timer.c.obj
                0x10007d38                busy_wait_until
 .text.clock_configure_int_divider
                0x10007d58       0xf4 CMakeFiles/platformer.dir/C_/Users/Nickd/.pico-sdk/sdk/2.2.0/src/rp2_common/hardware_clocks/clocks.c.obj
                0x10007d58                clock_configure_int_divider
 .text.clock_configure_undivided
                0x10007e4c       0xe8 CMakeFiles/platformer.dir/C_/Users/Nickd/.pico-sdk/sdk/2.2.0/src/rp2_common/hardware_clocks/clocks.c.obj
                0x10007e4c                clock_configure_undivided
 .text.clock_get_hz
                0x10007f34        0xc CMakeFiles/platformer.dir/C_/Users/Nickd/.pico-sdk/sdk/2.2.0/src/rp2_common/hardware_clocks/clocks.c.obj
                0x10007f34                clock_get_hz
 .text.pll_init
                0x10007f40       0xa4 CMakeFiles/platformer.dir/C_/Users/Nickd/.pico-sdk/sdk/2.2.0/src/rp2_common/hardware_pll/pll.c.obj
                0x10007f40                pll_init
 .text.watchdog_reboot
                0x10007fe4       0x9c CMakeFiles/platformer.dir/C_/Users/Nickd/.pico-sdk/sdk/2.2.0/src/rp2_common/hardware_watchdog/watchdog.c.obj
                0x10007fe4                watchdog_reboot
 .text.tick_start
                0x10008080       0x10 CMakeFiles/platformer.dir/C_/Users/Nickd/.pico-sdk/sdk/2.2.0/src/rp2_common/hardware_ticks/ticks.c.obj
                0x10008080                tick_start
 .text.rom_func_lookup
                0x10008090       0x10 CMakeFiles/platformer.dir/C_/Users/Nickd/.pico-sdk/sdk/2.2.0/src/rp2_common/pico_bootrom/bootrom.c.obj
                0x10008090                rom_func_lookup
 .text.rom_data_lookup
                0x100080a0       0x10 CMakeFiles/platformer.dir/C_/Users/Nickd/.pico-sdk/sdk/2.2.0/src/rp2_common/pico_bootrom/bootrom.c.obj
                0x100080a0                rom_data_lookup
 .text.rom_funcs_lookup
                0x100080b0       0x44 CMakeFiles/platformer.dir/C_/Users/Nickd/.pico-sdk/sdk/2.2.0/src/rp2_common/pico_bootrom/bootrom.c.obj
                0x100080b0                rom_funcs_lookup
 .text.rom_reset_usb_boot_extra
                0x100080f4       0x24 CMakeFiles/platformer.dir/C_/Users/Nickd/.pico-sdk/sdk/2.2.0/src/rp2_common/pico_bootrom/bootrom.c.obj
                0x100080f4                rom_reset_usb_boot_extra
 .text.xosc_init
                0x10008118       0x28 CMakeFiles/platformer.dir/C_/Users/Nickd/.pico-sdk/sdk/2.2.0/src/rp2_common/hardware_xosc/xosc.c.obj
                0x10008118                xosc_init
 .text.first_per_core_initializer
                0x10008140        0x4 CMakeFiles/platformer.dir/C_/Users/Nickd/.pico-sdk/sdk/2.2.0/src/rp2_common/pico_runtime/runtime.c.obj
 .text.hard_assertion_failure
                0x10008144        0xc CMakeFiles/platformer.dir/C_/Users/Nickd/.pico-sdk/sdk/2.2.0/src/rp2_common/pico_runtime/runtime.c.obj
                0x10008144                hard_assertion_failure
 .text.runtime_run_initializers
                0x10008150       0x28 CMakeFiles/platformer.dir/C_/Users/Nickd/.pico-sdk/sdk/2.2.0/src/rp2_common/pico_runtime/runtime.c.obj
                0x10008150                runtime_run_initializers
 .text.runtime_init_early_resets
                0x10008178       0x2c CMakeFiles/platformer.dir/C_/Users/Nickd/.pico-sdk/sdk/2.2.0/src/rp2_common/pico_runtime_init/runtime_init.c.obj
                0x10008178                runtime_init_early_resets
 .text.runtime_init_usb_power_down
                0x100081a4       0x1c CMakeFiles/platformer.dir/C_/Users/Nickd/.pico-sdk/sdk/2.2.0/src/rp2_common/pico_runtime_init/runtime_init.c.obj
                0x100081a4                runtime_init_usb_power_down
 .text.runtime_init_post_clock_resets
                0x100081c0       0x20 CMakeFiles/platformer.dir/C_/Users/Nickd/.pico-sdk/sdk/2.2.0/src/rp2_common/pico_runtime_init/runtime_init.c.obj
                0x100081c0                runtime_init_post_clock_resets
 .text.runtime_init_rp2040_gpio_ie_disable
                0x100081e0       0x14 CMakeFiles/platformer.dir/C_/Users/Nickd/.pico-sdk/sdk/2.2.0/src/rp2_common/pico_runtime_init/runtime_init.c.obj
                0x100081e0                runtime_init_rp2040_gpio_ie_disable
 .text.runtime_init_spin_locks_reset
                0x100081f4        0x8 CMakeFiles/platformer.dir/C_/Users/Nickd/.pico-sdk/sdk/2.2.0/src/rp2_common/pico_runtime_init/runtime_init.c.obj
                0x100081f4                runtime_init_spin_locks_reset
 .text.runtime_init_install_ram_vector_table
                0x100081fc       0xb4 CMakeFiles/platformer.dir/C_/Users/Nickd/.pico-sdk/sdk/2.2.0/src/rp2_common/pico_runtime_init/runtime_init.c.obj
                0x100081fc                runtime_init_install_ram_vector_table
 .text.runtime_init_clocks
                0x100082b0       0xd8 CMakeFiles/platformer.dir/C_/Users/Nickd/.pico-sdk/sdk/2.2.0/src/rp2_common/pico_runtime_init/runtime_init_clocks.c.obj
                0x100082b0                runtime_init_clocks
 .text          0x10008388       0x10 CMakeFiles/platformer.dir/C_/Users/Nickd/.pico-sdk/sdk/2.2.0/src/rp2_common/pico_bit_ops/bit_ops_aeabi.S.obj
 .text.__wrap___aeabi_idiv
                0x10008398       0x50 CMakeFiles/platformer.dir/C_/Users/Nickd/.pico-sdk/sdk/2.2.0/src/rp2_common/pico_divider/divider_hardware.S.obj
                0x10008398                __wrap___aeabi_idivmod
                0x10008398                divmod_s32s32
                0x10008398                div_s32s32
                0x10008398                __wrap___aeabi_idiv
                0x100083a0                divmod_s32s32_unsafe
                0x100083cc                divmod_s32s32_savestate
 .text.__wrap___aeabi_uidiv
                0x100083e8       0x4c CMakeFiles/platformer.dir/C_/Users/Nickd/.pico-sdk/sdk/2.2.0/src/rp2_common/pico_divider/divider_hardware.S.obj
                0x100083e8                __wrap___aeabi_uidiv
                0x100083e8                __wrap___aeabi_uidivmod
                0x100083e8                div_u32u32
                0x100083e8                divmod_u32u32
                0x100083f0                divmod_u32u32_unsafe
                0x10008418                divmod_u32u32_savestate
 .text.__wrap___aeabi_ldiv
                0x10008434      0x424 CMakeFiles/platformer.dir/C_/Users/Nickd/.pico-sdk/sdk/2.2.0/src/rp2_common/pico_divider/divider_hardware.S.obj
                0x10008434                div_s64s64
                0x10008434                divmod_s64s64
                0x10008434                __wrap___aeabi_ldivmod
                0x10008464                divmod_u64u64
                0x10008464                div_u64u64
                0x10008464                __wrap___aeabi_uldivmod
                0x10008474                divmod_u64u64_savestate
                0x10008494                divmod_s64s64_unsafe
                0x1000851c                divmod_u64u64_unsafe
 .text.__wrap___aeabi_darithmetic
                0x10008858       0x80 CMakeFiles/platformer.dir/C_/Users/Nickd/.pico-sdk/sdk/2.2.0/src/rp2_common/pico_double/double_aeabi_rp2040.S.obj
                0x10008858                __wrap___aeabi_drsub
                0x1000885e                __wrap___aeabi_dsub
                0x10008870                __wrap___aeabi_dadd
                0x10008882                __wrap___aeabi_ddiv
                0x100088be                __wrap___aeabi_dmul
 .text.__wrap___aeabi_cdcmple
                0x100088d8       0x6c CMakeFiles/platformer.dir/C_/Users/Nickd/.pico-sdk/sdk/2.2.0/src/rp2_common/pico_double/double_aeabi_rp2040.S.obj
                0x100088d8                __wrap___aeabi_cdrcmple
                0x100088e8                __wrap___aeabi_cdcmpeq
                0x100088e8                __wrap___aeabi_cdcmple
 .text.__wrap___aeabi_dcmpeq
                0x10008944       0x10 CMakeFiles/platformer.dir/C_/Users/Nickd/.pico-sdk/sdk/2.2.0/src/rp2_common/pico_double/double_aeabi_rp2040.S.obj
                0x10008944                __wrap___aeabi_dcmpeq
 .text.__wrap___aeabi_dcmplt
                0x10008954        0xc CMakeFiles/platformer.dir/C_/Users/Nickd/.pico-sdk/sdk/2.2.0/src/rp2_common/pico_double/double_aeabi_rp2040.S.obj
                0x10008954                __wrap___aeabi_dcmplt
 .text.__wrap___aeabi_dcmple
                0x10008960       0x10 CMakeFiles/platformer.dir/C_/Users/Nickd/.pico-sdk/sdk/2.2.0/src/rp2_common/pico_double/double_aeabi_rp2040.S.obj
                0x10008960                __wrap___aeabi_dcmple
 .text.__wrap___aeabi_dcmpge
                0x10008970       0x10 CMakeFiles/platformer.dir/C_/Users/Nickd/.pico-sdk/sdk/2.2.0/src/rp2_common/pico_double/double_aeabi_rp2040.S.obj
                0x10008970                __wrap___aeabi_dcmpge
 .text.__wrap___aeabi_dcmpgt
                0x10008980        0xa CMakeFiles/platformer.dir/C_/Users/Nickd/.pico-sdk/sdk/2.2.0/src/rp2_common/pico_double/double_aeabi_rp2040.S.obj
                0x10008980                __wrap___aeabi_dcmpgt
 .text.__wrap___aeabi_dcmpun
                0x1000898a       0x18 CMakeFiles/platformer.dir/C_/Users/Nickd/.pico-sdk/sdk/2.2.0/src/rp2_common/pico_double/double_aeabi_rp2040.S.obj
                0x1000898a                __wrap___aeabi_dcmpun
 *fill*         0x100089a2        0x2 
 .text.__wrap___aeabi_i2d
                0x100089a4       0x38 CMakeFiles/platformer.dir/C_/Users/Nickd/.pico-sdk/sdk/2.2.0/src/rp2_common/pico_double/double_aeabi_rp2040.S.obj
                0x100089a4                uint2double
                0x100089a4                __wrap___aeabi_ui2d
                0x100089ac                int2double
                0x100089ac                __wrap___aeabi_i2d
 .text.__wrap___aeabi_d2iz
                0x100089dc       0x48 CMakeFiles/platformer.dir/C_/Users/Nickd/.pico-sdk/sdk/2.2.0/src/rp2_common/pico_double/double_aeabi_rp2040.S.obj
                0x100089dc                double2int_z
                0x100089dc                __wrap___aeabi_d2iz
 .text.__wrap___aeabi_d2uiz
                0x10008a24       0x18 CMakeFiles/platformer.dir/C_/Users/Nickd/.pico-sdk/sdk/2.2.0/src/rp2_common/pico_double/double_aeabi_rp2040.S.obj
                0x10008a24                double2uint
                0x10008a24                __wrap___aeabi_d2uiz
                0x10008a24                double2uint_z
 .text.__wrap___aeabi_l2d
                0x10008a3c       0x18 CMakeFiles/platformer.dir/C_/Users/Nickd/.pico-sdk/sdk/2.2.0/src/rp2_common/pico_double/double_aeabi_rp2040.S.obj
                0x10008a3c                int642double
                0x10008a3c                __wrap___aeabi_l2d
 .text.__wrap___aeabi_d2lz
                0x10008a54       0x26 CMakeFiles/platformer.dir/C_/Users/Nickd/.pico-sdk/sdk/2.2.0/src/rp2_common/pico_double/double_aeabi_rp2040.S.obj
                0x10008a54                double2int64_z
                0x10008a54                __wrap___aeabi_d2lz
 *fill*         0x10008a7a        0x2 
 .text.double2int64
                0x10008a7c       0x18 CMakeFiles/platformer.dir/C_/Users/Nickd/.pico-sdk/sdk/2.2.0/src/rp2_common/pico_double/double_aeabi_rp2040.S.obj
                0x10008a7c                double2int64
 .text.double2ufix64
                0x10008a94       0x18 CMakeFiles/platformer.dir/C_/Users/Nickd/.pico-sdk/sdk/2.2.0/src/rp2_common/pico_double/double_aeabi_rp2040.S.obj
                0x10008a94                double2ufix64_z
                0x10008a94                double2ufix64
 .text.__wrap___aeabi_d2f
                0x10008aac       0x18 CMakeFiles/platformer.dir/C_/Users/Nickd/.pico-sdk/sdk/2.2.0/src/rp2_common/pico_double/double_aeabi_rp2040.S.obj
                0x10008aac                __wrap___aeabi_d2f
 .text.__aeabi_double_init
                0x10008ac4       0xa4 CMakeFiles/platformer.dir/C_/Users/Nickd/.pico-sdk/sdk/2.2.0/src/rp2_common/pico_double/double_init_rom_rp2040.c.obj
                0x10008ac4                __aeabi_double_init
 .text.double_table_shim_on_use_helper
                0x10008b68       0x2c CMakeFiles/platformer.dir/C_/Users/Nickd/.pico-sdk/sdk/2.2.0/src/rp2_common/pico_double/double_v1_rom_shim_rp2040.S.obj
                0x10008b68                double_table_shim_on_use_helper
 .text.__wrap___aeabi_dsub
                0x10008b94       0x10 CMakeFiles/platformer.dir/C_/Users/Nickd/.pico-sdk/sdk/2.2.0/src/rp2_common/pico_double/double_v1_rom_shim_rp2040.S.obj
                0x10008b94                drsub_shim
                0x10008b9a                dsub_shim
 .text.dadd_shim
                0x10008ba4      0x15c CMakeFiles/platformer.dir/C_/Users/Nickd/.pico-sdk/sdk/2.2.0/src/rp2_common/pico_double/double_v1_rom_shim_rp2040.S.obj
                0x10008ba4                dadd_shim
 .text.dmul_shim
                0x10008d00      0x15c CMakeFiles/platformer.dir/C_/Users/Nickd/.pico-sdk/sdk/2.2.0/src/rp2_common/pico_double/double_v1_rom_shim_rp2040.S.obj
                0x10008d00                dmul_shim
 .text.ddiv_shim
                0x10008e5c      0x1b0 CMakeFiles/platformer.dir/C_/Users/Nickd/.pico-sdk/sdk/2.2.0/src/rp2_common/pico_double/double_v1_rom_shim_rp2040.S.obj
                0x10008e5c                ddiv_shim
 .text.double2uint_shim
                0x1000900c        0xe CMakeFiles/platformer.dir/C_/Users/Nickd/.pico-sdk/sdk/2.2.0/src/rp2_common/pico_double/double_v1_rom_shim_rp2040.S.obj
                0x1000900c                double2uint_shim
                0x1000900e                double2ufix_shim
 .text.double2int64_shim
                0x1000901a       0x1a CMakeFiles/platformer.dir/C_/Users/Nickd/.pico-sdk/sdk/2.2.0/src/rp2_common/pico_double/double_v1_rom_shim_rp2040.S.obj
                0x1000901a                double2int64_shim
                0x1000901c                double2fix64_shim
 .text.double2uint64_shim
                0x10009034       0x70 CMakeFiles/platformer.dir/C_/Users/Nickd/.pico-sdk/sdk/2.2.0/src/rp2_common/pico_double/double_v1_rom_shim_rp2040.S.obj
                0x10009034                double2uint64_shim
                0x10009036                double2ufix64_shim
                0x10009056                d2fix_a
 .text.double2float_shim
                0x100090a4       0x5c CMakeFiles/platformer.dir/C_/Users/Nickd/.pico-sdk/sdk/2.2.0/src/rp2_common/pico_double/double_v1_rom_shim_rp2040.S.obj
                0x100090a4                double2float_shim
 .text.x2double_shims
                0x10009100       0x90 CMakeFiles/platformer.dir/C_/Users/Nickd/.pico-sdk/sdk/2.2.0/src/rp2_common/pico_double/double_v1_rom_shim_rp2040.S.obj
                0x10009100                uint2double_shim
                0x10009102                ufix2double_shim
                0x10009108                int2double_shim
                0x1000910a                fix2double_shim
                0x10009110                uint642double_shim
                0x10009112                ufix642double_shim
                0x10009118                int642double_shim
                0x1000911a                fix642double_shim
 .text.dunpacks
                0x10009190       0x3c CMakeFiles/platformer.dir/C_/Users/Nickd/.pico-sdk/sdk/2.2.0/src/rp2_common/pico_double/double_v1_rom_shim_rp2040.S.obj
                0x10009190                dunpacks
 .text.__aeabi_lmul
                0x100091cc       0x32 CMakeFiles/platformer.dir/C_/Users/Nickd/.pico-sdk/sdk/2.2.0/src/rp2_common/pico_int64_ops/pico_int64_ops_aeabi.S.obj
                0x100091cc                __wrap___aeabi_lmul
 *fill*         0x100091fe        0x2 
 .text.__wrap___aeabi_farithmetic
                0x10009200       0x48 CMakeFiles/platformer.dir/C_/Users/Nickd/.pico-sdk/sdk/2.2.0/src/rp2_common/pico_float/float_aeabi_rp2040.S.obj
                0x10009200                __wrap___aeabi_frsub
                0x10009206                __wrap___aeabi_fsub
                0x1000920c                __wrap___aeabi_fadd
                0x10009212                __wrap___aeabi_fdiv
                0x1000923a                __wrap___aeabi_fmul
 .text.__wrap___aeabi_cfcmple
                0x10009248       0x50 CMakeFiles/platformer.dir/C_/Users/Nickd/.pico-sdk/sdk/2.2.0/src/rp2_common/pico_float/float_aeabi_rp2040.S.obj
                0x10009248                __wrap___aeabi_cfrcmple
                0x10009254                __wrap___aeabi_cfcmple
                0x10009254                __wrap___aeabi_cfcmpeq
 .text.__wrap___aeabi_fcmplt
                0x10009298        0xc CMakeFiles/platformer.dir/C_/Users/Nickd/.pico-sdk/sdk/2.2.0/src/rp2_common/pico_float/float_aeabi_rp2040.S.obj
                0x10009298                __wrap___aeabi_fcmplt
 .text.__wrap___aeabi_fcmple
                0x100092a4       0x10 CMakeFiles/platformer.dir/C_/Users/Nickd/.pico-sdk/sdk/2.2.0/src/rp2_common/pico_float/float_aeabi_rp2040.S.obj
                0x100092a4                __wrap___aeabi_fcmple
 .text.__wrap___aeabi_fcmpge
                0x100092b4       0x10 CMakeFiles/platformer.dir/C_/Users/Nickd/.pico-sdk/sdk/2.2.0/src/rp2_common/pico_float/float_aeabi_rp2040.S.obj
                0x100092b4                __wrap___aeabi_fcmpge
 .text.__wrap___aeabi_fcmpgt
                0x100092c4        0xa CMakeFiles/platformer.dir/C_/Users/Nickd/.pico-sdk/sdk/2.2.0/src/rp2_common/pico_float/float_aeabi_rp2040.S.obj
                0x100092c4                __wrap___aeabi_fcmpgt
 .text.__wrap___aeabi_ui2f
                0x100092ce        0xa CMakeFiles/platformer.dir/C_/Users/Nickd/.pico-sdk/sdk/2.2.0/src/rp2_common/pico_float/float_aeabi_rp2040.S.obj
                0x100092ce                __wrap___aeabi_ui2f
                0x100092ce                uint2float
 .text.__wrap___aeabi_i2f
                0x100092d8       0x44 CMakeFiles/platformer.dir/C_/Users/Nickd/.pico-sdk/sdk/2.2.0/src/rp2_common/pico_float/float_aeabi_rp2040.S.obj
                0x100092d8                __wrap___aeabi_i2f
                0x100092d8                int2float
 .text.__wrap___aeabi_f2iz
                0x1000931c       0x4e CMakeFiles/platformer.dir/C_/Users/Nickd/.pico-sdk/sdk/2.2.0/src/rp2_common/pico_float/float_aeabi_rp2040.S.obj
                0x1000931c                float2int_z
                0x1000931c                __wrap___aeabi_f2iz
 *fill*         0x1000936a        0x2 
 .text.float2int
                0x1000936c       0x14 CMakeFiles/platformer.dir/C_/Users/Nickd/.pico-sdk/sdk/2.2.0/src/rp2_common/pico_float/float_aeabi_rp2040.S.obj
                0x1000936c                float2int
 .text.__wrap___aeabi_f2uiz
                0x10009380        0xc CMakeFiles/platformer.dir/C_/Users/Nickd/.pico-sdk/sdk/2.2.0/src/rp2_common/pico_float/float_aeabi_rp2040.S.obj
                0x10009380                float2uint_z
                0x10009380                __wrap___aeabi_f2uiz
                0x10009380                float2uint
 .text.__wrap___aeabi_ul2f
                0x1000938c       0x20 CMakeFiles/platformer.dir/C_/Users/Nickd/.pico-sdk/sdk/2.2.0/src/rp2_common/pico_float/float_aeabi_rp2040.S.obj
                0x10009390                uint642float
                0x10009390                __wrap___aeabi_ul2f
 .text.__aeabi_float_init
                0x100093ac       0x64 CMakeFiles/platformer.dir/C_/Users/Nickd/.pico-sdk/sdk/2.2.0/src/rp2_common/pico_float/float_init_rom_rp2040.c.obj
                0x100093ac                __aeabi_float_init
 .text.float_table_shim_on_use_helper
                0x10009410       0x2c CMakeFiles/platformer.dir/C_/Users/Nickd/.pico-sdk/sdk/2.2.0/src/rp2_common/pico_float/float_v1_rom_shim_rp2040.S.obj
                0x10009410                float_table_shim_on_use_helper
 .text.642float_shims
                0x1000943c       0x44 CMakeFiles/platformer.dir/C_/Users/Nickd/.pico-sdk/sdk/2.2.0/src/rp2_common/pico_float/float_v1_rom_shim_rp2040.S.obj
                0x1000943c                uint642float_shim
                0x1000943e                ufix642float_shim
                0x1000944e                int642float_shim
                0x10009450                fix642float_shim
 .text.float232_shims
                0x10009480       0x18 CMakeFiles/platformer.dir/C_/Users/Nickd/.pico-sdk/sdk/2.2.0/src/rp2_common/pico_float/float_v1_rom_shim_rp2040.S.obj
                0x10009480                float2int_shim
                0x10009482                float2fix_shim
 .text.__wrap_malloc
                0x10009498       0x24 CMakeFiles/platformer.dir/C_/Users/Nickd/.pico-sdk/sdk/2.2.0/src/rp2_common/pico_malloc/malloc.c.obj
                0x10009498                __wrap_malloc
 .text.__wrap_realloc
                0x100094bc       0x24 CMakeFiles/platformer.dir/C_/Users/Nickd/.pico-sdk/sdk/2.2.0/src/rp2_common/pico_malloc/malloc.c.obj
                0x100094bc                __wrap_realloc
 .text.__wrap_free
                0x100094e0        0x8 CMakeFiles/platformer.dir/C_/Users/Nickd/.pico-sdk/sdk/2.2.0/src/rp2_common/pico_malloc/malloc.c.obj
                0x100094e0                __wrap_free
 .text          0x100094e8       0x10 CMakeFiles/platformer.dir/C_/Users/Nickd/.pico-sdk/sdk/2.2.0/src/rp2_common/pico_mem_ops/mem_ops_aeabi.S.obj
                0x100094e8                __aeabi_mem_init
 .text.memset   0x100094f8        0xc CMakeFiles/platformer.dir/C_/Users/Nickd/.pico-sdk/sdk/2.2.0/src/rp2_common/pico_mem_ops/mem_ops_aeabi.S.obj
                0x100094f8                __wrap_memset
 .text.memcpy   0x10009504        0xc CMakeFiles/platformer.dir/C_/Users/Nickd/.pico-sdk/sdk/2.2.0/src/rp2_common/pico_mem_ops/mem_ops_aeabi.S.obj
                0x10009504                __wrap_memcpy
                0x10009504                __wrap___aeabi_memcpy
 .text._ZdlPvj  0x10009510        0x8 CMakeFiles/platformer.dir/C_/Users/Nickd/.pico-sdk/sdk/2.2.0/src/rp2_common/pico_cxx_options/new_delete.cpp.obj
                0x10009510                operator delete(void*, unsigned int)
 .text._out_buffer
                0x10009518        0x8 CMakeFiles/platformer.dir/C_/Users/Nickd/.pico-sdk/sdk/2.2.0/src/rp2_common/pico_printf/printf.c.obj
 .text._out_null
                0x10009520        0x4 CMakeFiles/platformer.dir/C_/Users/Nickd/.pico-sdk/sdk/2.2.0/src/rp2_common/pico_printf/printf.c.obj
 .text._out_rev
                0x10009524       0xac CMakeFiles/platformer.dir/C_/Users/Nickd/.pico-sdk/sdk/2.2.0/src/rp2_common/pico_printf/printf.c.obj
 .text._ntoa_format
                0x100095d0      0x1cc CMakeFiles/platformer.dir/C_/Users/Nickd/.pico-sdk/sdk/2.2.0/src/rp2_common/pico_printf/printf.c.obj
 .text._out_char
                0x1000979c       0x10 CMakeFiles/platformer.dir/C_/Users/Nickd/.pico-sdk/sdk/2.2.0/src/rp2_common/pico_printf/printf.c.obj
 .text._out_fct
                0x100097ac       0x10 CMakeFiles/platformer.dir/C_/Users/Nickd/.pico-sdk/sdk/2.2.0/src/rp2_common/pico_printf/printf.c.obj
 .text._ftoa    0x100097bc      0x4a8 CMakeFiles/platformer.dir/C_/Users/Nickd/.pico-sdk/sdk/2.2.0/src/rp2_common/pico_printf/printf.c.obj
 .text._etoa    0x10009c64      0x57c CMakeFiles/platformer.dir/C_/Users/Nickd/.pico-sdk/sdk/2.2.0/src/rp2_common/pico_printf/printf.c.obj
 .text._vsnprintf
                0x1000a1e0      0xbe0 CMakeFiles/platformer.dir/C_/Users/Nickd/.pico-sdk/sdk/2.2.0/src/rp2_common/pico_printf/printf.c.obj
 .text.__wrap_sprintf
                0x1000adc0       0x2c CMakeFiles/platformer.dir/C_/Users/Nickd/.pico-sdk/sdk/2.2.0/src/rp2_common/pico_printf/printf.c.obj
                0x1000adc0                __wrap_sprintf
 .text.__wrap_snprintf
                0x1000adec       0x28 CMakeFiles/platformer.dir/C_/Users/Nickd/.pico-sdk/sdk/2.2.0/src/rp2_common/pico_printf/printf.c.obj
                0x1000adec                __wrap_snprintf
 .text.vfctprintf
                0x1000ae14       0x24 CMakeFiles/platformer.dir/C_/Users/Nickd/.pico-sdk/sdk/2.2.0/src/rp2_common/pico_printf/printf.c.obj
                0x1000ae14                vfctprintf
 .text.weak_raw_printf
                0x1000ae38       0x40 CMakeFiles/platformer.dir/C_/Users/Nickd/.pico-sdk/sdk/2.2.0/src/rp2_common/pico_printf/printf.c.obj
                0x1000ae38                weak_raw_printf
 .text.weak_raw_vprintf
                0x1000ae78       0x30 CMakeFiles/platformer.dir/C_/Users/Nickd/.pico-sdk/sdk/2.2.0/src/rp2_common/pico_printf/printf.c.obj
                0x1000ae78                weak_raw_vprintf
 .text._exit    0x1000aea8        0x4 CMakeFiles/platformer.dir/C_/Users/Nickd/.pico-sdk/sdk/2.2.0/src/rp2_common/pico_clib_interface/newlib_interface.c.obj
                0x1000aea8                _exit
 .text._sbrk    0x1000aeac       0x34 CMakeFiles/platformer.dir/C_/Users/Nickd/.pico-sdk/sdk/2.2.0/src/rp2_common/pico_clib_interface/newlib_interface.c.obj
                0x1000aeac                _sbrk
 .text._read    0x1000aee0       0x24 CMakeFiles/platformer.dir/C_/Users/Nickd/.pico-sdk/sdk/2.2.0/src/rp2_common/pico_clib_interface/newlib_interface.c.obj
                0x1000aee0                _read
 .text._write   0x1000af04       0x24 CMakeFiles/platformer.dir/C_/Users/Nickd/.pico-sdk/sdk/2.2.0/src/rp2_common/pico_clib_interface/newlib_interface.c.obj
                0x1000af04                _write
 .text._open    0x1000af28        0xc CMakeFiles/platformer.dir/C_/Users/Nickd/.pico-sdk/sdk/2.2.0/src/rp2_common/pico_clib_interface/newlib_interface.c.obj
                0x1000af28                _open
 .text._close   0x1000af34        0x8 CMakeFiles/platformer.dir/C_/Users/Nickd/.pico-sdk/sdk/2.2.0/src/rp2_common/pico_clib_interface/newlib_interface.c.obj
                0x1000af34                _close
 .text._lseek   0x1000af3c        0x8 CMakeFiles/platformer.dir/C_/Users/Nickd/.pico-sdk/sdk/2.2.0/src/rp2_common/pico_clib_interface/newlib_interface.c.obj
                0x1000af3c                _lseek
 .text._fstat   0x1000af44        0x8 CMakeFiles/platformer.dir/C_/Users/Nickd/.pico-sdk/sdk/2.2.0/src/rp2_common/pico_clib_interface/newlib_interface.c.obj
                0x1000af44                _fstat
 .text._isatty  0x1000af4c        0xc CMakeFiles/platformer.dir/C_/Users/Nickd/.pico-sdk/sdk/2.2.0/src/rp2_common/pico_clib_interface/newlib_interface.c.obj
                0x1000af4c                _isatty
 .text.exit     0x1000af58        0x8 CMakeFiles/platformer.dir/C_/Users/Nickd/.pico-sdk/sdk/2.2.0/src/rp2_common/pico_clib_interface/newlib_interface.c.obj
                0x1000af58                exit
 .text.__assert_func
                0x1000af60       0x38 CMakeFiles/platformer.dir/C_/Users/Nickd/.pico-sdk/sdk/2.2.0/src/rp2_common/pico_clib_interface/newlib_interface.c.obj
                0x1000af60                __assert_func
 .text.runtime_init
                0x1000af98       0x2c CMakeFiles/platformer.dir/C_/Users/Nickd/.pico-sdk/sdk/2.2.0/src/rp2_common/pico_clib_interface/newlib_interface.c.obj
                0x1000af98                runtime_init
 .text.stdio_out_chars_no_crlf
                0x1000afc4       0x10 CMakeFiles/platformer.dir/C_/Users/Nickd/.pico-sdk/sdk/2.2.0/src/rp2_common/pico_stdio/stdio.c.obj
 .text.stdio_out_chars_crlf
                0x1000afd4       0xb0 CMakeFiles/platformer.dir/C_/Users/Nickd/.pico-sdk/sdk/2.2.0/src/rp2_common/pico_stdio/stdio.c.obj
 .text.stdio_buffered_printer
                0x1000b084       0x64 CMakeFiles/platformer.dir/C_/Users/Nickd/.pico-sdk/sdk/2.2.0/src/rp2_common/pico_stdio/stdio.c.obj
 .text.stdio_put_string
                0x1000b0e8       0xfc CMakeFiles/platformer.dir/C_/Users/Nickd/.pico-sdk/sdk/2.2.0/src/rp2_common/pico_stdio/stdio.c.obj
                0x1000b0e8                stdio_put_string
 .text.stdio_get_until
                0x1000b1e4       0x84 CMakeFiles/platformer.dir/C_/Users/Nickd/.pico-sdk/sdk/2.2.0/src/rp2_common/pico_stdio/stdio.c.obj
                0x1000b1e4                stdio_get_until
 .text.stdio_set_driver_enabled
                0x1000b268       0x30 CMakeFiles/platformer.dir/C_/Users/Nickd/.pico-sdk/sdk/2.2.0/src/rp2_common/pico_stdio/stdio.c.obj
                0x1000b268                stdio_set_driver_enabled
 .text.stdio_init_all
                0x1000b298        0x8 CMakeFiles/platformer.dir/C_/Users/Nickd/.pico-sdk/sdk/2.2.0/src/rp2_common/pico_stdio/stdio.c.obj
                0x1000b298                stdio_init_all
 .text.__wrap_putchar
                0x1000b2a0       0x94 CMakeFiles/platformer.dir/C_/Users/Nickd/.pico-sdk/sdk/2.2.0/src/rp2_common/pico_stdio/stdio.c.obj
                0x1000b2a0                __wrap_putchar
                0x1000b2a0                stdio_putchar
 .text.__wrap_puts
                0x1000b334       0x3c CMakeFiles/platformer.dir/C_/Users/Nickd/.pico-sdk/sdk/2.2.0/src/rp2_common/pico_stdio/stdio.c.obj
                0x1000b334                stdio_puts
                0x1000b334                __wrap_puts
 .text.__wrap_vprintf
                0x1000b370       0xcc CMakeFiles/platformer.dir/C_/Users/Nickd/.pico-sdk/sdk/2.2.0/src/rp2_common/pico_stdio/stdio.c.obj
                0x1000b370                stdio_vprintf
                0x1000b370                __wrap_vprintf
 .text.__wrap_printf
                0x1000b43c       0x18 CMakeFiles/platformer.dir/C_/Users/Nickd/.pico-sdk/sdk/2.2.0/src/rp2_common/pico_stdio/stdio.c.obj
                0x1000b43c                __wrap_printf
                0x1000b43c                stdio_printf
 .text.resetd_init
                0x1000b454        0x4 CMakeFiles/platformer.dir/C_/Users/Nickd/.pico-sdk/sdk/2.2.0/src/rp2_common/pico_stdio_usb/reset_interface.c.obj
 .text.resetd_reset
                0x1000b458        0xc CMakeFiles/platformer.dir/C_/Users/Nickd/.pico-sdk/sdk/2.2.0/src/rp2_common/pico_stdio_usb/reset_interface.c.obj
 .text.resetd_open
                0x1000b464       0x28 CMakeFiles/platformer.dir/C_/Users/Nickd/.pico-sdk/sdk/2.2.0/src/rp2_common/pico_stdio_usb/reset_interface.c.obj
 .text.resetd_xfer_cb
                0x1000b48c        0x4 CMakeFiles/platformer.dir/C_/Users/Nickd/.pico-sdk/sdk/2.2.0/src/rp2_common/pico_stdio_usb/reset_interface.c.obj
 .text.resetd_control_xfer_cb
                0x1000b490       0x54 CMakeFiles/platformer.dir/C_/Users/Nickd/.pico-sdk/sdk/2.2.0/src/rp2_common/pico_stdio_usb/reset_interface.c.obj
 .text.tud_descriptor_bos_cb
                0x1000b4e4        0x8 CMakeFiles/platformer.dir/C_/Users/Nickd/.pico-sdk/sdk/2.2.0/src/rp2_common/pico_stdio_usb/reset_interface.c.obj
                0x1000b4e4                tud_descriptor_bos_cb
 .text.tud_vendor_control_xfer_cb
                0x1000b4ec       0x34 CMakeFiles/platformer.dir/C_/Users/Nickd/.pico-sdk/sdk/2.2.0/src/rp2_common/pico_stdio_usb/reset_interface.c.obj
                0x1000b4ec                tud_vendor_control_xfer_cb
 .text.usbd_app_driver_get_cb
                0x1000b520        0xc CMakeFiles/platformer.dir/C_/Users/Nickd/.pico-sdk/sdk/2.2.0/src/rp2_common/pico_stdio_usb/reset_interface.c.obj
                0x1000b520                usbd_app_driver_get_cb
 .text.tud_cdc_line_coding_cb
                0x1000b52c       0x2c CMakeFiles/platformer.dir/C_/Users/Nickd/.pico-sdk/sdk/2.2.0/src/rp2_common/pico_stdio_usb/reset_interface.c.obj
                0x1000b52c                tud_cdc_line_coding_cb
 .text.stdio_usb_set_chars_available_callback
                0x1000b558       0x14 CMakeFiles/platformer.dir/C_/Users/Nickd/.pico-sdk/sdk/2.2.0/src/rp2_common/pico_stdio_usb/stdio_usb.c.obj
                0x1000b558                stdio_usb_set_chars_available_callback
 .text.usb_irq  0x1000b56c       0x10 CMakeFiles/platformer.dir/C_/Users/Nickd/.pico-sdk/sdk/2.2.0/src/rp2_common/pico_stdio_usb/stdio_usb.c.obj
 .text.timer_task
                0x1000b57c       0x64 CMakeFiles/platformer.dir/C_/Users/Nickd/.pico-sdk/sdk/2.2.0/src/rp2_common/pico_stdio_usb/stdio_usb.c.obj
 .text.stdio_usb_in_chars
                0x1000b5e0       0x8c CMakeFiles/platformer.dir/C_/Users/Nickd/.pico-sdk/sdk/2.2.0/src/rp2_common/pico_stdio_usb/stdio_usb.c.obj
                0x1000b5e0                stdio_usb_in_chars
 .text.stdio_usb_out_flush
                0x1000b66c       0x4c CMakeFiles/platformer.dir/C_/Users/Nickd/.pico-sdk/sdk/2.2.0/src/rp2_common/pico_stdio_usb/stdio_usb.c.obj
 .text.stdio_usb_out_chars
                0x1000b6b8      0x100 CMakeFiles/platformer.dir/C_/Users/Nickd/.pico-sdk/sdk/2.2.0/src/rp2_common/pico_stdio_usb/stdio_usb.c.obj
 .text.low_priority_worker_irq
                0x1000b7b8       0xc8 CMakeFiles/platformer.dir/C_/Users/Nickd/.pico-sdk/sdk/2.2.0/src/rp2_common/pico_stdio_usb/stdio_usb.c.obj
 .text.stdio_usb_init
                0x1000b880       0xe8 CMakeFiles/platformer.dir/C_/Users/Nickd/.pico-sdk/sdk/2.2.0/src/rp2_common/pico_stdio_usb/stdio_usb.c.obj
                0x1000b880                stdio_usb_init
 .text.tud_descriptor_device_cb
                0x1000b968        0x8 CMakeFiles/platformer.dir/C_/Users/Nickd/.pico-sdk/sdk/2.2.0/src/rp2_common/pico_stdio_usb/stdio_usb_descriptors.c.obj
                0x1000b968                tud_descriptor_device_cb
 .text.tud_descriptor_configuration_cb
                0x1000b970        0x8 CMakeFiles/platformer.dir/C_/Users/Nickd/.pico-sdk/sdk/2.2.0/src/rp2_common/pico_stdio_usb/stdio_usb_descriptors.c.obj
                0x1000b970                tud_descriptor_configuration_cb
 .text.tud_descriptor_string_cb
                0x1000b978       0x78 CMakeFiles/platformer.dir/C_/Users/Nickd/.pico-sdk/sdk/2.2.0/src/rp2_common/pico_stdio_usb/stdio_usb_descriptors.c.obj
                0x1000b978                tud_descriptor_string_cb
 .text.startup._retrieve_unique_id_on_boot
                0x1000b9f0       0x10 CMakeFiles/platformer.dir/C_/Users/Nickd/.pico-sdk/sdk/2.2.0/src/rp2_common/pico_unique_id/unique_id.c.obj
 .text.pico_get_unique_board_id_string
                0x1000ba00      0x1a8 CMakeFiles/platformer.dir/C_/Users/Nickd/.pico-sdk/sdk/2.2.0/src/rp2_common/pico_unique_id/unique_id.c.obj
                0x1000ba00                pico_get_unique_board_id_string
 .text.flash_get_unique_id
                0x1000bba8       0x3c CMakeFiles/platformer.dir/C_/Users/Nickd/.pico-sdk/sdk/2.2.0/src/rp2_common/hardware_flash/flash.c.obj
                0x1000bba8                flash_get_unique_id
 .text.dcd_init
                0x1000bbe4       0x90 CMakeFiles/platformer.dir/C_/Users/Nickd/.pico-sdk/sdk/2.2.0/lib/tinyusb/src/portable/raspberrypi/rp2040/dcd_rp2040.c.obj
                0x1000bbe4                dcd_init
 .text.dcd_int_enable
                0x1000bc74        0xc CMakeFiles/platformer.dir/C_/Users/Nickd/.pico-sdk/sdk/2.2.0/lib/tinyusb/src/portable/raspberrypi/rp2040/dcd_rp2040.c.obj
                0x1000bc74                dcd_int_enable
 .text.dcd_set_address
                0x1000bc80       0x14 CMakeFiles/platformer.dir/C_/Users/Nickd/.pico-sdk/sdk/2.2.0/lib/tinyusb/src/portable/raspberrypi/rp2040/dcd_rp2040.c.obj
                0x1000bc80                dcd_set_address
 .text.dcd_sof_enable
                0x1000bc94       0x1c CMakeFiles/platformer.dir/C_/Users/Nickd/.pico-sdk/sdk/2.2.0/lib/tinyusb/src/portable/raspberrypi/rp2040/dcd_rp2040.c.obj
                0x1000bc94                dcd_sof_enable
 .text.dcd_edpt0_status_complete
                0x1000bcb0       0x1c CMakeFiles/platformer.dir/C_/Users/Nickd/.pico-sdk/sdk/2.2.0/lib/tinyusb/src/portable/raspberrypi/rp2040/dcd_rp2040.c.obj
                0x1000bcb0                dcd_edpt0_status_complete
 .text.dcd_edpt_open
                0x1000bccc      0x114 CMakeFiles/platformer.dir/C_/Users/Nickd/.pico-sdk/sdk/2.2.0/lib/tinyusb/src/portable/raspberrypi/rp2040/dcd_rp2040.c.obj
                0x1000bccc                dcd_edpt_open
 .text.dcd_edpt_close_all
                0x1000bde0        0x8 CMakeFiles/platformer.dir/C_/Users/Nickd/.pico-sdk/sdk/2.2.0/lib/tinyusb/src/portable/raspberrypi/rp2040/dcd_rp2040.c.obj
                0x1000bde0                dcd_edpt_close_all
 .text.dcd_edpt_xfer
                0x1000bde8       0x24 CMakeFiles/platformer.dir/C_/Users/Nickd/.pico-sdk/sdk/2.2.0/lib/tinyusb/src/portable/raspberrypi/rp2040/dcd_rp2040.c.obj
                0x1000bde8                dcd_edpt_xfer
 .text.dcd_edpt_stall
                0x1000be0c       0x3c CMakeFiles/platformer.dir/C_/Users/Nickd/.pico-sdk/sdk/2.2.0/lib/tinyusb/src/portable/raspberrypi/rp2040/dcd_rp2040.c.obj
                0x1000be0c                dcd_edpt_stall
 .text.dcd_edpt_clear_stall
                0x1000be48       0x30 CMakeFiles/platformer.dir/C_/Users/Nickd/.pico-sdk/sdk/2.2.0/lib/tinyusb/src/portable/raspberrypi/rp2040/dcd_rp2040.c.obj
                0x1000be48                dcd_edpt_clear_stall
 .text.rp2040_usb_init
                0x1000be78       0x40 CMakeFiles/platformer.dir/C_/Users/Nickd/.pico-sdk/sdk/2.2.0/lib/tinyusb/src/portable/raspberrypi/rp2040/rp2040_usb.c.obj
                0x1000be78                rp2040_usb_init
 .text.hw_endpoint_xfer_start
                0x1000beb8       0x40 CMakeFiles/platformer.dir/C_/Users/Nickd/.pico-sdk/sdk/2.2.0/lib/tinyusb/src/portable/raspberrypi/rp2040/rp2040_usb.c.obj
                0x1000beb8                hw_endpoint_xfer_start
 .text.tud_event_hook_cb
                0x1000bef8        0x4 CMakeFiles/platformer.dir/C_/Users/Nickd/.pico-sdk/sdk/2.2.0/lib/tinyusb/src/device/usbd.c.obj
                0x1000bef8                tud_event_hook_cb
 .text.tud_sof_cb
                0x1000befc        0x4 CMakeFiles/platformer.dir/C_/Users/Nickd/.pico-sdk/sdk/2.2.0/lib/tinyusb/src/device/usbd.c.obj
                0x1000befc                tud_sof_cb
 .text.tud_descriptor_device_qualifier_cb
                0x1000bf00        0x4 CMakeFiles/platformer.dir/C_/Users/Nickd/.pico-sdk/sdk/2.2.0/lib/tinyusb/src/device/usbd.c.obj
                0x1000bf00                tud_descriptor_device_qualifier_cb
 .text.tud_descriptor_other_speed_configuration_cb
                0x1000bf04        0x4 CMakeFiles/platformer.dir/C_/Users/Nickd/.pico-sdk/sdk/2.2.0/lib/tinyusb/src/device/usbd.c.obj
                0x1000bf04                tud_descriptor_other_speed_configuration_cb
 .text.tud_mount_cb
                0x1000bf08        0x4 CMakeFiles/platformer.dir/C_/Users/Nickd/.pico-sdk/sdk/2.2.0/lib/tinyusb/src/device/usbd.c.obj
                0x1000bf08                tud_mount_cb
 .text.tud_umount_cb
                0x1000bf0c        0x4 CMakeFiles/platformer.dir/C_/Users/Nickd/.pico-sdk/sdk/2.2.0/lib/tinyusb/src/device/usbd.c.obj
                0x1000bf0c                tud_umount_cb
 .text.tud_suspend_cb
                0x1000bf10        0x4 CMakeFiles/platformer.dir/C_/Users/Nickd/.pico-sdk/sdk/2.2.0/lib/tinyusb/src/device/usbd.c.obj
                0x1000bf10                tud_suspend_cb
 .text.tud_resume_cb
                0x1000bf14        0x4 CMakeFiles/platformer.dir/C_/Users/Nickd/.pico-sdk/sdk/2.2.0/lib/tinyusb/src/device/usbd.c.obj
                0x1000bf14                tud_resume_cb
 .text.tud_mounted
                0x1000bf18       0x10 CMakeFiles/platformer.dir/C_/Users/Nickd/.pico-sdk/sdk/2.2.0/lib/tinyusb/src/device/usbd.c.obj
                0x1000bf18                tud_mounted
 .text.tud_suspended
                0x1000bf28       0x10 CMakeFiles/platformer.dir/C_/Users/Nickd/.pico-sdk/sdk/2.2.0/lib/tinyusb/src/device/usbd.c.obj
                0x1000bf28                tud_suspended
 .text.tud_rhport_init
                0x1000bf38       0xf4 CMakeFiles/platformer.dir/C_/Users/Nickd/.pico-sdk/sdk/2.2.0/lib/tinyusb/src/device/usbd.c.obj
                0x1000bf38                tud_rhport_init
 .text.tud_task_ext
                0x1000c02c      0x800 CMakeFiles/platformer.dir/C_/Users/Nickd/.pico-sdk/sdk/2.2.0/lib/tinyusb/src/device/usbd.c.obj
                0x1000c02c                tud_task_ext
 .text.usbd_open_edpt_pair
                0x1000c82c       0x9c CMakeFiles/platformer.dir/C_/Users/Nickd/.pico-sdk/sdk/2.2.0/lib/tinyusb/src/device/usbd.c.obj
                0x1000c82c                usbd_open_edpt_pair
 .text.usbd_edpt_open
                0x1000c8c8       0x34 CMakeFiles/platformer.dir/C_/Users/Nickd/.pico-sdk/sdk/2.2.0/lib/tinyusb/src/device/usbd.c.obj
                0x1000c8c8                usbd_edpt_open
 .text.usbd_edpt_claim
                0x1000c8fc       0x28 CMakeFiles/platformer.dir/C_/Users/Nickd/.pico-sdk/sdk/2.2.0/lib/tinyusb/src/device/usbd.c.obj
                0x1000c8fc                usbd_edpt_claim
 .text.usbd_edpt_release
                0x1000c924       0x28 CMakeFiles/platformer.dir/C_/Users/Nickd/.pico-sdk/sdk/2.2.0/lib/tinyusb/src/device/usbd.c.obj
                0x1000c924                usbd_edpt_release
 .text.usbd_edpt_xfer
                0x1000c94c       0x4c CMakeFiles/platformer.dir/C_/Users/Nickd/.pico-sdk/sdk/2.2.0/lib/tinyusb/src/device/usbd.c.obj
                0x1000c94c                usbd_edpt_xfer
 .text.tud_control_status
                0x1000c998       0x2c CMakeFiles/platformer.dir/C_/Users/Nickd/.pico-sdk/sdk/2.2.0/lib/tinyusb/src/device/usbd_control.c.obj
                0x1000c998                tud_control_status
 .text.tud_control_xfer
                0x1000c9c4       0xa8 CMakeFiles/platformer.dir/C_/Users/Nickd/.pico-sdk/sdk/2.2.0/lib/tinyusb/src/device/usbd_control.c.obj
                0x1000c9c4                tud_control_xfer
 .text.usbd_control_reset
                0x1000ca6c       0x14 CMakeFiles/platformer.dir/C_/Users/Nickd/.pico-sdk/sdk/2.2.0/lib/tinyusb/src/device/usbd_control.c.obj
                0x1000ca6c                usbd_control_reset
 .text.usbd_control_set_complete_callback
                0x1000ca80        0xc CMakeFiles/platformer.dir/C_/Users/Nickd/.pico-sdk/sdk/2.2.0/lib/tinyusb/src/device/usbd_control.c.obj
                0x1000ca80                usbd_control_set_complete_callback
 .text.usbd_control_set_request
                0x1000ca8c       0x1c CMakeFiles/platformer.dir/C_/Users/Nickd/.pico-sdk/sdk/2.2.0/lib/tinyusb/src/device/usbd_control.c.obj
                0x1000ca8c                usbd_control_set_request
 .text.usbd_control_xfer_cb
                0x1000caa8       0xec CMakeFiles/platformer.dir/C_/Users/Nickd/.pico-sdk/sdk/2.2.0/lib/tinyusb/src/device/usbd_control.c.obj
                0x1000caa8                usbd_control_xfer_cb
 .text._prep_out_transaction.isra.0
                0x1000cb94       0x6c CMakeFiles/platformer.dir/C_/Users/Nickd/.pico-sdk/sdk/2.2.0/lib/tinyusb/src/class/cdc/cdc_device.c.obj
 .text.tud_cdc_n_connected
                0x1000cc00       0x2c CMakeFiles/platformer.dir/C_/Users/Nickd/.pico-sdk/sdk/2.2.0/lib/tinyusb/src/class/cdc/cdc_device.c.obj
                0x1000cc00                tud_cdc_n_connected
 .text.tud_cdc_n_available
                0x1000cc2c       0x14 CMakeFiles/platformer.dir/C_/Users/Nickd/.pico-sdk/sdk/2.2.0/lib/tinyusb/src/class/cdc/cdc_device.c.obj
                0x1000cc2c                tud_cdc_n_available
 .text.tud_cdc_n_read
                0x1000cc40       0x88 CMakeFiles/platformer.dir/C_/Users/Nickd/.pico-sdk/sdk/2.2.0/lib/tinyusb/src/class/cdc/cdc_device.c.obj
                0x1000cc40                tud_cdc_n_read
 .text.tud_cdc_n_write_flush
                0x1000ccc8       0x74 CMakeFiles/platformer.dir/C_/Users/Nickd/.pico-sdk/sdk/2.2.0/lib/tinyusb/src/class/cdc/cdc_device.c.obj
                0x1000ccc8                tud_cdc_n_write_flush
 .text.tud_cdc_n_write
                0x1000cd3c       0x40 CMakeFiles/platformer.dir/C_/Users/Nickd/.pico-sdk/sdk/2.2.0/lib/tinyusb/src/class/cdc/cdc_device.c.obj
                0x1000cd3c                tud_cdc_n_write
 .text.tud_cdc_n_write_available
                0x1000cd7c       0x14 CMakeFiles/platformer.dir/C_/Users/Nickd/.pico-sdk/sdk/2.2.0/lib/tinyusb/src/class/cdc/cdc_device.c.obj
                0x1000cd7c                tud_cdc_n_write_available
 .text.cdcd_init
                0x1000cd90       0x70 CMakeFiles/platformer.dir/C_/Users/Nickd/.pico-sdk/sdk/2.2.0/lib/tinyusb/src/class/cdc/cdc_device.c.obj
                0x1000cd90                cdcd_init
 .text.cdcd_deinit
                0x1000ce00       0x30 CMakeFiles/platformer.dir/C_/Users/Nickd/.pico-sdk/sdk/2.2.0/lib/tinyusb/src/class/cdc/cdc_device.c.obj
                0x1000ce00                cdcd_deinit
 .text.cdcd_reset
                0x1000ce30       0x4c CMakeFiles/platformer.dir/C_/Users/Nickd/.pico-sdk/sdk/2.2.0/lib/tinyusb/src/class/cdc/cdc_device.c.obj
                0x1000ce30                cdcd_reset
 .text.cdcd_open
                0x1000ce7c       0xa4 CMakeFiles/platformer.dir/C_/Users/Nickd/.pico-sdk/sdk/2.2.0/lib/tinyusb/src/class/cdc/cdc_device.c.obj
                0x1000ce7c                cdcd_open
 .text.cdcd_control_xfer_cb
                0x1000cf20       0xe8 CMakeFiles/platformer.dir/C_/Users/Nickd/.pico-sdk/sdk/2.2.0/lib/tinyusb/src/class/cdc/cdc_device.c.obj
                0x1000cf20                cdcd_control_xfer_cb
 .text.cdcd_xfer_cb
                0x1000d008      0x100 CMakeFiles/platformer.dir/C_/Users/Nickd/.pico-sdk/sdk/2.2.0/lib/tinyusb/src/class/cdc/cdc_device.c.obj
                0x1000d008                cdcd_xfer_cb
 .text.vendord_init
                0x1000d108       0x5c CMakeFiles/platformer.dir/C_/Users/Nickd/.pico-sdk/sdk/2.2.0/lib/tinyusb/src/class/vendor/vendor_device.c.obj
                0x1000d108                vendord_init
 .text.vendord_deinit
                0x1000d164       0x1c CMakeFiles/platformer.dir/C_/Users/Nickd/.pico-sdk/sdk/2.2.0/lib/tinyusb/src/class/vendor/vendor_device.c.obj
                0x1000d164                vendord_deinit
 .text.vendord_reset
                0x1000d180       0x28 CMakeFiles/platformer.dir/C_/Users/Nickd/.pico-sdk/sdk/2.2.0/lib/tinyusb/src/class/vendor/vendor_device.c.obj
                0x1000d180                vendord_reset
 .text.vendord_open
                0x1000d1a8      0x120 CMakeFiles/platformer.dir/C_/Users/Nickd/.pico-sdk/sdk/2.2.0/lib/tinyusb/src/class/vendor/vendor_device.c.obj
                0x1000d1a8                vendord_open
 .text.vendord_xfer_cb
                0x1000d2c8       0x9c CMakeFiles/platformer.dir/C_/Users/Nickd/.pico-sdk/sdk/2.2.0/lib/tinyusb/src/class/vendor/vendor_device.c.obj
                0x1000d2c8                vendord_xfer_cb
 .text.tusb_rhport_init
                0x1000d364       0x4c CMakeFiles/platformer.dir/C_/Users/Nickd/.pico-sdk/sdk/2.2.0/lib/tinyusb/src/tusb.c.obj
                0x1000d364                tusb_rhport_init
 .text.tu_edpt_claim
                0x1000d3b0       0x50 CMakeFiles/platformer.dir/C_/Users/Nickd/.pico-sdk/sdk/2.2.0/lib/tinyusb/src/tusb.c.obj
                0x1000d3b0                tu_edpt_claim
 .text.tu_edpt_release
                0x1000d400       0x38 CMakeFiles/platformer.dir/C_/Users/Nickd/.pico-sdk/sdk/2.2.0/lib/tinyusb/src/tusb.c.obj
                0x1000d400                tu_edpt_release
 .text.tu_edpt_validate
                0x1000d438       0x7c CMakeFiles/platformer.dir/C_/Users/Nickd/.pico-sdk/sdk/2.2.0/lib/tinyusb/src/tusb.c.obj
                0x1000d438                tu_edpt_validate
 .text.tu_edpt_bind_driver
                0x1000d4b4       0x34 CMakeFiles/platformer.dir/C_/Users/Nickd/.pico-sdk/sdk/2.2.0/lib/tinyusb/src/tusb.c.obj
                0x1000d4b4                tu_edpt_bind_driver
 .text.tu_edpt_stream_init
                0x1000d4e8       0x6c CMakeFiles/platformer.dir/C_/Users/Nickd/.pico-sdk/sdk/2.2.0/lib/tinyusb/src/tusb.c.obj
                0x1000d4e8                tu_edpt_stream_init
 .text.tu_edpt_stream_deinit
                0x1000d554        0x4 CMakeFiles/platformer.dir/C_/Users/Nickd/.pico-sdk/sdk/2.2.0/lib/tinyusb/src/tusb.c.obj
                0x1000d554                tu_edpt_stream_deinit
 .text.tu_edpt_stream_write_zlp_if_needed
                0x1000d558       0x68 CMakeFiles/platformer.dir/C_/Users/Nickd/.pico-sdk/sdk/2.2.0/lib/tinyusb/src/tusb.c.obj
                0x1000d558                tu_edpt_stream_write_zlp_if_needed
 .text.tu_edpt_stream_write_xfer
                0x1000d5c0       0x68 CMakeFiles/platformer.dir/C_/Users/Nickd/.pico-sdk/sdk/2.2.0/lib/tinyusb/src/tusb.c.obj
                0x1000d5c0                tu_edpt_stream_write_xfer
 .text.tu_edpt_stream_read_xfer
                0x1000d628       0xd8 CMakeFiles/platformer.dir/C_/Users/Nickd/.pico-sdk/sdk/2.2.0/lib/tinyusb/src/tusb.c.obj
                0x1000d628                tu_edpt_stream_read_xfer
 .text.tu_fifo_config
                0x1000d700       0x6c CMakeFiles/platformer.dir/C_/Users/Nickd/.pico-sdk/sdk/2.2.0/lib/tinyusb/src/common/tusb_fifo.c.obj
                0x1000d700                tu_fifo_config
 .text.tu_fifo_count
                0x1000d76c       0x2c CMakeFiles/platformer.dir/C_/Users/Nickd/.pico-sdk/sdk/2.2.0/lib/tinyusb/src/common/tusb_fifo.c.obj
                0x1000d76c                tu_fifo_count
 .text.tu_fifo_empty
                0x1000d798       0x10 CMakeFiles/platformer.dir/C_/Users/Nickd/.pico-sdk/sdk/2.2.0/lib/tinyusb/src/common/tusb_fifo.c.obj
                0x1000d798                tu_fifo_empty
 .text.tu_fifo_remaining
                0x1000d7a8       0x2c CMakeFiles/platformer.dir/C_/Users/Nickd/.pico-sdk/sdk/2.2.0/lib/tinyusb/src/common/tusb_fifo.c.obj
                0x1000d7a8                tu_fifo_remaining
 .text.tu_fifo_read
                0x1000d7d4       0x9c CMakeFiles/platformer.dir/C_/Users/Nickd/.pico-sdk/sdk/2.2.0/lib/tinyusb/src/common/tusb_fifo.c.obj
                0x1000d7d4                tu_fifo_read
 .text.tu_fifo_read_n
                0x1000d870       0xe8 CMakeFiles/platformer.dir/C_/Users/Nickd/.pico-sdk/sdk/2.2.0/lib/tinyusb/src/common/tusb_fifo.c.obj
                0x1000d870                tu_fifo_read_n
 .text.tu_fifo_write
                0x1000d958       0xa4 CMakeFiles/platformer.dir/C_/Users/Nickd/.pico-sdk/sdk/2.2.0/lib/tinyusb/src/common/tusb_fifo.c.obj
                0x1000d958                tu_fifo_write
 .text.tu_fifo_write_n
                0x1000d9fc      0x178 CMakeFiles/platformer.dir/C_/Users/Nickd/.pico-sdk/sdk/2.2.0/lib/tinyusb/src/common/tusb_fifo.c.obj
                0x1000d9fc                tu_fifo_write_n
 .text.tu_fifo_clear
                0x1000db74       0x40 CMakeFiles/platformer.dir/C_/Users/Nickd/.pico-sdk/sdk/2.2.0/lib/tinyusb/src/common/tusb_fifo.c.obj
                0x1000db74                tu_fifo_clear
 .text.tu_fifo_set_overwritable
                0x1000dbb4       0x48 CMakeFiles/platformer.dir/C_/Users/Nickd/.pico-sdk/sdk/2.2.0/lib/tinyusb/src/common/tusb_fifo.c.obj
                0x1000dbb4                tu_fifo_set_overwritable
 .text.spi_init
                0x1000dbfc      0x13c CMakeFiles/platformer.dir/C_/Users/Nickd/.pico-sdk/sdk/2.2.0/src/rp2_common/hardware_spi/spi.c.obj
                0x1000dbfc                spi_init
 .text.dma_channel_unclaim
                0x1000dd38       0x14 CMakeFiles/platformer.dir/C_/Users/Nickd/.pico-sdk/sdk/2.2.0/src/rp2_common/hardware_dma/dma.c.obj
                0x1000dd38                dma_channel_unclaim
 .text.dma_claim_unused_channel
                0x1000dd4c       0x24 CMakeFiles/platformer.dir/C_/Users/Nickd/.pico-sdk/sdk/2.2.0/src/rp2_common/hardware_dma/dma.c.obj
                0x1000dd4c                dma_claim_unused_channel
 .text._ZN6st77896ST7789C2Ev
                0x1000dd70       0x24 third_party/ST7789_Pico/libst7789_lib.a(st7789.cpp.obj)
                0x1000dd70                st7789::ST7789::ST7789()
                0x1000dd70                st7789::ST7789::ST7789()
 .text._ZN6st77896ST778913setAddrWindowEtttt
                0x1000dd94       0xf4 third_party/ST7789_Pico/libst7789_lib.a(st7789.cpp.obj)
                0x1000dd94                st7789::ST7789::setAddrWindow(unsigned short, unsigned short, unsigned short, unsigned short)
 .text._ZN6st77896ST778911setRotationENS_8RotationE
                0x1000de88       0xa8 third_party/ST7789_Pico/libst7789_lib.a(st7789.cpp.obj)
                0x1000de88                st7789::ST7789::setRotation(st7789::Rotation)
 .text._ZN6st77896ST778912drawImageDMAEssssPKt
                0x1000df30       0xa4 third_party/ST7789_Pico/libst7789_lib.a(st7789.cpp.obj)
                0x1000df30                st7789::ST7789::drawImageDMA(short, short, short, short, unsigned short const*)
 .text._ZN6st77896ST778911fillRectDMAEsssst
                0x1000dfd4       0xb8 third_party/ST7789_Pico/libst7789_lib.a(st7789.cpp.obj)
                0x1000dfd4                st7789::ST7789::fillRectDMA(short, short, short, short, unsigned short)
 .text._ZN6st77896ST778917initializeDisplayEv
                0x1000e08c      0x1dc third_party/ST7789_Pico/libst7789_lib.a(st7789.cpp.obj)
                0x1000e08c                st7789::ST7789::initializeDisplay()
 .text._ZN6st77896ST77895beginERKNS_6ConfigE
                0x1000e268       0x34 third_party/ST7789_Pico/libst7789_lib.a(st7789.cpp.obj)
                0x1000e268                st7789::ST7789::begin(st7789::Config const&)
 .text._ZN6st77896ST7789D2Ev
                0x1000e29c       0x1c third_party/ST7789_Pico/libst7789_lib.a(st7789.cpp.obj)
                0x1000e29c                st7789::ST7789::~ST7789()
                0x1000e29c                st7789::ST7789::~ST7789()
 .text._ZN6st77896ST7789D0Ev
                0x1000e2b8       0x24 third_party/ST7789_Pico/libst7789_lib.a(st7789.cpp.obj)
                0x1000e2b8                st7789::ST7789::~ST7789()
 .text._ZN6st778920dma_complete_handlerEv
                0x1000e2dc       0x28 third_party/ST7789_Pico/libst7789_lib.a(st7789_hal.cpp.obj)
                0x1000e2dc                st7789::dma_complete_handler()
 .text._ZN6st77893HALD2Ev
                0x1000e304       0x54 third_party/ST7789_Pico/libst7789_lib.a(st7789_hal.cpp.obj)
                0x1000e304                st7789::HAL::~HAL()
                0x1000e304                st7789::HAL::~HAL()
 .text._ZN6st77893HALD0Ev
                0x1000e358       0x5c third_party/ST7789_Pico/libst7789_lib.a(st7789_hal.cpp.obj)
                0x1000e358                st7789::HAL::~HAL()
 .text._ZN6st77893HALC2Ev
                0x1000e3b4       0x50 third_party/ST7789_Pico/libst7789_lib.a(st7789_hal.cpp.obj)
                0x1000e3b4                st7789::HAL::HAL()
                0x1000e3b4                st7789::HAL::HAL()
 .text._ZN6st77893HAL7initDmaEv
                0x1000e404       0xcc third_party/ST7789_Pico/libst7789_lib.a(st7789_hal.cpp.obj)
                0x1000e404                st7789::HAL::initDma()
 .text._ZN6st77893HAL4initERKNS_6ConfigE
                0x1000e4d0       0xa8 third_party/ST7789_Pico/libst7789_lib.a(st7789_hal.cpp.obj)
                0x1000e4d0                st7789::HAL::init(st7789::Config const&)
 .text._ZN6st77893HAL12writeCommandEh
                0x1000e578       0x38 third_party/ST7789_Pico/libst7789_lib.a(st7789_hal.cpp.obj)
                0x1000e578                st7789::HAL::writeCommand(unsigned char)
 .text._ZN6st77893HAL9writeDataEh
                0x1000e5b0       0x38 third_party/ST7789_Pico/libst7789_lib.a(st7789_hal.cpp.obj)
                0x1000e5b0                st7789::HAL::writeData(unsigned char)
 .text._ZN6st77893HAL13writeDataBulkEPKhj
                0x1000e5e8       0x2c third_party/ST7789_Pico/libst7789_lib.a(st7789_hal.cpp.obj)
                0x1000e5e8                st7789::HAL::writeDataBulk(unsigned char const*, unsigned int)
 .text._ZN6st77893HAL12writeDataDmaEPKtj
                0x1000e614      0x23c third_party/ST7789_Pico/libst7789_lib.a(st7789_hal.cpp.obj)
                0x1000e614                st7789::HAL::writeDataDma(unsigned short const*, unsigned int)
 .text._ZN6st77893HAL22writeDataDmaSolidColorEtj
                0x1000e850      0x2b4 third_party/ST7789_Pico/libst7789_lib.a(st7789_hal.cpp.obj)
                0x1000e850                st7789::HAL::writeDataDmaSolidColor(unsigned short, unsigned int)
 .text._ZN6st77893HAL5resetEv
                0x1000eb04       0x28 third_party/ST7789_Pico/libst7789_lib.a(st7789_hal.cpp.obj)
                0x1000eb04                st7789::HAL::reset()
 .text._ZN6st77893HAL12setBacklightEb
                0x1000eb2c       0x18 third_party/ST7789_Pico/libst7789_lib.a(st7789_hal.cpp.obj)
                0x1000eb2c                st7789::HAL::setBacklight(bool)
 .text._ZN6st77893HAL5delayEm
                0x1000eb44        0xc third_party/ST7789_Pico/libst7789_lib.a(st7789_hal.cpp.obj)
                0x1000eb44                st7789::HAL::delay(unsigned long)
 .text._ZN6st77898GraphicsD2Ev
                0x1000eb50        0x4 third_party/ST7789_Pico/libst7789_lib.a(st7789_gfx.cpp.obj)
                0x1000eb50                st7789::Graphics::~Graphics()
                0x1000eb50                st7789::Graphics::~Graphics()
 .text._ZN6st77898GraphicsD0Ev
                0x1000eb54       0x10 third_party/ST7789_Pico/libst7789_lib.a(st7789_gfx.cpp.obj)
                0x1000eb54                st7789::Graphics::~Graphics()
 .text._ZN6st77898Graphics8fillRectEsssst.part.0
                0x1000eb64       0x68 third_party/ST7789_Pico/libst7789_lib.a(st7789_gfx.cpp.obj)
 .text._ZN6st77898GraphicsC2EPNS_6ST7789E
                0x1000ebcc        0xc third_party/ST7789_Pico/libst7789_lib.a(st7789_gfx.cpp.obj)
                0x1000ebcc                st7789::Graphics::Graphics(st7789::ST7789*)
                0x1000ebcc                st7789::Graphics::Graphics(st7789::ST7789*)
 .text._ZN6st77898Graphics9drawPixelEsst
                0x1000ebd8       0x2c third_party/ST7789_Pico/libst7789_lib.a(st7789_gfx.cpp.obj)
                0x1000ebd8                st7789::Graphics::drawPixel(short, short, unsigned short)
 .text._ZN6st77898Graphics8fillRectEsssst
                0x1000ec04       0x24 third_party/ST7789_Pico/libst7789_lib.a(st7789_gfx.cpp.obj)
                0x1000ec04                st7789::Graphics::fillRect(short, short, short, short, unsigned short)
 .text.atoi     0x1000ec28        0xc C:/Users/Nickd/.pico-sdk/toolchain/14_2_Rel1/bin/../lib/gcc/arm-none-eabi/14.2.1/thumb/v6-m/nofp\libg.a(libc_a-atoi.o)
                0x1000ec28                atoi
 .text._calloc_r
                0x1000ec34       0xa8 C:/Users/Nickd/.pico-sdk/toolchain/14_2_Rel1/bin/../lib/gcc/arm-none-eabi/14.2.1/thumb/v6-m/nofp\libg.a(libc_a-callocr.o)
                0x1000ec34                _calloc_r
 .text.malloc   0x1000ecdc       0x14 C:/Users/Nickd/.pico-sdk/toolchain/14_2_Rel1/bin/../lib/gcc/arm-none-eabi/14.2.1/thumb/v6-m/nofp\libg.a(libc_a-malloc.o)
                0x1000ecdc                malloc
 .text.free     0x1000ecf0       0x14 C:/Users/Nickd/.pico-sdk/toolchain/14_2_Rel1/bin/../lib/gcc/arm-none-eabi/14.2.1/thumb/v6-m/nofp\libg.a(libc_a-malloc.o)
                0x1000ecf0                free
 .text._malloc_r
                0x1000ed04      0x5cc C:/Users/Nickd/.pico-sdk/toolchain/14_2_Rel1/bin/../lib/gcc/arm-none-eabi/14.2.1/thumb/v6-m/nofp\libg.a(libc_a-mallocr.o)
                0x1000ed04                _malloc_r
 .text.__malloc_lock
                0x1000f2d0       0x10 C:/Users/Nickd/.pico-sdk/toolchain/14_2_Rel1/bin/../lib/gcc/arm-none-eabi/14.2.1/thumb/v6-m/nofp\libg.a(libc_a-mlock.o)
                0x1000f2d0                __malloc_lock
 .text.__malloc_unlock
                0x1000f2e0       0x10 C:/Users/Nickd/.pico-sdk/toolchain/14_2_Rel1/bin/../lib/gcc/arm-none-eabi/14.2.1/thumb/v6-m/nofp\libg.a(libc_a-mlock.o)
                0x1000f2e0                __malloc_unlock
 .text.realloc  0x1000f2f0       0x18 C:/Users/Nickd/.pico-sdk/toolchain/14_2_Rel1/bin/../lib/gcc/arm-none-eabi/14.2.1/thumb/v6-m/nofp\libg.a(libc_a-realloc.o)
                0x1000f2f0                realloc
 .text._realloc_r
                0x1000f308      0x350 C:/Users/Nickd/.pico-sdk/toolchain/14_2_Rel1/bin/../lib/gcc/arm-none-eabi/14.2.1/thumb/v6-m/nofp\libg.a(libc_a-reallocr.o)
                0x1000f308                _realloc_r
 .text._strtol_l.isra.0
                0x1000f658      0x158 C:/Users/Nickd/.pico-sdk/toolchain/14_2_Rel1/bin/../lib/gcc/arm-none-eabi/14.2.1/thumb/v6-m/nofp\libg.a(libc_a-strtol.o)
 .text._strtol_r
                0x1000f7b0        0x8 C:/Users/Nickd/.pico-sdk/toolchain/14_2_Rel1/bin/../lib/gcc/arm-none-eabi/14.2.1/thumb/v6-m/nofp\libg.a(libc_a-strtol.o)
                0x1000f7b0                _strtol_r
 .text.strtol   0x1000f7b8       0x18 C:/Users/Nickd/.pico-sdk/toolchain/14_2_Rel1/bin/../lib/gcc/arm-none-eabi/14.2.1/thumb/v6-m/nofp\libg.a(libc_a-strtol.o)
                0x1000f7b8                strtol
 .text._fclose_r
                0x1000f7d0       0xcc C:/Users/Nickd/.pico-sdk/toolchain/14_2_Rel1/bin/../lib/gcc/arm-none-eabi/14.2.1/thumb/v6-m/nofp\libg.a(libc_a-fclose.o)
                0x1000f7d0                _fclose_r
 .text.fclose   0x1000f89c       0x14 C:/Users/Nickd/.pico-sdk/toolchain/14_2_Rel1/bin/../lib/gcc/arm-none-eabi/14.2.1/thumb/v6-m/nofp\libg.a(libc_a-fclose.o)
                0x1000f89c                fclose
 .text.__sflush_r